Archive member included to satisfy reference by file (symbol)

D:\SourceTree\Maduino_Zero_SIM800C\Maduino_Zero_SIM800C_HTTP_POST\Output\Arduino_Zero__Native_USB_Port_\Debug/core\core.a(cortex_handlers.c.o)
                              (Reset_Handler)
D:\SourceTree\Maduino_Zero_SIM800C\Maduino_Zero_SIM800C_HTTP_POST\Output\Arduino_Zero__Native_USB_Port_\Debug/core\core.a(delay.c.o)
                              D:\SourceTree\Maduino_Zero_SIM800C\Maduino_Zero_SIM800C_HTTP_POST\Output\Arduino_Zero__Native_USB_Port_\Debug\sketch\Maduino_Zero_SIM800C_HTTP_POST.ino.cpp.o (millis)
D:\SourceTree\Maduino_Zero_SIM800C\Maduino_Zero_SIM800C_HTTP_POST\Output\Arduino_Zero__Native_USB_Port_\Debug/core\core.a(hooks.c.o)
                              D:\SourceTree\Maduino_Zero_SIM800C\Maduino_Zero_SIM800C_HTTP_POST\Output\Arduino_Zero__Native_USB_Port_\Debug/core\core.a(delay.c.o) (yield)
D:\SourceTree\Maduino_Zero_SIM800C\Maduino_Zero_SIM800C_HTTP_POST\Output\Arduino_Zero__Native_USB_Port_\Debug/core\core.a(startup.c.o)
                              D:\SourceTree\Maduino_Zero_SIM800C\Maduino_Zero_SIM800C_HTTP_POST\Output\Arduino_Zero__Native_USB_Port_\Debug/core\core.a(cortex_handlers.c.o) (SystemInit)
D:\SourceTree\Maduino_Zero_SIM800C\Maduino_Zero_SIM800C_HTTP_POST\Output\Arduino_Zero__Native_USB_Port_\Debug/core\core.a(wiring.c.o)
                              D:\SourceTree\Maduino_Zero_SIM800C\Maduino_Zero_SIM800C_HTTP_POST\Output\Arduino_Zero__Native_USB_Port_\Debug/core\core.a(startup.c.o) (SystemCoreClock)
D:\SourceTree\Maduino_Zero_SIM800C\Maduino_Zero_SIM800C_HTTP_POST\Output\Arduino_Zero__Native_USB_Port_\Debug/core\core.a(wiring_analog.c.o)
                              D:\SourceTree\Maduino_Zero_SIM800C\Maduino_Zero_SIM800C_HTTP_POST\Output\Arduino_Zero__Native_USB_Port_\Debug/core\core.a(wiring.c.o) (analogReference)
D:\SourceTree\Maduino_Zero_SIM800C\Maduino_Zero_SIM800C_HTTP_POST\Output\Arduino_Zero__Native_USB_Port_\Debug/core\core.a(wiring_digital.c.o)
                              D:\SourceTree\Maduino_Zero_SIM800C\Maduino_Zero_SIM800C_HTTP_POST\Output\Arduino_Zero__Native_USB_Port_\Debug\sketch\Maduino_Zero_SIM800C_HTTP_POST.ino.cpp.o (pinMode)
D:\SourceTree\Maduino_Zero_SIM800C\Maduino_Zero_SIM800C_HTTP_POST\Output\Arduino_Zero__Native_USB_Port_\Debug/core\core.a(wiring_private.c.o)
                              D:\SourceTree\Maduino_Zero_SIM800C\Maduino_Zero_SIM800C_HTTP_POST\Output\Arduino_Zero__Native_USB_Port_\Debug/core\core.a(wiring_analog.c.o) (pinPeripheral)
D:\SourceTree\Maduino_Zero_SIM800C\Maduino_Zero_SIM800C_HTTP_POST\Output\Arduino_Zero__Native_USB_Port_\Debug/core\core.a(Reset.cpp.o)
                              D:\SourceTree\Maduino_Zero_SIM800C\Maduino_Zero_SIM800C_HTTP_POST\Output\Arduino_Zero__Native_USB_Port_\Debug/core\core.a(delay.c.o) (tickReset)
D:\SourceTree\Maduino_Zero_SIM800C\Maduino_Zero_SIM800C_HTTP_POST\Output\Arduino_Zero__Native_USB_Port_\Debug/core\core.a(SERCOM.cpp.o)
                              D:\SourceTree\Maduino_Zero_SIM800C\Maduino_Zero_SIM800C_HTTP_POST\Output\Arduino_Zero__Native_USB_Port_\Debug\core\variant.cpp.o (SERCOM::SERCOM(Sercom*))
D:\SourceTree\Maduino_Zero_SIM800C\Maduino_Zero_SIM800C_HTTP_POST\Output\Arduino_Zero__Native_USB_Port_\Debug/core\core.a(CDC.cpp.o)
                              D:\SourceTree\Maduino_Zero_SIM800C\Maduino_Zero_SIM800C_HTTP_POST\Output\Arduino_Zero__Native_USB_Port_\Debug\sketch\Maduino_Zero_SIM800C_HTTP_POST.ino.cpp.o (Serial_::begin(unsigned long))
D:\SourceTree\Maduino_Zero_SIM800C\Maduino_Zero_SIM800C_HTTP_POST\Output\Arduino_Zero__Native_USB_Port_\Debug/core\core.a(USBCore.cpp.o)
                              D:\SourceTree\Maduino_Zero_SIM800C\Maduino_Zero_SIM800C_HTTP_POST\Output\Arduino_Zero__Native_USB_Port_\Debug/core\core.a(CDC.cpp.o) (usbd)
D:\SourceTree\Maduino_Zero_SIM800C\Maduino_Zero_SIM800C_HTTP_POST\Output\Arduino_Zero__Native_USB_Port_\Debug/core\core.a(Uart.cpp.o)
                              D:\SourceTree\Maduino_Zero_SIM800C\Maduino_Zero_SIM800C_HTTP_POST\Output\Arduino_Zero__Native_USB_Port_\Debug\sketch\Maduino_Zero_SIM800C_HTTP_POST.ino.cpp.o (Uart::begin(unsigned long))
D:\SourceTree\Maduino_Zero_SIM800C\Maduino_Zero_SIM800C_HTTP_POST\Output\Arduino_Zero__Native_USB_Port_\Debug/core\core.a(WMath.cpp.o)
                              D:\SourceTree\Maduino_Zero_SIM800C\Maduino_Zero_SIM800C_HTTP_POST\Output\Arduino_Zero__Native_USB_Port_\Debug\sketch\Maduino_Zero_SIM800C_HTTP_POST.ino.cpp.o (randomSeed(unsigned long))
D:\SourceTree\Maduino_Zero_SIM800C\Maduino_Zero_SIM800C_HTTP_POST\Output\Arduino_Zero__Native_USB_Port_\Debug/core\core.a(PluggableUSB.cpp.o)
                              D:\SourceTree\Maduino_Zero_SIM800C\Maduino_Zero_SIM800C_HTTP_POST\Output\Arduino_Zero__Native_USB_Port_\Debug/core\core.a(USBCore.cpp.o) (arduino::PluggableUSB_::getInterface(unsigned char*))
[...]
Memory Configuration

Name             Origin             Length             Attributes
FLASH            0x00002000         0x0003e000         xr
RAM              0x20000000         0x00008000         xrw
*default*        0x00000000         0xffffffff

Linker script and memory map

LOAD c:/users/adam/appdata/local/arduino15/packages/arduino/tools/arm-none-eabi-gcc/7-2017q4/bin/../lib/gcc/arm-none-eabi/7.2.1/thumb/v6-m/crti.o
LOAD c:/users/adam/appdata/local/arduino15/packages/arduino/tools/arm-none-eabi-gcc/7-2017q4/bin/../lib/gcc/arm-none-eabi/7.2.1/thumb/v6-m/crtbegin.o
LOAD c:/users/adam/appdata/local/arduino15/packages/arduino/tools/arm-none-eabi-gcc/7-2017q4/bin/../lib/gcc/arm-none-eabi/7.2.1/../../../../arm-none-eabi/lib/thumb/v6-m/crt0.o
LOAD D:\SourceTree\Maduino_Zero_SIM800C\Maduino_Zero_SIM800C_HTTP_POST\Output\Arduino_Zero__Native_USB_Port_\Debug\sketch\Maduino_Zero_SIM800C_HTTP_POST.ino.cpp.o
LOAD D:\SourceTree\Maduino_Zero_SIM800C\Maduino_Zero_SIM800C_HTTP_POST\Output\Arduino_Zero__Native_USB_Port_\Debug\core\variant.cpp.o
START GROUP
LOAD C:\Users\adam\AppData\Local\Arduino15\packages\arduino\tools\CMSIS\4.5.0/CMSIS/Lib/GCC/\libarm_cortexM0l_math.a
LOAD D:\SourceTree\Maduino_Zero_SIM800C\Maduino_Zero_SIM800C_HTTP_POST\Output\Arduino_Zero__Native_USB_Port_\Debug/core\core.a
END GROUP
LOAD c:/users/adam/appdata/local/arduino15/packages/arduino/tools/arm-none-eabi-gcc/7-2017q4/bin/../lib/gcc/arm-none-eabi/7.2.1/../../../../arm-none-eabi/lib/thumb/v6-m\libstdc++_nano.a
LOAD c:/users/adam/appdata/local/arduino15/packages/arduino/tools/arm-none-eabi-gcc/7-2017q4/bin/../lib/gcc/arm-none-eabi/7.2.1/../../../../arm-none-eabi/lib/thumb/v6-m\libm.a
START GROUP
LOAD c:/users/adam/appdata/local/arduino15/packages/arduino/tools/arm-none-eabi-gcc/7-2017q4/bin/../lib/gcc/arm-none-eabi/7.2.1/thumb/v6-m\libgcc.a
LOAD c:/users/adam/appdata/local/arduino15/packages/arduino/tools/arm-none-eabi-gcc/7-2017q4/bin/../lib/gcc/arm-none-eabi/7.2.1/../../../../arm-none-eabi/lib/thumb/v6-m\libc_nano.a
END GROUP
START GROUP
LOAD c:/users/adam/appdata/local/arduino15/packages/arduino/tools/arm-none-eabi-gcc/7-2017q4/bin/../lib/gcc/arm-none-eabi/7.2.1/thumb/v6-m\libgcc.a
LOAD c:/users/adam/appdata/local/arduino15/packages/arduino/tools/arm-none-eabi-gcc/7-2017q4/bin/../lib/gcc/arm-none-eabi/7.2.1/../../../../arm-none-eabi/lib/thumb/v6-m\libc_nano.a
LOAD c:/users/adam/appdata/local/arduino15/packages/arduino/tools/arm-none-eabi-gcc/7-2017q4/bin/../lib/gcc/arm-none-eabi/7.2.1/../../../../arm-none-eabi/lib/thumb/v6-m\libnosys.a
END GROUP
START GROUP
LOAD c:/users/adam/appdata/local/arduino15/packages/arduino/tools/arm-none-eabi-gcc/7-2017q4/bin/../lib/gcc/arm-none-eabi/7.2.1/thumb/v6-m\libgcc.a
LOAD c:/users/adam/appdata/local/arduino15/packages/arduino/tools/arm-none-eabi-gcc/7-2017q4/bin/../lib/gcc/arm-none-eabi/7.2.1/../../../../arm-none-eabi/lib/thumb/v6-m\libc_nano.a
LOAD c:/users/adam/appdata/local/arduino15/packages/arduino/tools/arm-none-eabi-gcc/7-2017q4/bin/../lib/gcc/arm-none-eabi/7.2.1/../../../../arm-none-eabi/lib/thumb/v6-m\libnosys.a
END GROUP
LOAD c:/users/adam/appdata/local/arduino15/packages/arduino/tools/arm-none-eabi-gcc/7-2017q4/bin/../lib/gcc/arm-none-eabi/7.2.1/thumb/v6-m/crtend.o
LOAD c:/users/adam/appdata/local/arduino15/packages/arduino/tools/arm-none-eabi-gcc/7-2017q4/bin/../lib/gcc/arm-none-eabi/7.2.1/thumb/v6-m/crtn.o

.text           0x00002000     0x881c
                0x00002000                __text_start__ = .
 *(.sketch_boot)
                0x00002000                . = ALIGN (0x2000)
 *(.isr_vector)
 .isr_vector    0x00002000       0xb4 D:\SourceTree\Maduino_Zero_SIM800C\Maduino_Zero_SIM800C_HTTP_POST\Output\Arduino_Zero__Native_USB_Port_\Debug/core\core.a(cortex_handlers.c.o)
                0x00002000                exception_table
 *(.text*)
 .text          0x000020b4       0x48 c:/users/adam/appdata/local/arduino15/packages/arduino/tools/arm-none-eabi-gcc/7-2017q4/bin/../lib/gcc/arm-none-eabi/7.2.1/thumb/v6-m/crtbegin.o
 .text._Z18Modem_clear_bufferv
                0x000020fc       0x20 D:\SourceTree\Maduino_Zero_SIM800C\Maduino_Zero_SIM800C_HTTP_POST\Output\Arduino_Zero__Native_USB_Port_\Debug\sketch\Maduino_Zero_SIM800C_HTTP_POST.ino.cpp.o
                0x000020fc                Modem_clear_buffer()
 .text._Z21Modem_Power_Down_Faili
                0x0000211c       0x40 D:\SourceTree\Maduino_Zero_SIM800C\Maduino_Zero_SIM800C_HTTP_POST\Output\Arduino_Zero__Native_USB_Port_\Debug\sketch\Maduino_Zero_SIM800C_HTTP_POST.ino.cpp.o
                0x0000211c                Modem_Power_Down_Fail(int)
 .text._Z17Modem_Reset_Pulsev
                0x0000215c       0x28 D:\SourceTree\Maduino_Zero_SIM800C\Maduino_Zero_SIM800C_HTTP_POST\Output\Arduino_Zero__Native_USB_Port_\Debug\sketch\Maduino_Zero_SIM800C_HTTP_POST.ino.cpp.o
                0x0000215c                Modem_Reset_Pulse()
 .text._Z21Modem_getcommand_prefN7arduino6StringE
                0x00002184       0x68 D:\SourceTree\Maduino_Zero_SIM800C\Maduino_Zero_SIM800C_HTTP_POST\Output\Arduino_Zero__Native_USB_Port_\Debug\sketch\Maduino_Zero_SIM800C_HTTP_POST.ino.cpp.o
                0x00002184                Modem_getcommand_pref(arduino::String)
 .text._Z24Get_HTTP_Readings_Stringv
                0x000021ec      0x3a8 D:\SourceTree\Maduino_Zero_SIM800C\Maduino_Zero_SIM800C_HTTP_POST\Output\Arduino_Zero__Native_USB_Port_\Debug\sketch\Maduino_Zero_SIM800C_HTTP_POST.ino.cpp.o
                0x000021ec                Get_HTTP_Readings_String()
 .text.startup._GLOBAL__sub_I__IO_POWER_KEY
                0x00002594       0xfc D:\SourceTree\Maduino_Zero_SIM800C\Maduino_Zero_SIM800C_HTTP_POST\Output\Arduino_Zero__Native_USB_Port_\Debug\sketch\Maduino_Zero_SIM800C_HTTP_POST.ino.cpp.o
 .text._Z14Modem_sendDataN7arduino6StringEib
                0x00002690      0x114 D:\SourceTree\Maduino_Zero_SIM800C\Maduino_Zero_SIM800C_HTTP_POST\Output\Arduino_Zero__Native_USB_Port_\Debug\sketch\Maduino_Zero_SIM800C_HTTP_POST.ino.cpp.o
                0x00002690                Modem_sendData(arduino::String, int, bool)
 .text._Z10Modem_Initv
                0x000027a4      0x2bc D:\SourceTree\Maduino_Zero_SIM800C\Maduino_Zero_SIM800C_HTTP_POST\Output\Arduino_Zero__Native_USB_Port_\Debug\sketch\Maduino_Zero_SIM800C_HTTP_POST.ino.cpp.o
                0x000027a4                Modem_Init()
 .text.loop     0x00002a60      0x234 D:\SourceTree\Maduino_Zero_SIM800C\Maduino_Zero_SIM800C_HTTP_POST\Output\Arduino_Zero__Native_USB_Port_\Debug\sketch\Maduino_Zero_SIM800C_HTTP_POST.ino.cpp.o
                0x00002a60                loop
 .text.setup    0x00002c94       0x6c D:\SourceTree\Maduino_Zero_SIM800C\Maduino_Zero_SIM800C_HTTP_POST\Output\Arduino_Zero__Native_USB_Port_\Debug\sketch\Maduino_Zero_SIM800C_HTTP_POST.ino.cpp.o
                0x00002c94                setup
 .text.SERCOM0_Handler
                0x00002d00       0x10 D:\SourceTree\Maduino_Zero_SIM800C\Maduino_Zero_SIM800C_HTTP_POST\Output\Arduino_Zero__Native_USB_Port_\Debug\core\variant.cpp.o
                0x00002d00                SERCOM0_Handler
 .text.SERCOM5_Handler
                0x00002d10       0x10 D:\SourceTree\Maduino_Zero_SIM800C\Maduino_Zero_SIM800C_HTTP_POST\Output\Arduino_Zero__Native_USB_Port_\Debug\core\variant.cpp.o
                0x00002d10                SERCOM5_Handler
 .text.startup._GLOBAL__sub_I_g_APinDescription
                0x00002d20       0x94 D:\SourceTree\Maduino_Zero_SIM800C\Maduino_Zero_SIM800C_HTTP_POST\Output\Arduino_Zero__Native_USB_Port_\Debug\core\variant.cpp.o
 .text.Dummy_Handler
                0x00002db4        0x2 D:\SourceTree\Maduino_Zero_SIM800C\Maduino_Zero_SIM800C_HTTP_POST\Output\Arduino_Zero__Native_USB_Port_\Debug/core\core.a(cortex_handlers.c.o)
                0x00002db4                DMAC_Handler
                0x00002db4                HardFault_Handler
                0x00002db4                AC_Handler
                0x00002db4                PendSV_Handler
                0x00002db4                NMI_Handler
                0x00002db4                TC7_Handler
                0x00002db4                SERCOM1_Handler
                0x00002db4                ADC_Handler
                0x00002db4                TCC1_Handler
                0x00002db4                SERCOM2_Handler
                0x00002db4                TCC0_Handler
                0x00002db4                RTC_Handler
                0x00002db4                EIC_Handler
                0x00002db4                TC6_Handler
                0x00002db4                WDT_Handler
                0x00002db4                TC4_Handler
                0x00002db4                TC3_Handler
                0x00002db4                Dummy_Handler
                0x00002db4                PM_Handler
                0x00002db4                SVC_Handler
                0x00002db4                TCC2_Handler
                0x00002db4                EVSYS_Handler
                0x00002db4                SERCOM3_Handler
                0x00002db4                SERCOM4_Handler
                0x00002db4                I2S_Handler
                0x00002db4                NVMCTRL_Handler
                0x00002db4                DAC_Handler
                0x00002db4                PTC_Handler
                0x00002db4                SYSCTRL_Handler
 *fill*         0x00002db6        0x2 
 .text.USB_Handler
                0x00002db8       0x14 D:\SourceTree\Maduino_Zero_SIM800C\Maduino_Zero_SIM800C_HTTP_POST\Output\Arduino_Zero__Native_USB_Port_\Debug/core\core.a(cortex_handlers.c.o)
                0x00002db8                USB_Handler
 .text.Reset_Handler
                0x00002dcc       0x54 D:\SourceTree\Maduino_Zero_SIM800C\Maduino_Zero_SIM800C_HTTP_POST\Output\Arduino_Zero__Native_USB_Port_\Debug/core\core.a(cortex_handlers.c.o)
                0x00002dcc                Reset_Handler
 .text.SysTick_Handler
                0x00002e20       0x10 D:\SourceTree\Maduino_Zero_SIM800C\Maduino_Zero_SIM800C_HTTP_POST\Output\Arduino_Zero__Native_USB_Port_\Debug/core\core.a(cortex_handlers.c.o)
                0x00002e20                SysTick_Handler
 .text.USB_SetHandler
                0x00002e30        0xc D:\SourceTree\Maduino_Zero_SIM800C\Maduino_Zero_SIM800C_HTTP_POST\Output\Arduino_Zero__Native_USB_Port_\Debug/core\core.a(cortex_handlers.c.o)
                0x00002e30                USB_SetHandler
 .text.millis   0x00002e3c        0xc D:\SourceTree\Maduino_Zero_SIM800C\Maduino_Zero_SIM800C_HTTP_POST\Output\Arduino_Zero__Native_USB_Port_\Debug/core\core.a(delay.c.o)
                0x00002e3c                millis
 .text.micros   0x00002e48       0x60 D:\SourceTree\Maduino_Zero_SIM800C\Maduino_Zero_SIM800C_HTTP_POST\Output\Arduino_Zero__Native_USB_Port_\Debug/core\core.a(delay.c.o)
                0x00002e48                micros
 .text.delay    0x00002ea8       0x30 D:\SourceTree\Maduino_Zero_SIM800C\Maduino_Zero_SIM800C_HTTP_POST\Output\Arduino_Zero__Native_USB_Port_\Debug/core\core.a(delay.c.o)
                0x00002ea8                delay
 .text.resetExternalChip
                0x00002ed8        0x2 D:\SourceTree\Maduino_Zero_SIM800C\Maduino_Zero_SIM800C_HTTP_POST\Output\Arduino_Zero__Native_USB_Port_\Debug/core\core.a(delay.c.o)
                0x00002ed8                resetExternalChip
 *fill*         0x00002eda        0x2 
 .text.SysTick_DefaultHandler
                0x00002edc       0x14 D:\SourceTree\Maduino_Zero_SIM800C\Maduino_Zero_SIM800C_HTTP_POST\Output\Arduino_Zero__Native_USB_Port_\Debug/core\core.a(delay.c.o)
                0x00002edc                SysTick_DefaultHandler
 .text.__empty  0x00002ef0        0x2 D:\SourceTree\Maduino_Zero_SIM800C\Maduino_Zero_SIM800C_HTTP_POST\Output\Arduino_Zero__Native_USB_Port_\Debug/core\core.a(hooks.c.o)
                0x00002ef0                yield
 .text.__false  0x00002ef2        0x4 D:\SourceTree\Maduino_Zero_SIM800C\Maduino_Zero_SIM800C_HTTP_POST\Output\Arduino_Zero__Native_USB_Port_\Debug/core\core.a(hooks.c.o)
                0x00002ef2                sysTickHook
 *fill*         0x00002ef6        0x2 
 .text.SystemInit
                0x00002ef8      0x160 D:\SourceTree\Maduino_Zero_SIM800C\Maduino_Zero_SIM800C_HTTP_POST\Output\Arduino_Zero__Native_USB_Port_\Debug/core\core.a(startup.c.o)
                0x00002ef8                SystemInit
 .text.init     0x00003058       0xf0 D:\SourceTree\Maduino_Zero_SIM800C\Maduino_Zero_SIM800C_HTTP_POST\Output\Arduino_Zero__Native_USB_Port_\Debug/core\core.a(wiring.c.o)
                0x00003058                init
 .text.mapResolution
                0x00003148       0x12 D:\SourceTree\Maduino_Zero_SIM800C\Maduino_Zero_SIM800C_HTTP_POST\Output\Arduino_Zero__Native_USB_Port_\Debug/core\core.a(wiring_analog.c.o)
 *fill*         0x0000315a        0x2 
 .text.analogReference
                0x0000315c       0x64 D:\SourceTree\Maduino_Zero_SIM800C\Maduino_Zero_SIM800C_HTTP_POST\Output\Arduino_Zero__Native_USB_Port_\Debug/core\core.a(wiring_analog.c.o)
                0x0000315c                analogReference
 .text.analogRead
                0x000031c0       0xdc D:\SourceTree\Maduino_Zero_SIM800C\Maduino_Zero_SIM800C_HTTP_POST\Output\Arduino_Zero__Native_USB_Port_\Debug/core\core.a(wiring_analog.c.o)
                0x000031c0                analogRead
 .text.pinMode  0x0000329c       0x98 D:\SourceTree\Maduino_Zero_SIM800C\Maduino_Zero_SIM800C_HTTP_POST\Output\Arduino_Zero__Native_USB_Port_\Debug/core\core.a(wiring_digital.c.o)
                0x0000329c                pinMode
 .text.digitalWrite
                0x00003334       0x58 D:\SourceTree\Maduino_Zero_SIM800C\Maduino_Zero_SIM800C_HTTP_POST\Output\Arduino_Zero__Native_USB_Port_\Debug/core\core.a(wiring_digital.c.o)
                0x00003334                digitalWrite
 .text.pinPeripheral
                0x0000338c       0xc0 D:\SourceTree\Maduino_Zero_SIM800C\Maduino_Zero_SIM800C_HTTP_POST\Output\Arduino_Zero__Native_USB_Port_\Debug/core\core.a(wiring_private.c.o)
                0x0000338c                pinPeripheral
 .text.initiateReset
                0x0000344c       0x14 D:\SourceTree\Maduino_Zero_SIM800C\Maduino_Zero_SIM800C_HTTP_POST\Output\Arduino_Zero__Native_USB_Port_\Debug/core\core.a(Reset.cpp.o)
                0x0000344c                initiateReset
 .text.cancelReset
                0x00003460       0x10 D:\SourceTree\Maduino_Zero_SIM800C\Maduino_Zero_SIM800C_HTTP_POST\Output\Arduino_Zero__Native_USB_Port_\Debug/core\core.a(Reset.cpp.o)
                0x00003460                cancelReset
 .text.tickReset
                0x00003470       0x78 D:\SourceTree\Maduino_Zero_SIM800C\Maduino_Zero_SIM800C_HTTP_POST\Output\Arduino_Zero__Native_USB_Port_\Debug/core\core.a(Reset.cpp.o)
                0x00003470                tickReset
 .text._ZN6SERCOMC2EP6Sercom
                0x000034e8        0x4 D:\SourceTree\Maduino_Zero_SIM800C\Maduino_Zero_SIM800C_HTTP_POST\Output\Arduino_Zero__Native_USB_Port_\Debug/core\core.a(SERCOM.cpp.o)
                0x000034e8                SERCOM::SERCOM(Sercom*)
                0x000034e8                SERCOM::SERCOM(Sercom*)
 .text._ZN6SERCOM9initFrameE18SercomUartCharSize15SercomDataOrder16SercomParityMode19SercomNumberStopBit
                0x000034ec       0x3a D:\SourceTree\Maduino_Zero_SIM800C\Maduino_Zero_SIM800C_HTTP_POST\Output\Arduino_Zero__Native_USB_Port_\Debug/core\core.a(SERCOM.cpp.o)
                0x000034ec                SERCOM::initFrame(SercomUartCharSize, SercomDataOrder, SercomParityMode, SercomNumberStopBit)
 .text._ZN6SERCOM8initPadsE15SercomUartTXPad11SercomRXPad
                0x00003526       0x26 D:\SourceTree\Maduino_Zero_SIM800C\Maduino_Zero_SIM800C_HTTP_POST\Output\Arduino_Zero__Native_USB_Port_\Debug/core\core.a(SERCOM.cpp.o)
                0x00003526                SERCOM::initPads(SercomUartTXPad, SercomRXPad)
 .text._ZN6SERCOM9resetUARTEv
                0x0000354c       0x1a D:\SourceTree\Maduino_Zero_SIM800C\Maduino_Zero_SIM800C_HTTP_POST\Output\Arduino_Zero__Native_USB_Port_\Debug/core\core.a(SERCOM.cpp.o)
                0x0000354c                SERCOM::resetUART()
 .text._ZN6SERCOM10enableUARTEv
                0x00003566       0x14 D:\SourceTree\Maduino_Zero_SIM800C\Maduino_Zero_SIM800C_HTTP_POST\Output\Arduino_Zero__Native_USB_Port_\Debug/core\core.a(SERCOM.cpp.o)
                0x00003566                SERCOM::enableUART()
 .text._ZN6SERCOM9flushUARTEv
                0x0000357a        0xa D:\SourceTree\Maduino_Zero_SIM800C\Maduino_Zero_SIM800C_HTTP_POST\Output\Arduino_Zero__Native_USB_Port_\Debug/core\core.a(SERCOM.cpp.o)
                0x0000357a                SERCOM::flushUART()
 .text._ZN6SERCOM15clearStatusUARTEv
                0x00003584        0x8 D:\SourceTree\Maduino_Zero_SIM800C\Maduino_Zero_SIM800C_HTTP_POST\Output\Arduino_Zero__Native_USB_Port_\Debug/core\core.a(SERCOM.cpp.o)
                0x00003584                SERCOM::clearStatusUART()
 .text._ZN6SERCOM17availableDataUARTEv
                0x0000358c        0xa D:\SourceTree\Maduino_Zero_SIM800C\Maduino_Zero_SIM800C_HTTP_POST\Output\Arduino_Zero__Native_USB_Port_\Debug/core\core.a(SERCOM.cpp.o)
                0x0000358c                SERCOM::availableDataUART()
 .text._ZN6SERCOM11isUARTErrorEv
                0x00003596        0x8 D:\SourceTree\Maduino_Zero_SIM800C\Maduino_Zero_SIM800C_HTTP_POST\Output\Arduino_Zero__Native_USB_Port_\Debug/core\core.a(SERCOM.cpp.o)
                0x00003596                SERCOM::isUARTError()
 .text._ZN6SERCOM20acknowledgeUARTErrorEv
                0x0000359e        0xe D:\SourceTree\Maduino_Zero_SIM800C\Maduino_Zero_SIM800C_HTTP_POST\Output\Arduino_Zero__Native_USB_Port_\Debug/core\core.a(SERCOM.cpp.o)
                0x0000359e                SERCOM::acknowledgeUARTError()
 .text._ZN6SERCOM16isFrameErrorUARTEv
                0x000035ac        0xa D:\SourceTree\Maduino_Zero_SIM800C\Maduino_Zero_SIM800C_HTTP_POST\Output\Arduino_Zero__Native_USB_Port_\Debug/core\core.a(SERCOM.cpp.o)
                0x000035ac                SERCOM::isFrameErrorUART()
 .text._ZN6SERCOM19clearFrameErrorUARTEv
                0x000035b6        0xc D:\SourceTree\Maduino_Zero_SIM800C\Maduino_Zero_SIM800C_HTTP_POST\Output\Arduino_Zero__Native_USB_Port_\Debug/core\core.a(SERCOM.cpp.o)
                0x000035b6                SERCOM::clearFrameErrorUART()
 .text._ZN6SERCOM23isDataRegisterEmptyUARTEv
                0x000035c2        0xa D:\SourceTree\Maduino_Zero_SIM800C\Maduino_Zero_SIM800C_HTTP_POST\Output\Arduino_Zero__Native_USB_Port_\Debug/core\core.a(SERCOM.cpp.o)
                0x000035c2                SERCOM::isDataRegisterEmptyUART()
 .text._ZN6SERCOM12readDataUARTEv
                0x000035cc        0x8 D:\SourceTree\Maduino_Zero_SIM800C\Maduino_Zero_SIM800C_HTTP_POST\Output\Arduino_Zero__Native_USB_Port_\Debug/core\core.a(SERCOM.cpp.o)
                0x000035cc                SERCOM::readDataUART()
 .text._ZN6SERCOM13writeDataUARTEh
                0x000035d4       0x10 D:\SourceTree\Maduino_Zero_SIM800C\Maduino_Zero_SIM800C_HTTP_POST\Output\Arduino_Zero__Native_USB_Port_\Debug/core\core.a(SERCOM.cpp.o)
                0x000035d4                SERCOM::writeDataUART(unsigned char)
 .text._ZN6SERCOM36enableDataRegisterEmptyInterruptUARTEv
                0x000035e4        0x8 D:\SourceTree\Maduino_Zero_SIM800C\Maduino_Zero_SIM800C_HTTP_POST\Output\Arduino_Zero__Native_USB_Port_\Debug/core\core.a(SERCOM.cpp.o)
                0x000035e4                SERCOM::enableDataRegisterEmptyInterruptUART()
 .text._ZN6SERCOM37disableDataRegisterEmptyInterruptUARTEv
                0x000035ec        0x8 D:\SourceTree\Maduino_Zero_SIM800C\Maduino_Zero_SIM800C_HTTP_POST\Output\Arduino_Zero__Native_USB_Port_\Debug/core\core.a(SERCOM.cpp.o)
                0x000035ec                SERCOM::disableDataRegisterEmptyInterruptUART()
 .text._ZN6SERCOM13initClockNVICEv
                0x000035f4       0xa8 D:\SourceTree\Maduino_Zero_SIM800C\Maduino_Zero_SIM800C_HTTP_POST\Output\Arduino_Zero__Native_USB_Port_\Debug/core\core.a(SERCOM.cpp.o)
                0x000035f4                SERCOM::initClockNVIC()
 .text._ZN6SERCOM8initUARTE14SercomUartMode20SercomUartSampleRatem
                0x0000369c       0x6c D:\SourceTree\Maduino_Zero_SIM800C\Maduino_Zero_SIM800C_HTTP_POST\Output\Arduino_Zero__Native_USB_Port_\Debug/core\core.a(SERCOM.cpp.o)
                0x0000369c                SERCOM::initUART(SercomUartMode, SercomUartSampleRate, unsigned long)
 .text._ZN7Serial_13getDescriptorERN7arduino8USBSetupE
                0x00003708        0x4 D:\SourceTree\Maduino_Zero_SIM800C\Maduino_Zero_SIM800C_HTTP_POST\Output\Arduino_Zero__Native_USB_Port_\Debug/core\core.a(CDC.cpp.o)
                0x00003708                Serial_::getDescriptor(arduino::USBSetup&)
 .text._ZL5utox8mPc
                0x0000370c       0x24 D:\SourceTree\Maduino_Zero_SIM800C\Maduino_Zero_SIM800C_HTTP_POST\Output\Arduino_Zero__Native_USB_Port_\Debug/core\core.a(CDC.cpp.o)
 .text._ZN7Serial_12getShortNameEPc
                0x00003730       0x44 D:\SourceTree\Maduino_Zero_SIM800C\Maduino_Zero_SIM800C_HTTP_POST\Output\Arduino_Zero__Native_USB_Port_\Debug/core\core.a(CDC.cpp.o)
                0x00003730                Serial_::getShortName(char*)
 .text._ZThn16_N7Serial_12getShortNameEPc
                0x00003774       0x10 D:\SourceTree\Maduino_Zero_SIM800C\Maduino_Zero_SIM800C_HTTP_POST\Output\Arduino_Zero__Native_USB_Port_\Debug/core\core.a(CDC.cpp.o)
                0x00003774                non-virtual thunk to Serial_::getShortName(char*)
 .text._ZN7Serial_17availableForWriteEv
                0x00003784        0x4 D:\SourceTree\Maduino_Zero_SIM800C\Maduino_Zero_SIM800C_HTTP_POST\Output\Arduino_Zero__Native_USB_Port_\Debug/core\core.a(CDC.cpp.o)
                0x00003784                Serial_::availableForWrite()
 .text._ZN7Serial_5writeEh
                0x00003788       0x14 D:\SourceTree\Maduino_Zero_SIM800C\Maduino_Zero_SIM800C_HTTP_POST\Output\Arduino_Zero__Native_USB_Port_\Debug/core\core.a(CDC.cpp.o)
                0x00003788                Serial_::write(unsigned char)
 .text._ZN7Serial_12getInterfaceEPh
                0x0000379c      0x11c D:\SourceTree\Maduino_Zero_SIM800C\Maduino_Zero_SIM800C_HTTP_POST\Output\Arduino_Zero__Native_USB_Port_\Debug/core\core.a(CDC.cpp.o)
                0x0000379c                Serial_::getInterface(unsigned char*)
 .text._ZThn16_N7Serial_12getInterfaceEPh
                0x000038b8       0x10 D:\SourceTree\Maduino_Zero_SIM800C\Maduino_Zero_SIM800C_HTTP_POST\Output\Arduino_Zero__Native_USB_Port_\Debug/core\core.a(CDC.cpp.o)
                0x000038b8                non-virtual thunk to Serial_::getInterface(unsigned char*)
 .text._ZN7Serial_5setupERN7arduino8USBSetupE
                0x000038c8       0x98 D:\SourceTree\Maduino_Zero_SIM800C\Maduino_Zero_SIM800C_HTTP_POST\Output\Arduino_Zero__Native_USB_Port_\Debug/core\core.a(CDC.cpp.o)
                0x000038c8                Serial_::setup(arduino::USBSetup&)
 .text._ZThn16_N7Serial_5setupERN7arduino8USBSetupE
                0x00003960       0x10 D:\SourceTree\Maduino_Zero_SIM800C\Maduino_Zero_SIM800C_HTTP_POST\Output\Arduino_Zero__Native_USB_Port_\Debug/core\core.a(CDC.cpp.o)
                0x00003960                non-virtual thunk to Serial_::setup(arduino::USBSetup&)
 .text._ZN7Serial_9availableEv
                0x00003970       0x20 D:\SourceTree\Maduino_Zero_SIM800C\Maduino_Zero_SIM800C_HTTP_POST\Output\Arduino_Zero__Native_USB_Port_\Debug/core\core.a(CDC.cpp.o)
                0x00003970                Serial_::available()
 .text._ZN7Serial_5flushEv
                0x00003990        0xe D:\SourceTree\Maduino_Zero_SIM800C\Maduino_Zero_SIM800C_HTTP_POST\Output\Arduino_Zero__Native_USB_Port_\Debug/core\core.a(CDC.cpp.o)
                0x00003990                Serial_::flush()
 .text._ZN7Serial_5clearEv
                0x0000399e        0xe D:\SourceTree\Maduino_Zero_SIM800C\Maduino_Zero_SIM800C_HTTP_POST\Output\Arduino_Zero__Native_USB_Port_\Debug/core\core.a(CDC.cpp.o)
                0x0000399e                Serial_::clear()
 .text._ZN7Serial_5writeEPKhj
                0x000039ac       0x1e D:\SourceTree\Maduino_Zero_SIM800C\Maduino_Zero_SIM800C_HTTP_POST\Output\Arduino_Zero__Native_USB_Port_\Debug/core\core.a(CDC.cpp.o)
                0x000039ac                Serial_::write(unsigned char const*, unsigned int)
 *fill*         0x000039ca        0x2 
 .text._ZN7Serial_4peekEv
                0x000039cc       0x1c D:\SourceTree\Maduino_Zero_SIM800C\Maduino_Zero_SIM800C_HTTP_POST\Output\Arduino_Zero__Native_USB_Port_\Debug/core\core.a(CDC.cpp.o)
                0x000039cc                Serial_::peek()
 .text._ZN7Serial_4readEv
                0x000039e8       0x24 D:\SourceTree\Maduino_Zero_SIM800C\Maduino_Zero_SIM800C_HTTP_POST\Output\Arduino_Zero__Native_USB_Port_\Debug/core\core.a(CDC.cpp.o)
                0x000039e8                Serial_::read()
 .text._ZThn16_N7Serial_13getDescriptorERN7arduino8USBSetupE
                0x00003a0c        0x4 D:\SourceTree\Maduino_Zero_SIM800C\Maduino_Zero_SIM800C_HTTP_POST\Output\Arduino_Zero__Native_USB_Port_\Debug/core\core.a(CDC.cpp.o)
                0x00003a0c                non-virtual thunk to Serial_::getDescriptor(arduino::USBSetup&)
 .text._ZN7Serial_14handleEndpointEi
                0x00003a10        0x2 D:\SourceTree\Maduino_Zero_SIM800C\Maduino_Zero_SIM800C_HTTP_POST\Output\Arduino_Zero__Native_USB_Port_\Debug/core\core.a(CDC.cpp.o)
                0x00003a10                Serial_::handleEndpoint(int)
 *fill*         0x00003a12        0x2 
 .text._ZN7Serial_C2ER14USBDeviceClass
                0x00003a14       0x50 D:\SourceTree\Maduino_Zero_SIM800C\Maduino_Zero_SIM800C_HTTP_POST\Output\Arduino_Zero__Native_USB_Port_\Debug/core\core.a(CDC.cpp.o)
                0x00003a14                Serial_::Serial_(USBDeviceClass&)
                0x00003a14                Serial_::Serial_(USBDeviceClass&)
 .text._ZN7Serial_15enableInterruptEv
                0x00003a64       0x30 D:\SourceTree\Maduino_Zero_SIM800C\Maduino_Zero_SIM800C_HTTP_POST\Output\Arduino_Zero__Native_USB_Port_\Debug/core\core.a(CDC.cpp.o)
                0x00003a64                Serial_::enableInterrupt()
 .text._ZN7Serial_5beginEm
                0x00003a94        0x2 D:\SourceTree\Maduino_Zero_SIM800C\Maduino_Zero_SIM800C_HTTP_POST\Output\Arduino_Zero__Native_USB_Port_\Debug/core\core.a(CDC.cpp.o)
                0x00003a94                Serial_::begin(unsigned long)
 *fill*         0x00003a96        0x2 
 .text._ZN7Serial_cvbEv
                0x00003a98       0x28 D:\SourceTree\Maduino_Zero_SIM800C\Maduino_Zero_SIM800C_HTTP_POST\Output\Arduino_Zero__Native_USB_Port_\Debug/core\core.a(CDC.cpp.o)
                0x00003a98                Serial_::operator bool()
 .text.startup._GLOBAL__sub_I__ZN7Serial_12getInterfaceEPh
                0x00003ac0       0x14 D:\SourceTree\Maduino_Zero_SIM800C\Maduino_Zero_SIM800C_HTTP_POST\Output\Arduino_Zero__Native_USB_Port_\Debug/core\core.a(CDC.cpp.o)
 .text._ZN26DoubleBufferedEPOutHandlerD2Ev
                0x00003ad4        0x2 D:\SourceTree\Maduino_Zero_SIM800C\Maduino_Zero_SIM800C_HTTP_POST\Output\Arduino_Zero__Native_USB_Port_\Debug/core\core.a(USBCore.cpp.o)
                0x00003ad4                DoubleBufferedEPOutHandler::~DoubleBufferedEPOutHandler()
                0x00003ad4                DoubleBufferedEPOutHandler::~DoubleBufferedEPOutHandler()
 .text._ZN26DoubleBufferedEPOutHandlerD0Ev
                0x00003ad6        0xc D:\SourceTree\Maduino_Zero_SIM800C\Maduino_Zero_SIM800C_HTTP_POST\Output\Arduino_Zero__Native_USB_Port_\Debug/core\core.a(USBCore.cpp.o)
                0x00003ad6                DoubleBufferedEPOutHandler::~DoubleBufferedEPOutHandler()
 *fill*         0x00003ae2        0x2 
 .text._ZN14USBDeviceClass6initEPEmm.part.7
                0x00003ae4       0xc4 D:\SourceTree\Maduino_Zero_SIM800C\Maduino_Zero_SIM800C_HTTP_POST\Output\Arduino_Zero__Native_USB_Port_\Debug/core\core.a(USBCore.cpp.o)
 .text._ZN7__GuardC2Ev
                0x00003ba8        0xe D:\SourceTree\Maduino_Zero_SIM800C\Maduino_Zero_SIM800C_HTTP_POST\Output\Arduino_Zero__Native_USB_Port_\Debug/core\core.a(USBCore.cpp.o)
                0x00003ba8                __Guard::__Guard()
                0x00003ba8                __Guard::__Guard()
 .text._ZN7__GuardD2Ev
                0x00003bb6        0xe D:\SourceTree\Maduino_Zero_SIM800C\Maduino_Zero_SIM800C_HTTP_POST\Output\Arduino_Zero__Native_USB_Port_\Debug/core\core.a(USBCore.cpp.o)
                0x00003bb6                __Guard::~__Guard()
                0x00003bb6                __Guard::~__Guard()
 .text._ZNK26DoubleBufferedEPOutHandler10_availableEv
                0x00003bc4       0x70 D:\SourceTree\Maduino_Zero_SIM800C\Maduino_Zero_SIM800C_HTTP_POST\Output\Arduino_Zero__Native_USB_Port_\Debug/core\core.a(USBCore.cpp.o)
                0x00003bc4                DoubleBufferedEPOutHandler::_available() const
 .text._ZN26DoubleBufferedEPOutHandler7releaseEv
                0x00003c34       0x38 D:\SourceTree\Maduino_Zero_SIM800C\Maduino_Zero_SIM800C_HTTP_POST\Output\Arduino_Zero__Native_USB_Port_\Debug/core\core.a(USBCore.cpp.o)
                0x00003c34                DoubleBufferedEPOutHandler::release()
 .text._ZN26DoubleBufferedEPOutHandler14handleEndpointEv
                0x00003c6c       0xe2 D:\SourceTree\Maduino_Zero_SIM800C\Maduino_Zero_SIM800C_HTTP_POST\Output\Arduino_Zero__Native_USB_Port_\Debug/core\core.a(USBCore.cpp.o)
                0x00003c6c                DoubleBufferedEPOutHandler::handleEndpoint()
 .text._ZN14USBDeviceClass14SendInterfacesEPm
                0x00003d4e       0x20 D:\SourceTree\Maduino_Zero_SIM800C\Maduino_Zero_SIM800C_HTTP_POST\Output\Arduino_Zero__Native_USB_Port_\Debug/core\core.a(USBCore.cpp.o)
                0x00003d4e                USBDeviceClass::SendInterfaces(unsigned long*)
 *fill*         0x00003d6e        0x2 
 .text._ZN14USBDeviceClass4initEv
                0x00003d70      0x18c D:\SourceTree\Maduino_Zero_SIM800C\Maduino_Zero_SIM800C_HTTP_POST\Output\Arduino_Zero__Native_USB_Port_\Debug/core\core.a(USBCore.cpp.o)
                0x00003d70                USBDeviceClass::init()
 .text._ZN14USBDeviceClass6attachEv
                0x00003efc       0x34 D:\SourceTree\Maduino_Zero_SIM800C\Maduino_Zero_SIM800C_HTTP_POST\Output\Arduino_Zero__Native_USB_Port_\Debug/core\core.a(USBCore.cpp.o)
                0x00003efc                USBDeviceClass::attach()
 .text._ZN14USBDeviceClass10setAddressEm
                0x00003f30       0x48 D:\SourceTree\Maduino_Zero_SIM800C\Maduino_Zero_SIM800C_HTTP_POST\Output\Arduino_Zero__Native_USB_Port_\Debug/core\core.a(USBCore.cpp.o)
                0x00003f30                USBDeviceClass::setAddress(unsigned long)
 .text._ZN14USBDeviceClass25handleClassInterfaceSetupERN7arduino8USBSetupE
                0x00003f78       0x24 D:\SourceTree\Maduino_Zero_SIM800C\Maduino_Zero_SIM800C_HTTP_POST\Output\Arduino_Zero__Native_USB_Port_\Debug/core\core.a(USBCore.cpp.o)
                0x00003f78                USBDeviceClass::handleClassInterfaceSetup(arduino::USBSetup&)
 .text._ZN14USBDeviceClass6initEPEmm
                0x00003f9c      0x10c D:\SourceTree\Maduino_Zero_SIM800C\Maduino_Zero_SIM800C_HTTP_POST\Output\Arduino_Zero__Native_USB_Port_\Debug/core\core.a(USBCore.cpp.o)
                0x00003f9c                USBDeviceClass::initEP(unsigned long, unsigned long)
 .text._ZN14USBDeviceClass13initEndpointsEv
                0x000040a8       0x24 D:\SourceTree\Maduino_Zero_SIM800C\Maduino_Zero_SIM800C_HTTP_POST\Output\Arduino_Zero__Native_USB_Port_\Debug/core\core.a(USBCore.cpp.o)
                0x000040a8                USBDeviceClass::initEndpoints()
 .text._ZN14USBDeviceClass5clearEm
                0x000040cc       0x38 D:\SourceTree\Maduino_Zero_SIM800C\Maduino_Zero_SIM800C_HTTP_POST\Output\Arduino_Zero__Native_USB_Port_\Debug/core\core.a(USBCore.cpp.o)
                0x000040cc                USBDeviceClass::clear(unsigned long)
 .text._ZN14USBDeviceClass9availableEm
                0x00004104       0x2c D:\SourceTree\Maduino_Zero_SIM800C\Maduino_Zero_SIM800C_HTTP_POST\Output\Arduino_Zero__Native_USB_Port_\Debug/core\core.a(USBCore.cpp.o)
                0x00004104                USBDeviceClass::available(unsigned long)
 .text._ZN14USBDeviceClass5flushEm
                0x00004130       0x2c D:\SourceTree\Maduino_Zero_SIM800C\Maduino_Zero_SIM800C_HTTP_POST\Output\Arduino_Zero__Native_USB_Port_\Debug/core\core.a(USBCore.cpp.o)
                0x00004130                USBDeviceClass::flush(unsigned long)
 .text._ZN14USBDeviceClass4recvEmPvm
                0x0000415c       0xdc D:\SourceTree\Maduino_Zero_SIM800C\Maduino_Zero_SIM800C_HTTP_POST\Output\Arduino_Zero__Native_USB_Port_\Debug/core\core.a(USBCore.cpp.o)
                0x0000415c                USBDeviceClass::recv(unsigned long, void*, unsigned long)
 .text._ZN14USBDeviceClass4recvEm
                0x00004238       0x1c D:\SourceTree\Maduino_Zero_SIM800C\Maduino_Zero_SIM800C_HTTP_POST\Output\Arduino_Zero__Native_USB_Port_\Debug/core\core.a(USBCore.cpp.o)
                0x00004238                USBDeviceClass::recv(unsigned long)
 .text._ZN14USBDeviceClass14armRecvCtrlOUTEm
                0x00004254       0x5c D:\SourceTree\Maduino_Zero_SIM800C\Maduino_Zero_SIM800C_HTTP_POST\Output\Arduino_Zero__Native_USB_Port_\Debug/core\core.a(USBCore.cpp.o)
                0x00004254                USBDeviceClass::armRecvCtrlOUT(unsigned long)
 .text._ZN14USBDeviceClass11recvControlEPvm
                0x000042b0       0x28 D:\SourceTree\Maduino_Zero_SIM800C\Maduino_Zero_SIM800C_HTTP_POST\Output\Arduino_Zero__Native_USB_Port_\Debug/core\core.a(USBCore.cpp.o)
                0x000042b0                USBDeviceClass::recvControl(void*, unsigned long)
 .text._ZN14USBDeviceClass4sendEmPKvm
                0x000042d8      0x124 D:\SourceTree\Maduino_Zero_SIM800C\Maduino_Zero_SIM800C_HTTP_POST\Output\Arduino_Zero__Native_USB_Port_\Debug/core\core.a(USBCore.cpp.o)
                0x000042d8                USBDeviceClass::send(unsigned long, void const*, unsigned long)
 .text._ZN14USBDeviceClass7armSendEmPKvm
                0x000043fc       0x48 D:\SourceTree\Maduino_Zero_SIM800C\Maduino_Zero_SIM800C_HTTP_POST\Output\Arduino_Zero__Native_USB_Port_\Debug/core\core.a(USBCore.cpp.o)
                0x000043fc                USBDeviceClass::armSend(unsigned long, void const*, unsigned long)
 .text._ZN14USBDeviceClass11sendControlEPKvm
                0x00004444       0x54 D:\SourceTree\Maduino_Zero_SIM800C\Maduino_Zero_SIM800C_HTTP_POST\Output\Arduino_Zero__Native_USB_Port_\Debug/core\core.a(USBCore.cpp.o)
                0x00004444                USBDeviceClass::sendControl(void const*, unsigned long)
 .text._ZN14USBDeviceClass20sendStringDescriptorEPKhm
                0x00004498       0x64 D:\SourceTree\Maduino_Zero_SIM800C\Maduino_Zero_SIM800C_HTTP_POST\Output\Arduino_Zero__Native_USB_Port_\Debug/core\core.a(USBCore.cpp.o)
                0x00004498                USBDeviceClass::sendStringDescriptor(unsigned char const*, unsigned long)
 .text._ZN14USBDeviceClass17sendConfigurationEm
                0x000044fc       0x80 D:\SourceTree\Maduino_Zero_SIM800C\Maduino_Zero_SIM800C_HTTP_POST\Output\Arduino_Zero__Native_USB_Port_\Debug/core\core.a(USBCore.cpp.o)
                0x000044fc                USBDeviceClass::sendConfiguration(unsigned long)
 .text._ZN14USBDeviceClass14sendDescriptorERN7arduino8USBSetupE
                0x0000457c       0xd8 D:\SourceTree\Maduino_Zero_SIM800C\Maduino_Zero_SIM800C_HTTP_POST\Output\Arduino_Zero__Native_USB_Port_\Debug/core\core.a(USBCore.cpp.o)
                0x0000457c                USBDeviceClass::sendDescriptor(arduino::USBSetup&)
 .text._ZN14USBDeviceClass7sendZlpEm
                0x00004654       0x18 D:\SourceTree\Maduino_Zero_SIM800C\Maduino_Zero_SIM800C_HTTP_POST\Output\Arduino_Zero__Native_USB_Port_\Debug/core\core.a(USBCore.cpp.o)
                0x00004654                USBDeviceClass::sendZlp(unsigned long)
 .text._ZN14USBDeviceClass19handleStandardSetupERN7arduino8USBSetupE
                0x0000466c       0xf0 D:\SourceTree\Maduino_Zero_SIM800C\Maduino_Zero_SIM800C_HTTP_POST\Output\Arduino_Zero__Native_USB_Port_\Debug/core\core.a(USBCore.cpp.o)
                0x0000466c                USBDeviceClass::handleStandardSetup(arduino::USBSetup&)
 .text._ZN14USBDeviceClass10ISRHandlerEv
                0x0000475c      0x150 D:\SourceTree\Maduino_Zero_SIM800C\Maduino_Zero_SIM800C_HTTP_POST\Output\Arduino_Zero__Native_USB_Port_\Debug/core\core.a(USBCore.cpp.o)
                0x0000475c                USBDeviceClass::ISRHandler()
 .text.UDD_Handler
                0x000048ac       0x10 D:\SourceTree\Maduino_Zero_SIM800C\Maduino_Zero_SIM800C_HTTP_POST\Output\Arduino_Zero__Native_USB_Port_\Debug/core\core.a(USBCore.cpp.o)
                0x000048ac                UDD_Handler
 .text._ZN7arduino13PluggableUSB_C2Ev
                0x000048bc       0x10 D:\SourceTree\Maduino_Zero_SIM800C\Maduino_Zero_SIM800C_HTTP_POST\Output\Arduino_Zero__Native_USB_Port_\Debug/core\core.a(USBCore.cpp.o)
                0x000048bc                arduino::PluggableUSB_::PluggableUSB_()
                0x000048bc                arduino::PluggableUSB_::PluggableUSB_()
 .text._Z8epBufferj
                0x000048cc        0xc D:\SourceTree\Maduino_Zero_SIM800C\Maduino_Zero_SIM800C_HTTP_POST\Output\Arduino_Zero__Native_USB_Port_\Debug/core\core.a(USBCore.cpp.o)
                0x000048cc                epBuffer(unsigned int)
 .text._ZN7arduino11RingBufferNILi64EE10store_charEh
                0x000048d8       0x1c D:\SourceTree\Maduino_Zero_SIM800C\Maduino_Zero_SIM800C_HTTP_POST\Output\Arduino_Zero__Native_USB_Port_\Debug/core\core.a(USBCore.cpp.o)
                0x000048d8                arduino::RingBufferN<64>::store_char(unsigned char)
 .text._ZN26DoubleBufferedEPOutHandler5_recvEv
                0x000048f4      0x15e D:\SourceTree\Maduino_Zero_SIM800C\Maduino_Zero_SIM800C_HTTP_POST\Output\Arduino_Zero__Native_USB_Port_\Debug/core\core.a(USBCore.cpp.o)
                0x000048f4                DoubleBufferedEPOutHandler::_recv()
 .text._ZN26DoubleBufferedEPOutHandler9availableEv
                0x00004a52        0xc D:\SourceTree\Maduino_Zero_SIM800C\Maduino_Zero_SIM800C_HTTP_POST\Output\Arduino_Zero__Native_USB_Port_\Debug/core\core.a(USBCore.cpp.o)
                0x00004a52                DoubleBufferedEPOutHandler::available()
 .text._ZN26DoubleBufferedEPOutHandler4peekEv
                0x00004a5e       0x1c D:\SourceTree\Maduino_Zero_SIM800C\Maduino_Zero_SIM800C_HTTP_POST\Output\Arduino_Zero__Native_USB_Port_\Debug/core\core.a(USBCore.cpp.o)
                0x00004a5e                DoubleBufferedEPOutHandler::peek()
 .text._ZN26DoubleBufferedEPOutHandler4recvEPvm
                0x00004a7a       0x60 D:\SourceTree\Maduino_Zero_SIM800C\Maduino_Zero_SIM800C_HTTP_POST\Output\Arduino_Zero__Native_USB_Port_\Debug/core\core.a(USBCore.cpp.o)
                0x00004a7a                DoubleBufferedEPOutHandler::recv(void*, unsigned long)
 *fill*         0x00004ada        0x2 
 .text.startup._GLOBAL__sub_I_usbd
                0x00004adc       0x10 D:\SourceTree\Maduino_Zero_SIM800C\Maduino_Zero_SIM800C_HTTP_POST\Output\Arduino_Zero__Native_USB_Port_\Debug/core\core.a(USBCore.cpp.o)
 .text._ZN4UartcvbEv
                0x00004aec        0x4 D:\SourceTree\Maduino_Zero_SIM800C\Maduino_Zero_SIM800C_HTTP_POST\Output\Arduino_Zero__Native_USB_Port_\Debug/core\core.a(Uart.cpp.o)
                0x00004aec                Uart::operator bool()
 .text._ZN4Uart5beginEm
                0x00004af0       0x10 D:\SourceTree\Maduino_Zero_SIM800C\Maduino_Zero_SIM800C_HTTP_POST\Output\Arduino_Zero__Native_USB_Port_\Debug/core\core.a(Uart.cpp.o)
                0x00004af0                Uart::begin(unsigned long)
 .text._ZN4Uart9availableEv
                0x00004b00        0x4 D:\SourceTree\Maduino_Zero_SIM800C\Maduino_Zero_SIM800C_HTTP_POST\Output\Arduino_Zero__Native_USB_Port_\Debug/core\core.a(Uart.cpp.o)
                0x00004b00                Uart::available()
 .text._ZN4Uart17availableForWriteEv
                0x00004b04        0xa D:\SourceTree\Maduino_Zero_SIM800C\Maduino_Zero_SIM800C_HTTP_POST\Output\Arduino_Zero__Native_USB_Port_\Debug/core\core.a(Uart.cpp.o)
                0x00004b04                Uart::availableForWrite()
 .text._ZN4Uart4peekEv
                0x00004b0e       0x14 D:\SourceTree\Maduino_Zero_SIM800C\Maduino_Zero_SIM800C_HTTP_POST\Output\Arduino_Zero__Native_USB_Port_\Debug/core\core.a(Uart.cpp.o)
                0x00004b0e                Uart::peek()
 .text._ZN4Uart3endEv
                0x00004b22       0x20 D:\SourceTree\Maduino_Zero_SIM800C\Maduino_Zero_SIM800C_HTTP_POST\Output\Arduino_Zero__Native_USB_Port_\Debug/core\core.a(Uart.cpp.o)
                0x00004b22                Uart::end()
 .text._ZN4Uart5flushEv
                0x00004b42       0x14 D:\SourceTree\Maduino_Zero_SIM800C\Maduino_Zero_SIM800C_HTTP_POST\Output\Arduino_Zero__Native_USB_Port_\Debug/core\core.a(Uart.cpp.o)
                0x00004b42                Uart::flush()
 .text._ZN4Uart16extractNbStopBitEt
                0x00004b56        0xc D:\SourceTree\Maduino_Zero_SIM800C\Maduino_Zero_SIM800C_HTTP_POST\Output\Arduino_Zero__Native_USB_Port_\Debug/core\core.a(Uart.cpp.o)
                0x00004b56                Uart::extractNbStopBit(unsigned short)
 .text._ZN4Uart15extractCharSizeEt
                0x00004b62       0x28 D:\SourceTree\Maduino_Zero_SIM800C\Maduino_Zero_SIM800C_HTTP_POST\Output\Arduino_Zero__Native_USB_Port_\Debug/core\core.a(Uart.cpp.o)
                0x00004b62                Uart::extractCharSize(unsigned short)
 .text._ZN4Uart13extractParityEt
                0x00004b8a       0x14 D:\SourceTree\Maduino_Zero_SIM800C\Maduino_Zero_SIM800C_HTTP_POST\Output\Arduino_Zero__Native_USB_Port_\Debug/core\core.a(Uart.cpp.o)
                0x00004b8a                Uart::extractParity(unsigned short)
 *fill*         0x00004b9e        0x2 
 .text._ZN4Uart5beginEmt
                0x00004ba0       0xf0 D:\SourceTree\Maduino_Zero_SIM800C\Maduino_Zero_SIM800C_HTTP_POST\Output\Arduino_Zero__Native_USB_Port_\Debug/core\core.a(Uart.cpp.o)
                0x00004ba0                Uart::begin(unsigned long, unsigned short)
 .text._ZN7arduino11RingBufferNILi64EEC2Ev
                0x00004c90       0x18 D:\SourceTree\Maduino_Zero_SIM800C\Maduino_Zero_SIM800C_HTTP_POST\Output\Arduino_Zero__Native_USB_Port_\Debug/core\core.a(Uart.cpp.o)
                0x00004c90                arduino::RingBufferN<64>::RingBufferN()
                0x00004c90                arduino::RingBufferN<64>::RingBufferN()
 .text._ZN4UartC2EP6SERCOMhh11SercomRXPad15SercomUartTXPad
                0x00004ca8       0x5c D:\SourceTree\Maduino_Zero_SIM800C\Maduino_Zero_SIM800C_HTTP_POST\Output\Arduino_Zero__Native_USB_Port_\Debug/core\core.a(Uart.cpp.o)
                0x00004ca8                Uart::Uart(SERCOM*, unsigned char, unsigned char, SercomRXPad, SercomUartTXPad)
                0x00004ca8                Uart::Uart(SERCOM*, unsigned char, unsigned char, SercomRXPad, SercomUartTXPad)
 .text._ZN7arduino15SafeRingBufferNILi64EE10store_charEh
                0x00004d04       0x42 D:\SourceTree\Maduino_Zero_SIM800C\Maduino_Zero_SIM800C_HTTP_POST\Output\Arduino_Zero__Native_USB_Port_\Debug/core\core.a(Uart.cpp.o)
                0x00004d04                arduino::SafeRingBufferN<64>::store_char(unsigned char)
 .text._ZN7arduino15SafeRingBufferNILi64EE9read_charEv
                0x00004d46       0x4a D:\SourceTree\Maduino_Zero_SIM800C\Maduino_Zero_SIM800C_HTTP_POST\Output\Arduino_Zero__Native_USB_Port_\Debug/core\core.a(Uart.cpp.o)
                0x00004d46                arduino::SafeRingBufferN<64>::read_char()
 .text._ZN4Uart10IrqHandlerEv
                0x00004d90       0x9a D:\SourceTree\Maduino_Zero_SIM800C\Maduino_Zero_SIM800C_HTTP_POST\Output\Arduino_Zero__Native_USB_Port_\Debug/core\core.a(Uart.cpp.o)
                0x00004d90                Uart::IrqHandler()
 *fill*         0x00004e2a        0x2 
 .text._ZN4Uart5writeEh
                0x00004e2c       0x94 D:\SourceTree\Maduino_Zero_SIM800C\Maduino_Zero_SIM800C_HTTP_POST\Output\Arduino_Zero__Native_USB_Port_\Debug/core\core.a(Uart.cpp.o)
                0x00004e2c                Uart::write(unsigned char)
 .text._ZN4Uart4readEv
                0x00004ec0       0x2c D:\SourceTree\Maduino_Zero_SIM800C\Maduino_Zero_SIM800C_HTTP_POST\Output\Arduino_Zero__Native_USB_Port_\Debug/core\core.a(Uart.cpp.o)
                0x00004ec0                Uart::read()
 .text._Z10randomSeedm
                0x00004eec        0xc D:\SourceTree\Maduino_Zero_SIM800C\Maduino_Zero_SIM800C_HTTP_POST\Output\Arduino_Zero__Native_USB_Port_\Debug/core\core.a(WMath.cpp.o)
                0x00004eec                randomSeed(unsigned long)
 .text._Z6randoml
                0x00004ef8       0x16 D:\SourceTree\Maduino_Zero_SIM800C\Maduino_Zero_SIM800C_HTTP_POST\Output\Arduino_Zero__Native_USB_Port_\Debug/core\core.a(WMath.cpp.o)
                0x00004ef8                random(long)
 .text._Z6randomll
                0x00004f0e       0x14 D:\SourceTree\Maduino_Zero_SIM800C\Maduino_Zero_SIM800C_HTTP_POST\Output\Arduino_Zero__Native_USB_Port_\Debug/core\core.a(WMath.cpp.o)
                0x00004f0e                random(long, long)
 .text._ZN7arduino13PluggableUSB_12getInterfaceEPh
                0x00004f22       0x28 D:\SourceTree\Maduino_Zero_SIM800C\Maduino_Zero_SIM800C_HTTP_POST\Output\Arduino_Zero__Native_USB_Port_\Debug/core\core.a(PluggableUSB.cpp.o)
                0x00004f22                arduino::PluggableUSB_::getInterface(unsigned char*)
 .text._ZN7arduino13PluggableUSB_13getDescriptorERNS_8USBSetupE
                0x00004f4a       0x20 D:\SourceTree\Maduino_Zero_SIM800C\Maduino_Zero_SIM800C_HTTP_POST\Output\Arduino_Zero__Native_USB_Port_\Debug/core\core.a(PluggableUSB.cpp.o)
                0x00004f4a                arduino::PluggableUSB_::getDescriptor(arduino::USBSetup&)
 .text._ZN7arduino13PluggableUSB_12getShortNameEPc
                0x00004f6a       0x1e D:\SourceTree\Maduino_Zero_SIM800C\Maduino_Zero_SIM800C_HTTP_POST\Output\Arduino_Zero__Native_USB_Port_\Debug/core\core.a(PluggableUSB.cpp.o)
                0x00004f6a                arduino::PluggableUSB_::getShortName(char*)
 .text._ZN7arduino13PluggableUSB_5setupERNS_8USBSetupE
                0x00004f88       0x20 D:\SourceTree\Maduino_Zero_SIM800C\Maduino_Zero_SIM800C_HTTP_POST\Output\Arduino_Zero__Native_USB_Port_\Debug/core\core.a(PluggableUSB.cpp.o)
                0x00004f88                arduino::PluggableUSB_::setup(arduino::USBSetup&)
 .text._ZN7arduino13PluggableUSB_4plugEPNS_18PluggableUSBModuleE
                0x00004fa8       0x5c D:\SourceTree\Maduino_Zero_SIM800C\Maduino_Zero_SIM800C_HTTP_POST\Output\Arduino_Zero__Native_USB_Port_\Debug/core\core.a(PluggableUSB.cpp.o)
                0x00004fa8                arduino::PluggableUSB_::plug(arduino::PluggableUSBModule*)
 .text._Z12PluggableUSBv
                0x00005004       0x24 D:\SourceTree\Maduino_Zero_SIM800C\Maduino_Zero_SIM800C_HTTP_POST\Output\Arduino_Zero__Native_USB_Port_\Debug/core\core.a(PluggableUSB.cpp.o)
                0x00005004                PluggableUSB()
 .text._ZN7arduino5Print5writeEPKhj
                0x00005028       0x28 D:\SourceTree\Maduino_Zero_SIM800C\Maduino_Zero_SIM800C_HTTP_POST\Output\Arduino_Zero__Native_USB_Port_\Debug/core\core.a(Print.cpp.o)
                0x00005028                arduino::Print::write(unsigned char const*, unsigned int)
 .text._ZN7arduino5Print5writeEPKc.part.2
                0x00005050       0x1a D:\SourceTree\Maduino_Zero_SIM800C\Maduino_Zero_SIM800C_HTTP_POST\Output\Arduino_Zero__Native_USB_Port_\Debug/core\core.a(Print.cpp.o)
 .text._ZN7arduino5Print5writeEPKc
                0x0000506a       0x10 D:\SourceTree\Maduino_Zero_SIM800C\Maduino_Zero_SIM800C_HTTP_POST\Output\Arduino_Zero__Native_USB_Port_\Debug/core\core.a(Print.cpp.o)
                0x0000506a                arduino::Print::write(char const*)
 .text._ZN7arduino5Print5printERKNS_6StringE
                0x0000507a        0xe D:\SourceTree\Maduino_Zero_SIM800C\Maduino_Zero_SIM800C_HTTP_POST\Output\Arduino_Zero__Native_USB_Port_\Debug/core\core.a(Print.cpp.o)
                0x0000507a                arduino::Print::print(arduino::String const&)
 .text._ZN7arduino5Print5printEPKc
                0x00005088        0x8 D:\SourceTree\Maduino_Zero_SIM800C\Maduino_Zero_SIM800C_HTTP_POST\Output\Arduino_Zero__Native_USB_Port_\Debug/core\core.a(Print.cpp.o)
                0x00005088                arduino::Print::print(char const*)
 .text._ZN7arduino5Print5printEc
                0x00005090        0xa D:\SourceTree\Maduino_Zero_SIM800C\Maduino_Zero_SIM800C_HTTP_POST\Output\Arduino_Zero__Native_USB_Port_\Debug/core\core.a(Print.cpp.o)
                0x00005090                arduino::Print::print(char)
 *fill*         0x0000509a        0x2 
 .text._ZN7arduino5Print7printlnEv
                0x0000509c       0x10 D:\SourceTree\Maduino_Zero_SIM800C\Maduino_Zero_SIM800C_HTTP_POST\Output\Arduino_Zero__Native_USB_Port_\Debug/core\core.a(Print.cpp.o)
                0x0000509c                arduino::Print::println()
 .text._ZN7arduino5Print7printlnERKNS_6StringE
                0x000050ac       0x14 D:\SourceTree\Maduino_Zero_SIM800C\Maduino_Zero_SIM800C_HTTP_POST\Output\Arduino_Zero__Native_USB_Port_\Debug/core\core.a(Print.cpp.o)
                0x000050ac                arduino::Print::println(arduino::String const&)
 .text._ZN7arduino5Print7printlnEPKc
                0x000050c0       0x14 D:\SourceTree\Maduino_Zero_SIM800C\Maduino_Zero_SIM800C_HTTP_POST\Output\Arduino_Zero__Native_USB_Port_\Debug/core\core.a(Print.cpp.o)
                0x000050c0                arduino::Print::println(char const*)
 .text._ZN7arduino5Print11printNumberEmh
                0x000050d4       0x48 D:\SourceTree\Maduino_Zero_SIM800C\Maduino_Zero_SIM800C_HTTP_POST\Output\Arduino_Zero__Native_USB_Port_\Debug/core\core.a(Print.cpp.o)
                0x000050d4                arduino::Print::printNumber(unsigned long, unsigned char)
 .text._ZN7arduino5Print10printFloatEdi
                0x0000511c      0x170 D:\SourceTree\Maduino_Zero_SIM800C\Maduino_Zero_SIM800C_HTTP_POST\Output\Arduino_Zero__Native_USB_Port_\Debug/core\core.a(Print.cpp.o)
                0x0000511c                arduino::Print::printFloat(double, int)
 .text._ZN7arduino5Print7printlnEdi
                0x0000528c       0x18 D:\SourceTree\Maduino_Zero_SIM800C\Maduino_Zero_SIM800C_HTTP_POST\Output\Arduino_Zero__Native_USB_Port_\Debug/core\core.a(Print.cpp.o)
                0x0000528c                arduino::Print::println(double, int)
 .text._ZN7arduino6Stream9timedReadEv
                0x000052a4       0x2a D:\SourceTree\Maduino_Zero_SIM800C\Maduino_Zero_SIM800C_HTTP_POST\Output\Arduino_Zero__Native_USB_Port_\Debug/core\core.a(Stream.cpp.o)
                0x000052a4                arduino::Stream::timedRead()
 *fill*         0x000052ce        0x2 
 .text._ZN7arduino6Stream10readStringEv
                0x000052d0       0x28 D:\SourceTree\Maduino_Zero_SIM800C\Maduino_Zero_SIM800C_HTTP_POST\Output\Arduino_Zero__Native_USB_Port_\Debug/core\core.a(Stream.cpp.o)
                0x000052d0                arduino::Stream::readString()
 .text._ZN7arduino6Stream9findMultiEPNS0_11MultiTargetEi
                0x000052f8       0xb0 D:\SourceTree\Maduino_Zero_SIM800C\Maduino_Zero_SIM800C_HTTP_POST\Output\Arduino_Zero__Native_USB_Port_\Debug/core\core.a(Stream.cpp.o)
                0x000052f8                arduino::Stream::findMulti(arduino::Stream::MultiTarget*, int)
 .text._ZN7arduino6Stream4findEPKc
                0x000053a8       0x2a D:\SourceTree\Maduino_Zero_SIM800C\Maduino_Zero_SIM800C_HTTP_POST\Output\Arduino_Zero__Native_USB_Port_\Debug/core\core.a(Stream.cpp.o)
                0x000053a8                arduino::Stream::find(char const*)
 .text._ZN7arduino6StringD2Ev
                0x000053d2       0x12 D:\SourceTree\Maduino_Zero_SIM800C\Maduino_Zero_SIM800C_HTTP_POST\Output\Arduino_Zero__Native_USB_Port_\Debug/core\core.a(String.cpp.o)
                0x000053d2                arduino::String::~String()
                0x000053d2                arduino::String::~String()
 .text._ZN7arduino6String10invalidateEv
                0x000053e4       0x18 D:\SourceTree\Maduino_Zero_SIM800C\Maduino_Zero_SIM800C_HTTP_POST\Output\Arduino_Zero__Native_USB_Port_\Debug/core\core.a(String.cpp.o)
                0x000053e4                arduino::String::invalidate()
 .text._ZN7arduino6String12changeBufferEj
                0x000053fc       0x18 D:\SourceTree\Maduino_Zero_SIM800C\Maduino_Zero_SIM800C_HTTP_POST\Output\Arduino_Zero__Native_USB_Port_\Debug/core\core.a(String.cpp.o)
                0x000053fc                arduino::String::changeBuffer(unsigned int)
 .text._ZN7arduino6String7reserveEj
                0x00005414       0x2a D:\SourceTree\Maduino_Zero_SIM800C\Maduino_Zero_SIM800C_HTTP_POST\Output\Arduino_Zero__Native_USB_Port_\Debug/core\core.a(String.cpp.o)
                0x00005414                arduino::String::reserve(unsigned int)
 .text._ZN7arduino6String4copyEPKcj
                0x0000543e       0x28 D:\SourceTree\Maduino_Zero_SIM800C\Maduino_Zero_SIM800C_HTTP_POST\Output\Arduino_Zero__Native_USB_Port_\Debug/core\core.a(String.cpp.o)
                0x0000543e                arduino::String::copy(char const*, unsigned int)
 .text._ZN7arduino6StringC2EPKc
                0x00005466       0x26 D:\SourceTree\Maduino_Zero_SIM800C\Maduino_Zero_SIM800C_HTTP_POST\Output\Arduino_Zero__Native_USB_Port_\Debug/core\core.a(String.cpp.o)
                0x00005466                arduino::String::String(char const*)
                0x00005466                arduino::String::String(char const*)
 .text._ZN7arduino6StringaSEPKc.part.3
                0x0000548c       0x18 D:\SourceTree\Maduino_Zero_SIM800C\Maduino_Zero_SIM800C_HTTP_POST\Output\Arduino_Zero__Native_USB_Port_\Debug/core\core.a(String.cpp.o)
 .text._ZN7arduino6StringC2Emh
                0x000054a4       0x24 D:\SourceTree\Maduino_Zero_SIM800C\Maduino_Zero_SIM800C_HTTP_POST\Output\Arduino_Zero__Native_USB_Port_\Debug/core\core.a(String.cpp.o)
                0x000054a4                arduino::String::String(unsigned long, unsigned char)
                0x000054a4                arduino::String::String(unsigned long, unsigned char)
 .text._ZN7arduino6StringaSERKS0_
                0x000054c8       0x20 D:\SourceTree\Maduino_Zero_SIM800C\Maduino_Zero_SIM800C_HTTP_POST\Output\Arduino_Zero__Native_USB_Port_\Debug/core\core.a(String.cpp.o)
                0x000054c8                arduino::String::operator=(arduino::String const&)
 .text._ZN7arduino6StringC2ERKS0_
                0x000054e8       0x14 D:\SourceTree\Maduino_Zero_SIM800C\Maduino_Zero_SIM800C_HTTP_POST\Output\Arduino_Zero__Native_USB_Port_\Debug/core\core.a(String.cpp.o)
                0x000054e8                arduino::String::String(arduino::String const&)
                0x000054e8                arduino::String::String(arduino::String const&)
 .text._ZN7arduino6StringaSEPKc
                0x000054fc       0x16 D:\SourceTree\Maduino_Zero_SIM800C\Maduino_Zero_SIM800C_HTTP_POST\Output\Arduino_Zero__Native_USB_Port_\Debug/core\core.a(String.cpp.o)
                0x000054fc                arduino::String::operator=(char const*)
 .text._ZN7arduino6StringC2Efh
                0x00005512       0x3c D:\SourceTree\Maduino_Zero_SIM800C\Maduino_Zero_SIM800C_HTTP_POST\Output\Arduino_Zero__Native_USB_Port_\Debug/core\core.a(String.cpp.o)
                0x00005512                arduino::String::String(float, unsigned char)
                0x00005512                arduino::String::String(float, unsigned char)
 .text._ZN7arduino6String6concatEPKcj
                0x0000554e       0x32 D:\SourceTree\Maduino_Zero_SIM800C\Maduino_Zero_SIM800C_HTTP_POST\Output\Arduino_Zero__Native_USB_Port_\Debug/core\core.a(String.cpp.o)
                0x0000554e                arduino::String::concat(char const*, unsigned int)
 .text._ZN7arduino6String6concatERKS0_
                0x00005580        0xc D:\SourceTree\Maduino_Zero_SIM800C\Maduino_Zero_SIM800C_HTTP_POST\Output\Arduino_Zero__Native_USB_Port_\Debug/core\core.a(String.cpp.o)
                0x00005580                arduino::String::concat(arduino::String const&)
 .text._ZN7arduino6String6concatEPKc
                0x0000558c       0x1e D:\SourceTree\Maduino_Zero_SIM800C\Maduino_Zero_SIM800C_HTTP_POST\Output\Arduino_Zero__Native_USB_Port_\Debug/core\core.a(String.cpp.o)
                0x0000558c                arduino::String::concat(char const*)
 .text._ZN7arduino6String6concatEc
                0x000055aa       0x14 D:\SourceTree\Maduino_Zero_SIM800C\Maduino_Zero_SIM800C_HTTP_POST\Output\Arduino_Zero__Native_USB_Port_\Debug/core\core.a(String.cpp.o)
                0x000055aa                arduino::String::concat(char)
 .text._ZN7arduinoplERKNS_15StringSumHelperERKNS_6StringE
                0x000055be       0x1a D:\SourceTree\Maduino_Zero_SIM800C\Maduino_Zero_SIM800C_HTTP_POST\Output\Arduino_Zero__Native_USB_Port_\Debug/core\core.a(String.cpp.o)
                0x000055be                arduino::operator+(arduino::StringSumHelper const&, arduino::String const&)
 .text._ZN7arduinoplERKNS_15StringSumHelperEPKc
                0x000055d8       0x28 D:\SourceTree\Maduino_Zero_SIM800C\Maduino_Zero_SIM800C_HTTP_POST\Output\Arduino_Zero__Native_USB_Port_\Debug/core\core.a(String.cpp.o)
                0x000055d8                arduino::operator+(arduino::StringSumHelper const&, char const*)
 .text._ZNK7arduino6String6equalsEPKc
                0x00005600       0x28 D:\SourceTree\Maduino_Zero_SIM800C\Maduino_Zero_SIM800C_HTTP_POST\Output\Arduino_Zero__Native_USB_Port_\Debug/core\core.a(String.cpp.o)
                0x00005600                arduino::String::equals(char const*) const
 .text._ZNK7arduino6String7indexOfERKS0_j
                0x00005628       0x20 D:\SourceTree\Maduino_Zero_SIM800C\Maduino_Zero_SIM800C_HTTP_POST\Output\Arduino_Zero__Native_USB_Port_\Debug/core\core.a(String.cpp.o)
                0x00005628                arduino::String::indexOf(arduino::String const&, unsigned int) const
 .text._ZNK7arduino6String7indexOfERKS0_
                0x00005648        0xa D:\SourceTree\Maduino_Zero_SIM800C\Maduino_Zero_SIM800C_HTTP_POST\Output\Arduino_Zero__Native_USB_Port_\Debug/core\core.a(String.cpp.o)
                0x00005648                arduino::String::indexOf(arduino::String const&) const
 .text._ZNK7arduino6String11lastIndexOfERKS0_j
                0x00005652       0x4c D:\SourceTree\Maduino_Zero_SIM800C\Maduino_Zero_SIM800C_HTTP_POST\Output\Arduino_Zero__Native_USB_Port_\Debug/core\core.a(String.cpp.o)
                0x00005652                arduino::String::lastIndexOf(arduino::String const&, unsigned int) const
 .text._ZN7arduino6String7replaceERKS0_S2_
                0x0000569e      0x128 D:\SourceTree\Maduino_Zero_SIM800C\Maduino_Zero_SIM800C_HTTP_POST\Output\Arduino_Zero__Native_USB_Port_\Debug/core\core.a(String.cpp.o)
                0x0000569e                arduino::String::replace(arduino::String const&, arduino::String const&)
 .text.initVariant
                0x000057c6        0x2 D:\SourceTree\Maduino_Zero_SIM800C\Maduino_Zero_SIM800C_HTTP_POST\Output\Arduino_Zero__Native_USB_Port_\Debug/core\core.a(main.cpp.o)
                0x000057c6                initVariant
 .text.startup.main
                0x000057c8       0x40 D:\SourceTree\Maduino_Zero_SIM800C\Maduino_Zero_SIM800C_HTTP_POST\Output\Arduino_Zero__Native_USB_Port_\Debug/core\core.a(main.cpp.o)
                0x000057c8                main
 .text._Znwj    0x00005808        0x8 D:\SourceTree\Maduino_Zero_SIM800C\Maduino_Zero_SIM800C_HTTP_POST\Output\Arduino_Zero__Native_USB_Port_\Debug/core\core.a(new.cpp.o)
                0x00005808                operator new(unsigned int)
 .text._Znaj    0x00005810        0x8 D:\SourceTree\Maduino_Zero_SIM800C\Maduino_Zero_SIM800C_HTTP_POST\Output\Arduino_Zero__Native_USB_Port_\Debug/core\core.a(new.cpp.o)
                0x00005810                operator new[](unsigned int)
 .text._ZdlPv   0x00005818        0x8 D:\SourceTree\Maduino_Zero_SIM800C\Maduino_Zero_SIM800C_HTTP_POST\Output\Arduino_Zero__Native_USB_Port_\Debug/core\core.a(new.cpp.o)
                0x00005818                operator delete(void*)
 .text.dtostrf  0x00005820       0x28 D:\SourceTree\Maduino_Zero_SIM800C\Maduino_Zero_SIM800C_HTTP_POST\Output\Arduino_Zero__Native_USB_Port_\Debug/core\core.a(dtostrf.c.o)
                0x00005820                dtostrf
 .text.ultoa    0x00005848       0x56 D:\SourceTree\Maduino_Zero_SIM800C\Maduino_Zero_SIM800C_HTTP_POST\Output\Arduino_Zero__Native_USB_Port_\Debug/core\core.a(itoa.c.o)
                0x00005848                ultoa
 .text.__aeabi_atexit
                0x0000589e        0xe c:/users/adam/appdata/local/arduino15/packages/arduino/tools/arm-none-eabi-gcc/7-2017q4/bin/../lib/gcc/arm-none-eabi/7.2.1/../../../../arm-none-eabi/lib/thumb/v6-m\libstdc++_nano.a(atexit_arm.o)
                0x0000589e                __aeabi_atexit
 .text          0x000058ac       0x14 c:/users/adam/appdata/local/arduino15/packages/arduino/tools/arm-none-eabi-gcc/7-2017q4/bin/../lib/gcc/arm-none-eabi/7.2.1/thumb/v6-m\libgcc.a(_thumb1_case_uqi.o)
                0x000058ac                __gnu_thumb1_case_uqi
 .text          0x000058c0      0x114 c:/users/adam/appdata/local/arduino15/packages/arduino/tools/arm-none-eabi-gcc/7-2017q4/bin/../lib/gcc/arm-none-eabi/7.2.1/thumb/v6-m\libgcc.a(_udivsi3.o)
                0x000058c0                __aeabi_uidiv
                0x000058c0                __udivsi3
                0x000059cc                __aeabi_uidivmod
 .text          0x000059d4      0x1d4 c:/users/adam/appdata/local/arduino15/packages/arduino/tools/arm-none-eabi-gcc/7-2017q4/bin/../lib/gcc/arm-none-eabi/7.2.1/thumb/v6-m\libgcc.a(_divsi3.o)
                0x000059d4                __divsi3
                0x000059d4                __aeabi_idiv
                0x00005ba0                __aeabi_idivmod
 .text          0x00005ba8        0x4 c:/users/adam/appdata/local/arduino15/packages/arduino/tools/arm-none-eabi-gcc/7-2017q4/bin/../lib/gcc/arm-none-eabi/7.2.1/thumb/v6-m\libgcc.a(_dvmd_tls.o)
                0x00005ba8                __aeabi_idiv0
                0x00005ba8                __aeabi_ldiv0
 .text          0x00005bac       0x7c c:/users/adam/appdata/local/arduino15/packages/arduino/tools/arm-none-eabi-gcc/7-2017q4/bin/../lib/gcc/arm-none-eabi/7.2.1/thumb/v6-m\libgcc.a(_arm_cmpdf2.o)
                0x00005bac                __aeabi_cdrcmple
                0x00005bbc                __aeabi_cdcmple
                0x00005bbc                __aeabi_cdcmpeq
                0x00005bcc                __aeabi_dcmpeq
                0x00005bd8                __aeabi_dcmplt
                0x00005bec                __aeabi_dcmple
                0x00005c00                __aeabi_dcmpgt
                0x00005c14                __aeabi_dcmpge
 .text          0x00005c28       0x3c c:/users/adam/appdata/local/arduino15/packages/arduino/tools/arm-none-eabi-gcc/7-2017q4/bin/../lib/gcc/arm-none-eabi/7.2.1/thumb/v6-m\libgcc.a(_fixunsdfsi.o)
                0x00005c28                __aeabi_d2uiz
                0x00005c28                __fixunsdfsi
 .text          0x00005c64       0x94 c:/users/adam/appdata/local/arduino15/packages/arduino/tools/arm-none-eabi-gcc/7-2017q4/bin/../lib/gcc/arm-none-eabi/7.2.1/thumb/v6-m\libgcc.a(floatsisf.o)
                0x00005c64                __aeabi_i2f
 .text          0x00005cf8      0x638 c:/users/adam/appdata/local/arduino15/packages/arduino/tools/arm-none-eabi-gcc/7-2017q4/bin/../lib/gcc/arm-none-eabi/7.2.1/thumb/v6-m\libgcc.a(adddf3.o)
                0x00005cf8                __aeabi_dadd
 .text          0x00006330      0x604 c:/users/adam/appdata/local/arduino15/packages/arduino/tools/arm-none-eabi-gcc/7-2017q4/bin/../lib/gcc/arm-none-eabi/7.2.1/thumb/v6-m\libgcc.a(divdf3.o)
                0x00006330                __aeabi_ddiv
 .text          0x00006934       0x78 c:/users/adam/appdata/local/arduino15/packages/arduino/tools/arm-none-eabi-gcc/7-2017q4/bin/../lib/gcc/arm-none-eabi/7.2.1/thumb/v6-m\libgcc.a(eqdf2.o)
                0x00006934                __nedf2
                0x00006934                __eqdf2
 .text          0x000069ac       0xc8 c:/users/adam/appdata/local/arduino15/packages/arduino/tools/arm-none-eabi-gcc/7-2017q4/bin/../lib/gcc/arm-none-eabi/7.2.1/thumb/v6-m\libgcc.a(gedf2.o)
                0x000069ac                __gedf2
                0x000069ac                __gtdf2
 .text          0x00006a74       0xd0 c:/users/adam/appdata/local/arduino15/packages/arduino/tools/arm-none-eabi-gcc/7-2017q4/bin/../lib/gcc/arm-none-eabi/7.2.1/thumb/v6-m\libgcc.a(ledf2.o)
                0x00006a74                __ledf2
                0x00006a74                __ltdf2
 .text          0x00006b44      0x4e4 c:/users/adam/appdata/local/arduino15/packages/arduino/tools/arm-none-eabi-gcc/7-2017q4/bin/../lib/gcc/arm-none-eabi/7.2.1/thumb/v6-m\libgcc.a(muldf3.o)
                0x00006b44                __aeabi_dmul
 .text          0x00007028      0x690 c:/users/adam/appdata/local/arduino15/packages/arduino/tools/arm-none-eabi-gcc/7-2017q4/bin/../lib/gcc/arm-none-eabi/7.2.1/thumb/v6-m\libgcc.a(subdf3.o)
                0x00007028                __aeabi_dsub
 .text          0x000076b8       0x38 c:/users/adam/appdata/local/arduino15/packages/arduino/tools/arm-none-eabi-gcc/7-2017q4/bin/../lib/gcc/arm-none-eabi/7.2.1/thumb/v6-m\libgcc.a(unorddf2.o)
                0x000076b8                __aeabi_dcmpun
 .text          0x000076f0       0x6c c:/users/adam/appdata/local/arduino15/packages/arduino/tools/arm-none-eabi-gcc/7-2017q4/bin/../lib/gcc/arm-none-eabi/7.2.1/thumb/v6-m\libgcc.a(fixdfsi.o)
                0x000076f0                __aeabi_d2iz
 .text          0x0000775c       0x64 c:/users/adam/appdata/local/arduino15/packages/arduino/tools/arm-none-eabi-gcc/7-2017q4/bin/../lib/gcc/arm-none-eabi/7.2.1/thumb/v6-m\libgcc.a(floatunsidf.o)
                0x0000775c                __aeabi_ui2d
 .text          0x000077c0       0xa4 c:/users/adam/appdata/local/arduino15/packages/arduino/tools/arm-none-eabi-gcc/7-2017q4/bin/../lib/gcc/arm-none-eabi/7.2.1/thumb/v6-m\libgcc.a(extendsfdf2.o)
                0x000077c0                __aeabi_f2d
 .text          0x00007864       0x3c c:/users/adam/appdata/local/arduino15/packages/arduino/tools/arm-none-eabi-gcc/7-2017q4/bin/../lib/gcc/arm-none-eabi/7.2.1/thumb/v6-m\libgcc.a(_clzsi2.o)
                0x00007864                __clzsi2
 .text.__cxa_atexit
                0x000078a0       0x1c c:/users/adam/appdata/local/arduino15/packages/arduino/tools/arm-none-eabi-gcc/7-2017q4/bin/../lib/gcc/arm-none-eabi/7.2.1/../../../../arm-none-eabi/lib/thumb/v6-m\libc_nano.a(lib_a-cxa_atexit.o)
                0x000078a0                __cxa_atexit
 .text.__libc_init_array
                0x000078bc       0x48 c:/users/adam/appdata/local/arduino15/packages/arduino/tools/arm-none-eabi-gcc/7-2017q4/bin/../lib/gcc/arm-none-eabi/7.2.1/../../../../arm-none-eabi/lib/thumb/v6-m\libc_nano.a(lib_a-init.o)
                0x000078bc                __libc_init_array
 .text.malloc   0x00007904       0x14 c:/users/adam/appdata/local/arduino15/packages/arduino/tools/arm-none-eabi-gcc/7-2017q4/bin/../lib/gcc/arm-none-eabi/7.2.1/../../../../arm-none-eabi/lib/thumb/v6-m\libc_nano.a(lib_a-malloc.o)
                0x00007904                malloc
 .text.free     0x00007918       0x14 c:/users/adam/appdata/local/arduino15/packages/arduino/tools/arm-none-eabi-gcc/7-2017q4/bin/../lib/gcc/arm-none-eabi/7.2.1/../../../../arm-none-eabi/lib/thumb/v6-m\libc_nano.a(lib_a-malloc.o)
                0x00007918                free
 .text.__ascii_mbtowc
                0x0000792c       0x24 c:/users/adam/appdata/local/arduino15/packages/arduino/tools/arm-none-eabi-gcc/7-2017q4/bin/../lib/gcc/arm-none-eabi/7.2.1/../../../../arm-none-eabi/lib/thumb/v6-m\libc_nano.a(lib_a-mbtowc_r.o)
                0x0000792c                __ascii_mbtowc
 .text.memcpy   0x00007950       0x12 c:/users/adam/appdata/local/arduino15/packages/arduino/tools/arm-none-eabi-gcc/7-2017q4/bin/../lib/gcc/arm-none-eabi/7.2.1/../../../../arm-none-eabi/lib/thumb/v6-m\libc_nano.a(lib_a-memcpy-stub.o)
                0x00007950                memcpy
 .text.memmove  0x00007962       0x26 c:/users/adam/appdata/local/arduino15/packages/arduino/tools/arm-none-eabi-gcc/7-2017q4/bin/../lib/gcc/arm-none-eabi/7.2.1/../../../../arm-none-eabi/lib/thumb/v6-m\libc_nano.a(lib_a-memmove.o)
                0x00007962                memmove
 .text.memset   0x00007988       0x10 c:/users/adam/appdata/local/arduino15/packages/arduino/tools/arm-none-eabi-gcc/7-2017q4/bin/../lib/gcc/arm-none-eabi/7.2.1/../../../../arm-none-eabi/lib/thumb/v6-m\libc_nano.a(lib_a-memset.o)
                0x00007988                memset
 .text._free_r  0x00007998       0x94 c:/users/adam/appdata/local/arduino15/packages/arduino/tools/arm-none-eabi-gcc/7-2017q4/bin/../lib/gcc/arm-none-eabi/7.2.1/../../../../arm-none-eabi/lib/thumb/v6-m\libc_nano.a(lib_a-nano-freer.o)
                0x00007998                _free_r
 .text._malloc_r
                0x00007a2c       0xbc c:/users/adam/appdata/local/arduino15/packages/arduino/tools/arm-none-eabi-gcc/7-2017q4/bin/../lib/gcc/arm-none-eabi/7.2.1/../../../../arm-none-eabi/lib/thumb/v6-m\libc_nano.a(lib_a-nano-mallocr.o)
                0x00007a2c                _malloc_r
 .text.__cvt    0x00007ae8       0xc8 c:/users/adam/appdata/local/arduino15/packages/arduino/tools/arm-none-eabi-gcc/7-2017q4/bin/../lib/gcc/arm-none-eabi/7.2.1/../../../../arm-none-eabi/lib/thumb/v6-m\libc_nano.a(lib_a-nano-vfprintf_float.o)
                0x00007ae8                __cvt
 .text.__exponent
                0x00007bb0       0x70 c:/users/adam/appdata/local/arduino15/packages/arduino/tools/arm-none-eabi-gcc/7-2017q4/bin/../lib/gcc/arm-none-eabi/7.2.1/../../../../arm-none-eabi/lib/thumb/v6-m\libc_nano.a(lib_a-nano-vfprintf_float.o)
                0x00007bb0                __exponent
 .text._printf_float
                0x00007c20      0x498 c:/users/adam/appdata/local/arduino15/packages/arduino/tools/arm-none-eabi-gcc/7-2017q4/bin/../lib/gcc/arm-none-eabi/7.2.1/../../../../arm-none-eabi/lib/thumb/v6-m\libc_nano.a(lib_a-nano-vfprintf_float.o)
                0x00007c20                _printf_float
 .text._printf_common
                0x000080b8       0xda c:/users/adam/appdata/local/arduino15/packages/arduino/tools/arm-none-eabi-gcc/7-2017q4/bin/../lib/gcc/arm-none-eabi/7.2.1/../../../../arm-none-eabi/lib/thumb/v6-m\libc_nano.a(lib_a-nano-vfprintf_i.o)
                0x000080b8                _printf_common
 *fill*         0x00008192        0x2 
 .text._printf_i
                0x00008194      0x210 c:/users/adam/appdata/local/arduino15/packages/arduino/tools/arm-none-eabi-gcc/7-2017q4/bin/../lib/gcc/arm-none-eabi/7.2.1/../../../../arm-none-eabi/lib/thumb/v6-m\libc_nano.a(lib_a-nano-vfprintf_i.o)
                0x00008194                _printf_i
 .text.srand    0x000083a4       0x48 c:/users/adam/appdata/local/arduino15/packages/arduino/tools/arm-none-eabi-gcc/7-2017q4/bin/../lib/gcc/arm-none-eabi/7.2.1/../../../../arm-none-eabi/lib/thumb/v6-m\libc_nano.a(lib_a-rand.o)
                0x000083a4                srand
 .text.rand     0x000083ec       0x64 c:/users/adam/appdata/local/arduino15/packages/arduino/tools/arm-none-eabi-gcc/7-2017q4/bin/../lib/gcc/arm-none-eabi/7.2.1/../../../../arm-none-eabi/lib/thumb/v6-m\libc_nano.a(lib_a-rand.o)
                0x000083ec                rand
 .text.realloc  0x00008450       0x14 c:/users/adam/appdata/local/arduino15/packages/arduino/tools/arm-none-eabi-gcc/7-2017q4/bin/../lib/gcc/arm-none-eabi/7.2.1/../../../../arm-none-eabi/lib/thumb/v6-m\libc_nano.a(lib_a-realloc.o)
                0x00008450                realloc
 .text._sbrk_r  0x00008464       0x24 c:/users/adam/appdata/local/arduino15/packages/arduino/tools/arm-none-eabi-gcc/7-2017q4/bin/../lib/gcc/arm-none-eabi/7.2.1/../../../../arm-none-eabi/lib/thumb/v6-m\libc_nano.a(lib_a-sbrkr.o)
                0x00008464                _sbrk_r
 .text.sprintf  0x00008488       0x40 c:/users/adam/appdata/local/arduino15/packages/arduino/tools/arm-none-eabi-gcc/7-2017q4/bin/../lib/gcc/arm-none-eabi/7.2.1/../../../../arm-none-eabi/lib/thumb/v6-m\libc_nano.a(lib_a-sprintf.o)
                0x00008488                siprintf
                0x00008488                sprintf
 .text          0x000084c8       0x14 c:/users/adam/appdata/local/arduino15/packages/arduino/tools/arm-none-eabi-gcc/7-2017q4/bin/../lib/gcc/arm-none-eabi/7.2.1/../../../../arm-none-eabi/lib/thumb/v6-m\libc_nano.a(lib_a-strcmp.o)
                0x000084c8                strcmp
 .text.strcpy   0x000084dc       0x10 c:/users/adam/appdata/local/arduino15/packages/arduino/tools/arm-none-eabi-gcc/7-2017q4/bin/../lib/gcc/arm-none-eabi/7.2.1/../../../../arm-none-eabi/lib/thumb/v6-m\libc_nano.a(lib_a-strcpy.o)
                0x000084dc                strcpy
 .text          0x000084ec        0xe c:/users/adam/appdata/local/arduino15/packages/arduino/tools/arm-none-eabi-gcc/7-2017q4/bin/../lib/gcc/arm-none-eabi/7.2.1/../../../../arm-none-eabi/lib/thumb/v6-m\libc_nano.a(lib_a-strlen.o)
                0x000084ec                strlen
 .text.strstr   0x000084fa       0x32 c:/users/adam/appdata/local/arduino15/packages/arduino/tools/arm-none-eabi-gcc/7-2017q4/bin/../lib/gcc/arm-none-eabi/7.2.1/../../../../arm-none-eabi/lib/thumb/v6-m\libc_nano.a(lib_a-strstr.o)
                0x000084fa                strstr
 .text.strtok   0x0000852c       0x50 c:/users/adam/appdata/local/arduino15/packages/arduino/tools/arm-none-eabi-gcc/7-2017q4/bin/../lib/gcc/arm-none-eabi/7.2.1/../../../../arm-none-eabi/lib/thumb/v6-m\libc_nano.a(lib_a-strtok.o)
                0x0000852c                strtok
 .text.__strtok_r
                0x0000857c       0x5a c:/users/adam/appdata/local/arduino15/packages/arduino/tools/arm-none-eabi-gcc/7-2017q4/bin/../lib/gcc/arm-none-eabi/7.2.1/../../../../arm-none-eabi/lib/thumb/v6-m\libc_nano.a(lib_a-strtok_r.o)
                0x0000857c                __strtok_r
 .text.__ascii_wctomb
                0x000085d6       0x18 c:/users/adam/appdata/local/arduino15/packages/arduino/tools/arm-none-eabi-gcc/7-2017q4/bin/../lib/gcc/arm-none-eabi/7.2.1/../../../../arm-none-eabi/lib/thumb/v6-m\libc_nano.a(lib_a-wctomb_r.o)
                0x000085d6                __ascii_wctomb
 .text.quorem   0x000085ee      0x10c c:/users/adam/appdata/local/arduino15/packages/arduino/tools/arm-none-eabi-gcc/7-2017q4/bin/../lib/gcc/arm-none-eabi/7.2.1/../../../../arm-none-eabi/lib/thumb/v6-m\libc_nano.a(lib_a-dtoa.o)
 *fill*         0x000086fa        0x2 
 .text._dtoa_r  0x000086fc      0xbc0 c:/users/adam/appdata/local/arduino15/packages/arduino/tools/arm-none-eabi-gcc/7-2017q4/bin/../lib/gcc/arm-none-eabi/7.2.1/../../../../arm-none-eabi/lib/thumb/v6-m\libc_nano.a(lib_a-dtoa.o)
                0x000086fc                _dtoa_r
 .text._localeconv_r
                0x000092bc       0x18 c:/users/adam/appdata/local/arduino15/packages/arduino/tools/arm-none-eabi-gcc/7-2017q4/bin/../lib/gcc/arm-none-eabi/7.2.1/../../../../arm-none-eabi/lib/thumb/v6-m\libc_nano.a(lib_a-localeconv.o)
                0x000092bc                _localeconv_r
 .text.memchr   0x000092d4       0x16 c:/users/adam/appdata/local/arduino15/packages/arduino/tools/arm-none-eabi-gcc/7-2017q4/bin/../lib/gcc/arm-none-eabi/7.2.1/../../../../arm-none-eabi/lib/thumb/v6-m\libc_nano.a(lib_a-memchr-stub.o)
                0x000092d4                memchr
 .text.__malloc_lock
                0x000092ea        0x2 c:/users/adam/appdata/local/arduino15/packages/arduino/tools/arm-none-eabi-gcc/7-2017q4/bin/../lib/gcc/arm-none-eabi/7.2.1/../../../../arm-none-eabi/lib/thumb/v6-m\libc_nano.a(lib_a-mlock.o)
                0x000092ea                __malloc_lock
 .text.__malloc_unlock
                0x000092ec        0x2 c:/users/adam/appdata/local/arduino15/packages/arduino/tools/arm-none-eabi-gcc/7-2017q4/bin/../lib/gcc/arm-none-eabi/7.2.1/../../../../arm-none-eabi/lib/thumb/v6-m\libc_nano.a(lib_a-mlock.o)
                0x000092ec                __malloc_unlock
 .text._Balloc  0x000092ee       0x70 c:/users/adam/appdata/local/arduino15/packages/arduino/tools/arm-none-eabi-gcc/7-2017q4/bin/../lib/gcc/arm-none-eabi/7.2.1/../../../../arm-none-eabi/lib/thumb/v6-m\libc_nano.a(lib_a-mprec.o)
                0x000092ee                _Balloc
 .text._Bfree   0x0000935e       0x32 c:/users/adam/appdata/local/arduino15/packages/arduino/tools/arm-none-eabi-gcc/7-2017q4/bin/../lib/gcc/arm-none-eabi/7.2.1/../../../../arm-none-eabi/lib/thumb/v6-m\libc_nano.a(lib_a-mprec.o)
                0x0000935e                _Bfree
 .text.__multadd
                0x00009390       0x7c c:/users/adam/appdata/local/arduino15/packages/arduino/tools/arm-none-eabi-gcc/7-2017q4/bin/../lib/gcc/arm-none-eabi/7.2.1/../../../../arm-none-eabi/lib/thumb/v6-m\libc_nano.a(lib_a-mprec.o)
                0x00009390                __multadd
 .text.__hi0bits
                0x0000940c       0x34 c:/users/adam/appdata/local/arduino15/packages/arduino/tools/arm-none-eabi-gcc/7-2017q4/bin/../lib/gcc/arm-none-eabi/7.2.1/../../../../arm-none-eabi/lib/thumb/v6-m\libc_nano.a(lib_a-mprec.o)
                0x0000940c                __hi0bits
 .text.__lo0bits
                0x00009440       0x5e c:/users/adam/appdata/local/arduino15/packages/arduino/tools/arm-none-eabi-gcc/7-2017q4/bin/../lib/gcc/arm-none-eabi/7.2.1/../../../../arm-none-eabi/lib/thumb/v6-m\libc_nano.a(lib_a-mprec.o)
                0x00009440                __lo0bits
 .text.__i2b    0x0000949e       0x12 c:/users/adam/appdata/local/arduino15/packages/arduino/tools/arm-none-eabi-gcc/7-2017q4/bin/../lib/gcc/arm-none-eabi/7.2.1/../../../../arm-none-eabi/lib/thumb/v6-m\libc_nano.a(lib_a-mprec.o)
                0x0000949e                __i2b
 .text.__multiply
                0x000094b0      0x11e c:/users/adam/appdata/local/arduino15/packages/arduino/tools/arm-none-eabi-gcc/7-2017q4/bin/../lib/gcc/arm-none-eabi/7.2.1/../../../../arm-none-eabi/lib/thumb/v6-m\libc_nano.a(lib_a-mprec.o)
                0x000094b0                __multiply
 *fill*         0x000095ce        0x2 
 .text.__pow5mult
                0x000095d0       0xa4 c:/users/adam/appdata/local/arduino15/packages/arduino/tools/arm-none-eabi-gcc/7-2017q4/bin/../lib/gcc/arm-none-eabi/7.2.1/../../../../arm-none-eabi/lib/thumb/v6-m\libc_nano.a(lib_a-mprec.o)
                0x000095d0                __pow5mult
 .text.__lshift
                0x00009674       0xa4 c:/users/adam/appdata/local/arduino15/packages/arduino/tools/arm-none-eabi-gcc/7-2017q4/bin/../lib/gcc/arm-none-eabi/7.2.1/../../../../arm-none-eabi/lib/thumb/v6-m\libc_nano.a(lib_a-mprec.o)
                0x00009674                __lshift
 .text.__mcmp   0x00009718       0x34 c:/users/adam/appdata/local/arduino15/packages/arduino/tools/arm-none-eabi-gcc/7-2017q4/bin/../lib/gcc/arm-none-eabi/7.2.1/../../../../arm-none-eabi/lib/thumb/v6-m\libc_nano.a(lib_a-mprec.o)
                0x00009718                __mcmp
 .text.__mdiff  0x0000974c       0xc8 c:/users/adam/appdata/local/arduino15/packages/arduino/tools/arm-none-eabi-gcc/7-2017q4/bin/../lib/gcc/arm-none-eabi/7.2.1/../../../../arm-none-eabi/lib/thumb/v6-m\libc_nano.a(lib_a-mprec.o)
                0x0000974c                __mdiff
 .text.__d2b    0x00009814       0xa8 c:/users/adam/appdata/local/arduino15/packages/arduino/tools/arm-none-eabi-gcc/7-2017q4/bin/../lib/gcc/arm-none-eabi/7.2.1/../../../../arm-none-eabi/lib/thumb/v6-m\libc_nano.a(lib_a-mprec.o)
                0x00009814                __d2b
 .text._calloc_r
                0x000098bc       0x1c c:/users/adam/appdata/local/arduino15/packages/arduino/tools/arm-none-eabi-gcc/7-2017q4/bin/../lib/gcc/arm-none-eabi/7.2.1/../../../../arm-none-eabi/lib/thumb/v6-m\libc_nano.a(lib_a-nano-callocr.o)
                0x000098bc                _calloc_r
 .text._realloc_r
                0x000098d8       0x4c c:/users/adam/appdata/local/arduino15/packages/arduino/tools/arm-none-eabi-gcc/7-2017q4/bin/../lib/gcc/arm-none-eabi/7.2.1/../../../../arm-none-eabi/lib/thumb/v6-m\libc_nano.a(lib_a-nano-reallocr.o)
                0x000098d8                _realloc_r
 .text.__ssputs_r
                0x00009924       0xc4 c:/users/adam/appdata/local/arduino15/packages/arduino/tools/arm-none-eabi-gcc/7-2017q4/bin/../lib/gcc/arm-none-eabi/7.2.1/../../../../arm-none-eabi/lib/thumb/v6-m\libc_nano.a(lib_a-nano-svfprintf.o)
                0x00009924                __ssputs_r
 .text._svfprintf_r
                0x000099e8      0x1fc c:/users/adam/appdata/local/arduino15/packages/arduino/tools/arm-none-eabi-gcc/7-2017q4/bin/../lib/gcc/arm-none-eabi/7.2.1/../../../../arm-none-eabi/lib/thumb/v6-m\libc_nano.a(lib_a-nano-svfprintf.o)
                0x000099e8                _svfiprintf_r
                0x000099e8                _svfprintf_r
 .text._malloc_usable_size_r
                0x00009be4       0x10 c:/users/adam/appdata/local/arduino15/packages/arduino/tools/arm-none-eabi-gcc/7-2017q4/bin/../lib/gcc/arm-none-eabi/7.2.1/../../../../arm-none-eabi/lib/thumb/v6-m\libc_nano.a(lib_a-nano-msizer.o)
                0x00009be4                _malloc_usable_size_r
 .text          0x00009bf4       0x54 c:/users/adam/appdata/local/arduino15/packages/arduino/tools/arm-none-eabi-gcc/7-2017q4/bin/../lib/gcc/arm-none-eabi/7.2.1/thumb/v6-m\libgcc.a(_muldi3.o)
                0x00009bf4                __muldi3
                0x00009bf4                __aeabi_lmul
 .text          0x00009c48       0x74 c:/users/adam/appdata/local/arduino15/packages/arduino/tools/arm-none-eabi-gcc/7-2017q4/bin/../lib/gcc/arm-none-eabi/7.2.1/thumb/v6-m\libgcc.a(floatsidf.o)
                0x00009c48                __aeabi_i2d
 .text._sbrk    0x00009cbc       0x1c c:/users/adam/appdata/local/arduino15/packages/arduino/tools/arm-none-eabi-gcc/7-2017q4/bin/../lib/gcc/arm-none-eabi/7.2.1/../../../../arm-none-eabi/lib/thumb/v6-m\libnosys.a(sbrk.o)
                0x00009cbc                _sbrk
 *(.init)
 .init          0x00009cd8        0x4 c:/users/adam/appdata/local/arduino15/packages/arduino/tools/arm-none-eabi-gcc/7-2017q4/bin/../lib/gcc/arm-none-eabi/7.2.1/thumb/v6-m/crti.o
                0x00009cd8                _init
 .init          0x00009cdc        0x8 c:/users/adam/appdata/local/arduino15/packages/arduino/tools/arm-none-eabi-gcc/7-2017q4/bin/../lib/gcc/arm-none-eabi/7.2.1/thumb/v6-m/crtn.o
 *(.fini)
 .fini          0x00009ce4        0x4 c:/users/adam/appdata/local/arduino15/packages/arduino/tools/arm-none-eabi-gcc/7-2017q4/bin/../lib/gcc/arm-none-eabi/7.2.1/thumb/v6-m/crti.o
                0x00009ce4                _fini
 .fini          0x00009ce8        0x8 c:/users/adam/appdata/local/arduino15/packages/arduino/tools/arm-none-eabi-gcc/7-2017q4/bin/../lib/gcc/arm-none-eabi/7.2.1/thumb/v6-m/crtn.o
 *crtbegin.o(.ctors)
 *crtbegin?.o(.ctors)
 *(EXCLUDE_FILE(*crtend.o *crtend?.o) .ctors)
 *(SORT_BY_NAME(.ctors.*))
 *(.ctors)
 *crtbegin.o(.dtors)
 *crtbegin?.o(.dtors)
 *(EXCLUDE_FILE(*crtend.o *crtend?.o) .dtors)
 *(SORT_BY_NAME(.dtors.*))
 *(.dtors)
 *(.rodata*)
 .rodata._GLOBAL__sub_I__IO_POWER_KEY.str1.1
                0x00009cf0       0x2f D:\SourceTree\Maduino_Zero_SIM800C\Maduino_Zero_SIM800C_HTTP_POST\Output\Arduino_Zero__Native_USB_Port_\Debug\sketch\Maduino_Zero_SIM800C_HTTP_POST.ino.cpp.o
 .rodata._Z10Modem_Initv.str1.1
                0x00009d1f       0xd3 D:\SourceTree\Maduino_Zero_SIM800C\Maduino_Zero_SIM800C_HTTP_POST\Output\Arduino_Zero__Native_USB_Port_\Debug\sketch\Maduino_Zero_SIM800C_HTTP_POST.ino.cpp.o
 .rodata._Z14Modem_sendDataN7arduino6StringEib.str1.1
                0x00009df2        0xe D:\SourceTree\Maduino_Zero_SIM800C\Maduino_Zero_SIM800C_HTTP_POST\Output\Arduino_Zero__Native_USB_Port_\Debug\sketch\Maduino_Zero_SIM800C_HTTP_POST.ino.cpp.o
 .rodata._Z18Modem_clear_bufferv.str1.1
                0x00009e00        0xe D:\SourceTree\Maduino_Zero_SIM800C\Maduino_Zero_SIM800C_HTTP_POST\Output\Arduino_Zero__Native_USB_Port_\Debug\sketch\Maduino_Zero_SIM800C_HTTP_POST.ino.cpp.o
                                  0x1 (size before relaxing)
 .rodata._Z21Modem_Power_Down_Faili.str1.1
                0x00009e00       0x1a D:\SourceTree\Maduino_Zero_SIM800C\Maduino_Zero_SIM800C_HTTP_POST\Output\Arduino_Zero__Native_USB_Port_\Debug\sketch\Maduino_Zero_SIM800C_HTTP_POST.ino.cpp.o
 .rodata._Z21Modem_getcommand_prefN7arduino6StringE.str1.1
                0x00009e1a        0x2 D:\SourceTree\Maduino_Zero_SIM800C\Maduino_Zero_SIM800C_HTTP_POST\Output\Arduino_Zero__Native_USB_Port_\Debug\sketch\Maduino_Zero_SIM800C_HTTP_POST.ino.cpp.o
                                  0x4 (size before relaxing)
 .rodata._Z24Get_HTTP_Readings_Stringv.str1.1
                0x00009e1c       0xeb D:\SourceTree\Maduino_Zero_SIM800C\Maduino_Zero_SIM800C_HTTP_POST\Output\Arduino_Zero__Native_USB_Port_\Debug\sketch\Maduino_Zero_SIM800C_HTTP_POST.ino.cpp.o
                                 0xef (size before relaxing)
 .rodata.loop.str1.1
                0x00009f07       0xe8 D:\SourceTree\Maduino_Zero_SIM800C\Maduino_Zero_SIM800C_HTTP_POST\Output\Arduino_Zero__Native_USB_Port_\Debug\sketch\Maduino_Zero_SIM800C_HTTP_POST.ino.cpp.o
                                 0xea (size before relaxing)
 .rodata.setup.str1.1
                0x00009fef       0x17 D:\SourceTree\Maduino_Zero_SIM800C\Maduino_Zero_SIM800C_HTTP_POST\Output\Arduino_Zero__Native_USB_Port_\Debug\sketch\Maduino_Zero_SIM800C_HTTP_POST.ino.cpp.o
 *fill*         0x0000a006        0x2 
 .rodata.g_APinDescription
                0x0000a008      0x450 D:\SourceTree\Maduino_Zero_SIM800C\Maduino_Zero_SIM800C_HTTP_POST\Output\Arduino_Zero__Native_USB_Port_\Debug\core\variant.cpp.o
                0x0000a008                g_APinDescription
 .rodata._ZTV7Serial_
                0x0000a458       0x50 D:\SourceTree\Maduino_Zero_SIM800C\Maduino_Zero_SIM800C_HTTP_POST\Output\Arduino_Zero__Native_USB_Port_\Debug/core\core.a(CDC.cpp.o)
                0x0000a458                vtable for Serial_
 .rodata._ZTV26DoubleBufferedEPOutHandler
                0x0000a4a8       0x24 D:\SourceTree\Maduino_Zero_SIM800C\Maduino_Zero_SIM800C_HTTP_POST\Output\Arduino_Zero__Native_USB_Port_\Debug/core\core.a(USBCore.cpp.o)
                0x0000a4a8                vtable for DoubleBufferedEPOutHandler
 .rodata._ZL14STRING_PRODUCT
                0x0000a4cc        0xd D:\SourceTree\Maduino_Zero_SIM800C\Maduino_Zero_SIM800C_HTTP_POST\Output\Arduino_Zero__Native_USB_Port_\Debug/core\core.a(USBCore.cpp.o)
 *fill*         0x0000a4d9        0x1 
 .rodata._ZL15STRING_LANGUAGE
                0x0000a4da        0x4 D:\SourceTree\Maduino_Zero_SIM800C\Maduino_Zero_SIM800C_HTTP_POST\Output\Arduino_Zero__Native_USB_Port_\Debug/core\core.a(USBCore.cpp.o)
 .rodata._ZL19STRING_MANUFACTURER
                0x0000a4de        0xc D:\SourceTree\Maduino_Zero_SIM800C\Maduino_Zero_SIM800C_HTTP_POST\Output\Arduino_Zero__Native_USB_Port_\Debug/core\core.a(USBCore.cpp.o)
 .rodata._ZL21USB_DeviceDescriptorB
                0x0000a4ea       0x12 D:\SourceTree\Maduino_Zero_SIM800C\Maduino_Zero_SIM800C_HTTP_POST\Output\Arduino_Zero__Native_USB_Port_\Debug/core\core.a(USBCore.cpp.o)
 .rodata._ZTV4Uart
                0x0000a4fc       0x34 D:\SourceTree\Maduino_Zero_SIM800C\Maduino_Zero_SIM800C_HTTP_POST\Output\Arduino_Zero__Native_USB_Port_\Debug/core\core.a(Uart.cpp.o)
                0x0000a4fc                vtable for Uart
 .rodata._ZN7arduino5Print10printFloatEdi.str1.1
                0x0000a530        0xc D:\SourceTree\Maduino_Zero_SIM800C\Maduino_Zero_SIM800C_HTTP_POST\Output\Arduino_Zero__Native_USB_Port_\Debug/core\core.a(Print.cpp.o)
                                  0xe (size before relaxing)
 .rodata._ZN7arduino5Print7printlnEv.str1.1
                0x0000a53c        0xc D:\SourceTree\Maduino_Zero_SIM800C\Maduino_Zero_SIM800C_HTTP_POST\Output\Arduino_Zero__Native_USB_Port_\Debug/core\core.a(Print.cpp.o)
                                  0x3 (size before relaxing)
 .rodata._ZN7arduino6Stream10readStringEv.str1.1
                0x0000a53c        0x1 D:\SourceTree\Maduino_Zero_SIM800C\Maduino_Zero_SIM800C_HTTP_POST\Output\Arduino_Zero__Native_USB_Port_\Debug/core\core.a(Stream.cpp.o)
 .rodata.dtostrf.str1.1
                0x0000a53c        0x9 D:\SourceTree\Maduino_Zero_SIM800C\Maduino_Zero_SIM800C_HTTP_POST\Output\Arduino_Zero__Native_USB_Port_\Debug/core\core.a(dtostrf.c.o)
 *fill*         0x0000a545        0x3 
 .rodata        0x0000a548       0x40 c:/users/adam/appdata/local/arduino15/packages/arduino/tools/arm-none-eabi-gcc/7-2017q4/bin/../lib/gcc/arm-none-eabi/7.2.1/thumb/v6-m\libgcc.a(divdf3.o)
 .rodata        0x0000a588       0x40 c:/users/adam/appdata/local/arduino15/packages/arduino/tools/arm-none-eabi-gcc/7-2017q4/bin/../lib/gcc/arm-none-eabi/7.2.1/thumb/v6-m\libgcc.a(muldf3.o)
 .rodata._setlocale_r.str1.1
                0x0000a5c8        0x6 c:/users/adam/appdata/local/arduino15/packages/arduino/tools/arm-none-eabi-gcc/7-2017q4/bin/../lib/gcc/arm-none-eabi/7.2.1/../../../../arm-none-eabi/lib/thumb/v6-m\libc_nano.a(lib_a-locale.o)
                                  0x9 (size before relaxing)
 .rodata.str1.1
                0x0000a5ce        0x2 c:/users/adam/appdata/local/arduino15/packages/arduino/tools/arm-none-eabi-gcc/7-2017q4/bin/../lib/gcc/arm-none-eabi/7.2.1/../../../../arm-none-eabi/lib/thumb/v6-m\libc_nano.a(lib_a-locale.o)
 .rodata._printf_float.str1.1
                0x0000a5ce        0x8 c:/users/adam/appdata/local/arduino15/packages/arduino/tools/arm-none-eabi-gcc/7-2017q4/bin/../lib/gcc/arm-none-eabi/7.2.1/../../../../arm-none-eabi/lib/thumb/v6-m\libc_nano.a(lib_a-nano-vfprintf_float.o)
                                 0x12 (size before relaxing)
 .rodata._printf_i.str1.1
                0x0000a5d6       0x22 c:/users/adam/appdata/local/arduino15/packages/arduino/tools/arm-none-eabi-gcc/7-2017q4/bin/../lib/gcc/arm-none-eabi/7.2.1/../../../../arm-none-eabi/lib/thumb/v6-m\libc_nano.a(lib_a-nano-vfprintf_i.o)
 .rodata._ctype_
                0x0000a5f8      0x101 c:/users/adam/appdata/local/arduino15/packages/arduino/tools/arm-none-eabi-gcc/7-2017q4/bin/../lib/gcc/arm-none-eabi/7.2.1/../../../../arm-none-eabi/lib/thumb/v6-m\libc_nano.a(lib_a-ctype_.o)
                0x0000a5f8                _ctype_
 .rodata._dtoa_r.str1.1
                0x0000a6f9        0xd c:/users/adam/appdata/local/arduino15/packages/arduino/tools/arm-none-eabi-gcc/7-2017q4/bin/../lib/gcc/arm-none-eabi/7.2.1/../../../../arm-none-eabi/lib/thumb/v6-m\libc_nano.a(lib_a-dtoa.o)
                                  0xf (size before relaxing)
 *fill*         0x0000a706        0x2 
 .rodata.__mprec_bigtens
                0x0000a708       0x28 c:/users/adam/appdata/local/arduino15/packages/arduino/tools/arm-none-eabi-gcc/7-2017q4/bin/../lib/gcc/arm-none-eabi/7.2.1/../../../../arm-none-eabi/lib/thumb/v6-m\libc_nano.a(lib_a-mprec.o)
                0x0000a708                __mprec_bigtens
 .rodata.__mprec_tens
                0x0000a730       0xc8 c:/users/adam/appdata/local/arduino15/packages/arduino/tools/arm-none-eabi-gcc/7-2017q4/bin/../lib/gcc/arm-none-eabi/7.2.1/../../../../arm-none-eabi/lib/thumb/v6-m\libc_nano.a(lib_a-mprec.o)
                0x0000a730                __mprec_tens
 .rodata.p05.6084
                0x0000a7f8        0xc c:/users/adam/appdata/local/arduino15/packages/arduino/tools/arm-none-eabi-gcc/7-2017q4/bin/../lib/gcc/arm-none-eabi/7.2.1/../../../../arm-none-eabi/lib/thumb/v6-m\libc_nano.a(lib_a-mprec.o)
 .rodata._svfprintf_r.str1.1
                0x0000a804       0x11 c:/users/adam/appdata/local/arduino15/packages/arduino/tools/arm-none-eabi-gcc/7-2017q4/bin/../lib/gcc/arm-none-eabi/7.2.1/../../../../arm-none-eabi/lib/thumb/v6-m\libc_nano.a(lib_a-nano-svfprintf.o)
 *(.eh_frame*)
 *fill*         0x0000a815        0x3 
 .eh_frame      0x0000a818        0x0 c:/users/adam/appdata/local/arduino15/packages/arduino/tools/arm-none-eabi-gcc/7-2017q4/bin/../lib/gcc/arm-none-eabi/7.2.1/thumb/v6-m/crtbegin.o
 .eh_frame      0x0000a818        0x4 c:/users/adam/appdata/local/arduino15/packages/arduino/tools/arm-none-eabi-gcc/7-2017q4/bin/../lib/gcc/arm-none-eabi/7.2.1/thumb/v6-m/crtend.o

.glue_7         0x0000a81c        0x0
 .glue_7        0x0000a81c        0x0 linker stubs

.glue_7t        0x0000a81c        0x0
 .glue_7t       0x0000a81c        0x0 linker stubs

.vfp11_veneer   0x0000a81c        0x0
 .vfp11_veneer  0x0000a81c        0x0 linker stubs

.v4_bx          0x0000a81c        0x0
 .v4_bx         0x0000a81c        0x0 linker stubs

.iplt           0x0000a81c        0x0
 .iplt          0x0000a81c        0x0 c:/users/adam/appdata/local/arduino15/packages/arduino/tools/arm-none-eabi-gcc/7-2017q4/bin/../lib/gcc/arm-none-eabi/7.2.1/thumb/v6-m/crtbegin.o

.rel.dyn        0x0000a81c        0x0
 .rel.iplt      0x0000a81c        0x0 c:/users/adam/appdata/local/arduino15/packages/arduino/tools/arm-none-eabi-gcc/7-2017q4/bin/../lib/gcc/arm-none-eabi/7.2.1/thumb/v6-m/crtbegin.o

.ARM.extab
 *(.ARM.extab* .gnu.linkonce.armextab.*)
                0x0000a81c                __exidx_start = .

.ARM.exidx
 *(.ARM.exidx* .gnu.linkonce.armexidx.*)
                0x0000a81c                __exidx_end = .
                0x0000a81c                __etext = .

.data           0x20000000      0x210 load address 0x0000a81c
                0x20000000                __data_start__ = .
 *(vtable)
 *(.data*)
 .data          0x20000000        0x4 c:/users/adam/appdata/local/arduino15/packages/arduino/tools/arm-none-eabi-gcc/7-2017q4/bin/../lib/gcc/arm-none-eabi/7.2.1/thumb/v6-m/crtbegin.o
                0x20000000                __dso_handle
 .data._IO_POWER_KEY
                0x20000004        0x4 D:\SourceTree\Maduino_Zero_SIM800C\Maduino_Zero_SIM800C_HTTP_POST\Output\Arduino_Zero__Native_USB_Port_\Debug\sketch\Maduino_Zero_SIM800C_HTTP_POST.ino.cpp.o
                0x20000004                _IO_POWER_KEY
 .data.SystemCoreClock
                0x20000008        0x4 D:\SourceTree\Maduino_Zero_SIM800C\Maduino_Zero_SIM800C_HTTP_POST\Output\Arduino_Zero__Native_USB_Port_\Debug/core\core.a(wiring.c.o)
                0x20000008                SystemCoreClock
 .data._ADCResolution