Archive member included to satisfy reference by file (symbol)

D:\SourceTree\Maduino_Zero_SIM800C\Maduino_Zero_SIM800C_HTTP_POST\Output\Arduino_Zero__Native_USB_Port_\Debug/core\core.a(cortex_handlers.c.o)
                              (Reset_Handler)
D:\SourceTree\Maduino_Zero_SIM800C\Maduino_Zero_SIM800C_HTTP_POST\Output\Arduino_Zero__Native_USB_Port_\Debug/core\core.a(delay.c.o)
                              D:\SourceTree\Maduino_Zero_SIM800C\Maduino_Zero_SIM800C_HTTP_POST\Output\Arduino_Zero__Native_USB_Port_\Debug\sketch\Maduino_Zero_SIM800C_HTTP_POST.ino.cpp.o (millis)
D:\SourceTree\Maduino_Zero_SIM800C\Maduino_Zero_SIM800C_HTTP_POST\Output\Arduino_Zero__Native_USB_Port_\Debug/core\core.a(hooks.c.o)
                              D:\SourceTree\Maduino_Zero_SIM800C\Maduino_Zero_SIM800C_HTTP_POST\Output\Arduino_Zero__Native_USB_Port_\Debug/core\core.a(delay.c.o) (yield)
D:\SourceTree\Maduino_Zero_SIM800C\Maduino_Zero_SIM800C_HTTP_POST\Output\Arduino_Zero__Native_USB_Port_\Debug/core\core.a(startup.c.o)
                              D:\SourceTree\Maduino_Zero_SIM800C\Maduino_Zero_SIM800C_HTTP_POST\Output\Arduino_Zero__Native_USB_Port_\Debug/core\core.a(cortex_handlers.c.o) (SystemInit)
D:\SourceTree\Maduino_Zero_SIM800C\Maduino_Zero_SIM800C_HTTP_POST\Output\Arduino_Zero__Native_USB_Port_\Debug/core\core.a(wiring.c.o)
                              D:\SourceTree\Maduino_Zero_SIM800C\Maduino_Zero_SIM800C_HTTP_POST\Output\Arduino_Zero__Native_USB_Port_\Debug/core\core.a(startup.c.o) (SystemCoreClock)
D:\SourceTree\Maduino_Zero_SIM800C\Maduino_Zero_SIM800C_HTTP_POST\Output\Arduino_Zero__Native_USB_Port_\Debug/core\core.a(wiring_analog.c.o)
                              D:\SourceTree\Maduino_Zero_SIM800C\Maduino_Zero_SIM800C_HTTP_POST\Output\Arduino_Zero__Native_USB_Port_\Debug/core\core.a(wiring.c.o) (analogReference)
D:\SourceTree\Maduino_Zero_SIM800C\Maduino_Zero_SIM800C_HTTP_POST\Output\Arduino_Zero__Native_USB_Port_\Debug/core\core.a(wiring_digital.c.o)
                              D:\SourceTree\Maduino_Zero_SIM800C\Maduino_Zero_SIM800C_HTTP_POST\Output\Arduino_Zero__Native_USB_Port_\Debug\libraries\SAMD21_COM\SAMD21_COM.cpp.o (pinMode)
D:\SourceTree\Maduino_Zero_SIM800C\Maduino_Zero_SIM800C_HTTP_POST\Output\Arduino_Zero__Native_USB_Port_\Debug/core\core.a(wiring_private.c.o)
                              D:\SourceTree\Maduino_Zero_SIM800C\Maduino_Zero_SIM800C_HTTP_POST\Output\Arduino_Zero__Native_USB_Port_\Debug\libraries\Wire\Wire.cpp.o (pinPeripheral)
D:\SourceTree\Maduino_Zero_SIM800C\Maduino_Zero_SIM800C_HTTP_POST\Output\Arduino_Zero__Native_USB_Port_\Debug/core\core.a(Reset.cpp.o)
                              D:\SourceTree\Maduino_Zero_SIM800C\Maduino_Zero_SIM800C_HTTP_POST\Output\Arduino_Zero__Native_USB_Port_\Debug/core\core.a(delay.c.o) (tickReset)
D:\SourceTree\Maduino_Zero_SIM800C\Maduino_Zero_SIM800C_HTTP_POST\Output\Arduino_Zero__Native_USB_Port_\Debug/core\core.a(SERCOM.cpp.o)
                              D:\SourceTree\Maduino_Zero_SIM800C\Maduino_Zero_SIM800C_HTTP_POST\Output\Arduino_Zero__Native_USB_Port_\Debug\core\variant.cpp.o (SERCOM::SERCOM(Sercom*))
D:\SourceTree\Maduino_Zero_SIM800C\Maduino_Zero_SIM800C_HTTP_POST\Output\Arduino_Zero__Native_USB_Port_\Debug/core\core.a(CDC.cpp.o)
                              D:\SourceTree\Maduino_Zero_SIM800C\Maduino_Zero_SIM800C_HTTP_POST\Output\Arduino_Zero__Native_USB_Port_\Debug\sketch\Maduino_Zero_SIM800C_HTTP_POST.ino.cpp.o (Serial_::operator bool())
D:\SourceTree\Maduino_Zero_SIM800C\Maduino_Zero_SIM800C_HTTP_POST\Output\Arduino_Zero__Native_USB_Port_\Debug/core\core.a(USBCore.cpp.o)
                              D:\SourceTree\Maduino_Zero_SIM800C\Maduino_Zero_SIM800C_HTTP_POST\Output\Arduino_Zero__Native_USB_Port_\Debug/core\core.a(CDC.cpp.o) (usbd)
D:\SourceTree\Maduino_Zero_SIM800C\Maduino_Zero_SIM800C_HTTP_POST\Output\Arduino_Zero__Native_USB_Port_\Debug/core\core.a(Uart.cpp.o)
                              D:\SourceTree\Maduino_Zero_SIM800C\Maduino_Zero_SIM800C_HTTP_POST\Output\Arduino_Zero__Native_USB_Port_\Debug\sketch\Maduino_Zero_SIM800C_HTTP_POST.ino.cpp.o (Uart::begin(unsigned long))
D:\SourceTree\Maduino_Zero_SIM800C\Maduino_Zero_SIM800C_HTTP_POST\Output\Arduino_Zero__Native_USB_Port_\Debug/core\core.a(WMath.cpp.o)
                              D:\SourceTree\Maduino_Zero_SIM800C\Maduino_Zero_SIM800C_HTTP_POST\Output\Arduino_Zero__Native_USB_Port_\Debug\sketch\Maduino_Zero_SIM800C_HTTP_POST.ino.cpp.o (randomSeed(unsigned long))
D:\SourceTree\Maduino_Zero_SIM800C\Maduino_Zero_SIM800C_HTTP_POST\Output\Arduino_Zero__Native_USB_Port_\Debug/core\core.a(PluggableUSB.cpp.o)
                              D:\SourceTree\Maduino_Zero_SIM800C\Maduino_Zero_SIM800C_HTTP_POST\Output\Arduino_Zero__Native_USB_Port_\Debug/core\core.a(USBCore.cpp.o) (arduino::PluggableUSB_::getInterface(unsigned char*))
D:\SourceTree\Maduino_Zero_SIM800C\Maduino_Zero_SIM800C_HTTP_POST\Output\Arduino_Zero__Native_USB_Port_\Debug/core\core.a(Print.cpp.o)
[...]
Memory Configuration

Name             Origin             Length             Attributes
FLASH            0x00002000         0x0003e000         xr
RAM              0x20000000         0x00008000         xrw
*default*        0x00000000         0xffffffff

Linker script and memory map

LOAD c:/users/adam/appdata/local/arduino15/packages/arduino/tools/arm-none-eabi-gcc/7-2017q4/bin/../lib/gcc/arm-none-eabi/7.2.1/thumb/v6-m/crti.o
LOAD c:/users/adam/appdata/local/arduino15/packages/arduino/tools/arm-none-eabi-gcc/7-2017q4/bin/../lib/gcc/arm-none-eabi/7.2.1/thumb/v6-m/crtbegin.o
LOAD c:/users/adam/appdata/local/arduino15/packages/arduino/tools/arm-none-eabi-gcc/7-2017q4/bin/../lib/gcc/arm-none-eabi/7.2.1/../../../../arm-none-eabi/lib/thumb/v6-m/crt0.o
LOAD D:\SourceTree\Maduino_Zero_SIM800C\Maduino_Zero_SIM800C_HTTP_POST\Output\Arduino_Zero__Native_USB_Port_\Debug\sketch\Maduino_Zero_SIM800C_HTTP_POST.ino.cpp.o
LOAD D:\SourceTree\Maduino_Zero_SIM800C\Maduino_Zero_SIM800C_HTTP_POST\Output\Arduino_Zero__Native_USB_Port_\Debug\libraries\RTCZero\RTCZero.cpp.o
LOAD D:\SourceTree\Maduino_Zero_SIM800C\Maduino_Zero_SIM800C_HTTP_POST\Output\Arduino_Zero__Native_USB_Port_\Debug\libraries\SAMD21_COM\SAMD21_COM.cpp.o
LOAD D:\SourceTree\Maduino_Zero_SIM800C\Maduino_Zero_SIM800C_HTTP_POST\Output\Arduino_Zero__Native_USB_Port_\Debug\libraries\Wire\Wire.cpp.o
LOAD D:\SourceTree\Maduino_Zero_SIM800C\Maduino_Zero_SIM800C_HTTP_POST\Output\Arduino_Zero__Native_USB_Port_\Debug\core\variant.cpp.o
START GROUP
LOAD C:\Users\adam\AppData\Local\Arduino15\packages\arduino\tools\CMSIS\4.5.0/CMSIS/Lib/GCC/\libarm_cortexM0l_math.a
LOAD D:\SourceTree\Maduino_Zero_SIM800C\Maduino_Zero_SIM800C_HTTP_POST\Output\Arduino_Zero__Native_USB_Port_\Debug/core\core.a
END GROUP
LOAD c:/users/adam/appdata/local/arduino15/packages/arduino/tools/arm-none-eabi-gcc/7-2017q4/bin/../lib/gcc/arm-none-eabi/7.2.1/../../../../arm-none-eabi/lib/thumb/v6-m\libstdc++_nano.a
LOAD c:/users/adam/appdata/local/arduino15/packages/arduino/tools/arm-none-eabi-gcc/7-2017q4/bin/../lib/gcc/arm-none-eabi/7.2.1/../../../../arm-none-eabi/lib/thumb/v6-m\libm.a
START GROUP
LOAD c:/users/adam/appdata/local/arduino15/packages/arduino/tools/arm-none-eabi-gcc/7-2017q4/bin/../lib/gcc/arm-none-eabi/7.2.1/thumb/v6-m\libgcc.a
LOAD c:/users/adam/appdata/local/arduino15/packages/arduino/tools/arm-none-eabi-gcc/7-2017q4/bin/../lib/gcc/arm-none-eabi/7.2.1/../../../../arm-none-eabi/lib/thumb/v6-m\libc_nano.a
END GROUP
START GROUP
LOAD c:/users/adam/appdata/local/arduino15/packages/arduino/tools/arm-none-eabi-gcc/7-2017q4/bin/../lib/gcc/arm-none-eabi/7.2.1/thumb/v6-m\libgcc.a
LOAD c:/users/adam/appdata/local/arduino15/packages/arduino/tools/arm-none-eabi-gcc/7-2017q4/bin/../lib/gcc/arm-none-eabi/7.2.1/../../../../arm-none-eabi/lib/thumb/v6-m\libc_nano.a
LOAD c:/users/adam/appdata/local/arduino15/packages/arduino/tools/arm-none-eabi-gcc/7-2017q4/bin/../lib/gcc/arm-none-eabi/7.2.1/../../../../arm-none-eabi/lib/thumb/v6-m\libnosys.a
END GROUP
START GROUP
LOAD c:/users/adam/appdata/local/arduino15/packages/arduino/tools/arm-none-eabi-gcc/7-2017q4/bin/../lib/gcc/arm-none-eabi/7.2.1/thumb/v6-m\libgcc.a
LOAD c:/users/adam/appdata/local/arduino15/packages/arduino/tools/arm-none-eabi-gcc/7-2017q4/bin/../lib/gcc/arm-none-eabi/7.2.1/../../../../arm-none-eabi/lib/thumb/v6-m\libc_nano.a
LOAD c:/users/adam/appdata/local/arduino15/packages/arduino/tools/arm-none-eabi-gcc/7-2017q4/bin/../lib/gcc/arm-none-eabi/7.2.1/../../../../arm-none-eabi/lib/thumb/v6-m\libnosys.a
END GROUP
LOAD c:/users/adam/appdata/local/arduino15/packages/arduino/tools/arm-none-eabi-gcc/7-2017q4/bin/../lib/gcc/arm-none-eabi/7.2.1/thumb/v6-m/crtend.o
LOAD c:/users/adam/appdata/local/arduino15/packages/arduino/tools/arm-none-eabi-gcc/7-2017q4/bin/../lib/gcc/arm-none-eabi/7.2.1/thumb/v6-m/crtn.o

.text           0x00002000     0x9534
                0x00002000                __text_start__ = .
 *(.sketch_boot)
                0x00002000                . = ALIGN (0x2000)
 *(.isr_vector)
 .isr_vector    0x00002000       0xb4 D:\SourceTree\Maduino_Zero_SIM800C\Maduino_Zero_SIM800C_HTTP_POST\Output\Arduino_Zero__Native_USB_Port_\Debug/core\core.a(cortex_handlers.c.o)
                0x00002000                exception_table
 *(.text*)
 .text          0x000020b4       0x48 c:/users/adam/appdata/local/arduino15/packages/arduino/tools/arm-none-eabi-gcc/7-2017q4/bin/../lib/gcc/arm-none-eabi/7.2.1/thumb/v6-m/crtbegin.o
 .text._Z11Sleep_Enterv
                0x000020fc       0x2c D:\SourceTree\Maduino_Zero_SIM800C\Maduino_Zero_SIM800C_HTTP_POST\Output\Arduino_Zero__Native_USB_Port_\Debug\sketch\Maduino_Zero_SIM800C_HTTP_POST.ino.cpp.o
                0x000020fc                Sleep_Enter()
 .text._Z10PM_Controlb
                0x00002128      0x18c D:\SourceTree\Maduino_Zero_SIM800C\Maduino_Zero_SIM800C_HTTP_POST\Output\Arduino_Zero__Native_USB_Port_\Debug\sketch\Maduino_Zero_SIM800C_HTTP_POST.ino.cpp.o
                0x00002128                PM_Control(bool)
 .text._Z18Modem_clear_bufferv
                0x000022b4       0x20 D:\SourceTree\Maduino_Zero_SIM800C\Maduino_Zero_SIM800C_HTTP_POST\Output\Arduino_Zero__Native_USB_Port_\Debug\sketch\Maduino_Zero_SIM800C_HTTP_POST.ino.cpp.o
                0x000022b4                Modem_clear_buffer()
 .text._Z21Modem_Power_Down_Faili
                0x000022d4       0x30 D:\SourceTree\Maduino_Zero_SIM800C\Maduino_Zero_SIM800C_HTTP_POST\Output\Arduino_Zero__Native_USB_Port_\Debug\sketch\Maduino_Zero_SIM800C_HTTP_POST.ino.cpp.o
                0x000022d4                Modem_Power_Down_Fail(int)
 .text._Z17Modem_Reset_Pulsev
                0x00002304       0x28 D:\SourceTree\Maduino_Zero_SIM800C\Maduino_Zero_SIM800C_HTTP_POST\Output\Arduino_Zero__Native_USB_Port_\Debug\sketch\Maduino_Zero_SIM800C_HTTP_POST.ino.cpp.o
                0x00002304                Modem_Reset_Pulse()
 .text._Z21Modem_getcommand_prefN7arduino6StringE
                0x0000232c       0x68 D:\SourceTree\Maduino_Zero_SIM800C\Maduino_Zero_SIM800C_HTTP_POST\Output\Arduino_Zero__Native_USB_Port_\Debug\sketch\Maduino_Zero_SIM800C_HTTP_POST.ino.cpp.o
                0x0000232c                Modem_getcommand_pref(arduino::String)
 .text._Z24Get_HTTP_Readings_Stringv
                0x00002394      0x3a8 D:\SourceTree\Maduino_Zero_SIM800C\Maduino_Zero_SIM800C_HTTP_POST\Output\Arduino_Zero__Native_USB_Port_\Debug\sketch\Maduino_Zero_SIM800C_HTTP_POST.ino.cpp.o
                0x00002394                Get_HTTP_Readings_String()
 .text._Z8setup_iov
                0x0000273c      0x14e D:\SourceTree\Maduino_Zero_SIM800C\Maduino_Zero_SIM800C_HTTP_POST\Output\Arduino_Zero__Native_USB_Port_\Debug\sketch\Maduino_Zero_SIM800C_HTTP_POST.ino.cpp.o
                0x0000273c                setup_io()
 *fill*         0x0000288a        0x2 
 .text.startup._GLOBAL__sub_I_Program_Checksum
                0x0000288c      0x108 D:\SourceTree\Maduino_Zero_SIM800C\Maduino_Zero_SIM800C_HTTP_POST\Output\Arduino_Zero__Native_USB_Port_\Debug\sketch\Maduino_Zero_SIM800C_HTTP_POST.ino.cpp.o
 .text._Z10Sleep_Testv
                0x00002994       0x88 D:\SourceTree\Maduino_Zero_SIM800C\Maduino_Zero_SIM800C_HTTP_POST\Output\Arduino_Zero__Native_USB_Port_\Debug\sketch\Maduino_Zero_SIM800C_HTTP_POST.ino.cpp.o
                0x00002994                Sleep_Test()
 .text._Z14Modem_sendDataN7arduino6StringEib
                0x00002a1c      0x11c D:\SourceTree\Maduino_Zero_SIM800C\Maduino_Zero_SIM800C_HTTP_POST\Output\Arduino_Zero__Native_USB_Port_\Debug\sketch\Maduino_Zero_SIM800C_HTTP_POST.ino.cpp.o
                0x00002a1c                Modem_sendData(arduino::String, int, bool)
 .text._Z10Modem_Initv
                0x00002b38      0x2c0 D:\SourceTree\Maduino_Zero_SIM800C\Maduino_Zero_SIM800C_HTTP_POST\Output\Arduino_Zero__Native_USB_Port_\Debug\sketch\Maduino_Zero_SIM800C_HTTP_POST.ino.cpp.o
                0x00002b38                Modem_Init()
 .text.loop     0x00002df8      0x1e8 D:\SourceTree\Maduino_Zero_SIM800C\Maduino_Zero_SIM800C_HTTP_POST\Output\Arduino_Zero__Native_USB_Port_\Debug\sketch\Maduino_Zero_SIM800C_HTTP_POST.ino.cpp.o
                0x00002df8                loop
 .text.setup    0x00002fe0       0x8c D:\SourceTree\Maduino_Zero_SIM800C\Maduino_Zero_SIM800C_HTTP_POST\Output\Arduino_Zero__Native_USB_Port_\Debug\sketch\Maduino_Zero_SIM800C_HTTP_POST.ino.cpp.o
                0x00002fe0                setup
 .text._ZN7RTCZeroC2Ev
                0x0000306c        0x6 D:\SourceTree\Maduino_Zero_SIM800C\Maduino_Zero_SIM800C_HTTP_POST\Output\Arduino_Zero__Native_USB_Port_\Debug\libraries\RTCZero\RTCZero.cpp.o
                0x0000306c                RTCZero::RTCZero()
                0x0000306c                RTCZero::RTCZero()
 *fill*         0x00003072        0x2 
 .text.RTC_Handler
                0x00003074       0x1c D:\SourceTree\Maduino_Zero_SIM800C\Maduino_Zero_SIM800C_HTTP_POST\Output\Arduino_Zero__Native_USB_Port_\Debug\libraries\RTCZero\RTCZero.cpp.o
                0x00003074                RTC_Handler
 .text._ZN7RTCZero11enableAlarmENS_11Alarm_MatchE
                0x00003090       0x28 D:\SourceTree\Maduino_Zero_SIM800C\Maduino_Zero_SIM800C_HTTP_POST\Output\Arduino_Zero__Native_USB_Port_\Debug\libraries\RTCZero\RTCZero.cpp.o
                0x00003090                RTCZero::enableAlarm(RTCZero::Alarm_Match)
 .text._ZN7RTCZero12disableAlarmEv
                0x000030b8       0x1c D:\SourceTree\Maduino_Zero_SIM800C\Maduino_Zero_SIM800C_HTTP_POST\Output\Arduino_Zero__Native_USB_Port_\Debug\libraries\RTCZero\RTCZero.cpp.o
                0x000030b8                RTCZero::disableAlarm()
 .text._ZN7RTCZero15setAlarmSecondsEh
                0x000030d4       0x28 D:\SourceTree\Maduino_Zero_SIM800C\Maduino_Zero_SIM800C_HTTP_POST\Output\Arduino_Zero__Native_USB_Port_\Debug\libraries\RTCZero\RTCZero.cpp.o
                0x000030d4                RTCZero::setAlarmSeconds(unsigned char)
 .text._ZN7RTCZero15setAlarmMinutesEh
                0x000030fc       0x28 D:\SourceTree\Maduino_Zero_SIM800C\Maduino_Zero_SIM800C_HTTP_POST\Output\Arduino_Zero__Native_USB_Port_\Debug\libraries\RTCZero\RTCZero.cpp.o
                0x000030fc                RTCZero::setAlarmMinutes(unsigned char)
 .text._ZN7RTCZero13setAlarmHoursEh
                0x00003124       0x28 D:\SourceTree\Maduino_Zero_SIM800C\Maduino_Zero_SIM800C_HTTP_POST\Output\Arduino_Zero__Native_USB_Port_\Debug\libraries\RTCZero\RTCZero.cpp.o
                0x00003124                RTCZero::setAlarmHours(unsigned char)
 .text._ZN7RTCZero12setAlarmTimeEhhh
                0x0000314c       0x26 D:\SourceTree\Maduino_Zero_SIM800C\Maduino_Zero_SIM800C_HTTP_POST\Output\Arduino_Zero__Native_USB_Port_\Debug\libraries\RTCZero\RTCZero.cpp.o
                0x0000314c                RTCZero::setAlarmTime(unsigned char, unsigned char, unsigned char)
 *fill*         0x00003172        0x2 
 .text._ZN7RTCZero14RTCreadRequestEv
                0x00003174       0x1c D:\SourceTree\Maduino_Zero_SIM800C\Maduino_Zero_SIM800C_HTTP_POST\Output\Arduino_Zero__Native_USB_Port_\Debug\libraries\RTCZero\RTCZero.cpp.o
                0x00003174                RTCZero::RTCreadRequest()
 .text._ZN7RTCZero10getSecondsEv
                0x00003190       0x14 D:\SourceTree\Maduino_Zero_SIM800C\Maduino_Zero_SIM800C_HTTP_POST\Output\Arduino_Zero__Native_USB_Port_\Debug\libraries\RTCZero\RTCZero.cpp.o
                0x00003190                RTCZero::getSeconds()
 .text._Z9CPU_Resetv
                0x000031a4       0x1c D:\SourceTree\Maduino_Zero_SIM800C\Maduino_Zero_SIM800C_HTTP_POST\Output\Arduino_Zero__Native_USB_Port_\Debug\libraries\SAMD21_COM\SAMD21_COM.cpp.o
                0x000031a4                CPU_Reset()
 .text._Z10pinDigInitmmm
                0x000031c0       0x22 D:\SourceTree\Maduino_Zero_SIM800C\Maduino_Zero_SIM800C_HTTP_POST\Output\Arduino_Zero__Native_USB_Port_\Debug\libraries\SAMD21_COM\SAMD21_COM.cpp.o
                0x000031c0                pinDigInit(unsigned long, unsigned long, unsigned long)
 .text._ZN7arduino5Print17availableForWriteEv
                0x000031e2        0x4 D:\SourceTree\Maduino_Zero_SIM800C\Maduino_Zero_SIM800C_HTTP_POST\Output\Arduino_Zero__Native_USB_Port_\Debug\libraries\Wire\Wire.cpp.o
                0x000031e2                arduino::Print::availableForWrite()
 .text._ZN7arduino7TwoWire11requestFromEhj
                0x000031e6        0xc D:\SourceTree\Maduino_Zero_SIM800C\Maduino_Zero_SIM800C_HTTP_POST\Output\Arduino_Zero__Native_USB_Port_\Debug\libraries\Wire\Wire.cpp.o
                0x000031e6                arduino::TwoWire::requestFrom(unsigned char, unsigned int)
 .text._ZN7arduino7TwoWire17beginTransmissionEh
                0x000031f2       0x18 D:\SourceTree\Maduino_Zero_SIM800C\Maduino_Zero_SIM800C_HTTP_POST\Output\Arduino_Zero__Native_USB_Port_\Debug\libraries\Wire\Wire.cpp.o
                0x000031f2                arduino::TwoWire::beginTransmission(unsigned char)
 .text._ZN7arduino7TwoWire15endTransmissionEv
                0x0000320a        0xc D:\SourceTree\Maduino_Zero_SIM800C\Maduino_Zero_SIM800C_HTTP_POST\Output\Arduino_Zero__Native_USB_Port_\Debug\libraries\Wire\Wire.cpp.o
                0x0000320a                arduino::TwoWire::endTransmission()
 .text._ZN7arduino7TwoWire5writeEPKhj
                0x00003216       0x24 D:\SourceTree\Maduino_Zero_SIM800C\Maduino_Zero_SIM800C_HTTP_POST\Output\Arduino_Zero__Native_USB_Port_\Debug\libraries\Wire\Wire.cpp.o
                0x00003216                arduino::TwoWire::write(unsigned char const*, unsigned int)
 .text._ZN7arduino7TwoWire9availableEv
                0x0000323a        0x6 D:\SourceTree\Maduino_Zero_SIM800C\Maduino_Zero_SIM800C_HTTP_POST\Output\Arduino_Zero__Native_USB_Port_\Debug\libraries\Wire\Wire.cpp.o
                0x0000323a                arduino::TwoWire::available()
 .text._ZN7arduino7TwoWire5flushEv
                0x00003240        0x2 D:\SourceTree\Maduino_Zero_SIM800C\Maduino_Zero_SIM800C_HTTP_POST\Output\Arduino_Zero__Native_USB_Port_\Debug\libraries\Wire\Wire.cpp.o
                0x00003240                arduino::TwoWire::flush()
 .text._ZN7arduino7TwoWire9onReceiveEPFviE
                0x00003242        0x8 D:\SourceTree\Maduino_Zero_SIM800C\Maduino_Zero_SIM800C_HTTP_POST\Output\Arduino_Zero__Native_USB_Port_\Debug\libraries\Wire\Wire.cpp.o
                0x00003242                arduino::TwoWire::onReceive(void (*)(int))
 .text._ZN7arduino7TwoWire9onRequestEPFvvE
                0x0000324a        0x8 D:\SourceTree\Maduino_Zero_SIM800C\Maduino_Zero_SIM800C_HTTP_POST\Output\Arduino_Zero__Native_USB_Port_\Debug\libraries\Wire\Wire.cpp.o
                0x0000324a                arduino::TwoWire::onRequest(void (*)())
 .text._ZN7arduino7TwoWire4peekEv
                0x00003252       0x18 D:\SourceTree\Maduino_Zero_SIM800C\Maduino_Zero_SIM800C_HTTP_POST\Output\Arduino_Zero__Native_USB_Port_\Debug\libraries\Wire\Wire.cpp.o
                0x00003252                arduino::TwoWire::peek()
 *fill*         0x0000326a        0x2 
 .text._ZN7arduino7TwoWire5beginEv
                0x0000326c       0x40 D:\SourceTree\Maduino_Zero_SIM800C\Maduino_Zero_SIM800C_HTTP_POST\Output\Arduino_Zero__Native_USB_Port_\Debug\libraries\Wire\Wire.cpp.o
                0x0000326c                arduino::TwoWire::begin()
 .text._ZN7arduino7TwoWire8setClockEm
                0x000032ac       0x1c D:\SourceTree\Maduino_Zero_SIM800C\Maduino_Zero_SIM800C_HTTP_POST\Output\Arduino_Zero__Native_USB_Port_\Debug\libraries\Wire\Wire.cpp.o
                0x000032ac                arduino::TwoWire::setClock(unsigned long)
 .text._ZN7arduino7TwoWire3endEv
                0x000032c8        0xa D:\SourceTree\Maduino_Zero_SIM800C\Maduino_Zero_SIM800C_HTTP_POST\Output\Arduino_Zero__Native_USB_Port_\Debug\libraries\Wire\Wire.cpp.o
                0x000032c8                arduino::TwoWire::end()
 *fill*         0x000032d2        0x2 
 .text._ZN7arduino7TwoWireC2EP6SERCOMhh
                0x000032d4       0x64 D:\SourceTree\Maduino_Zero_SIM800C\Maduino_Zero_SIM800C_HTTP_POST\Output\Arduino_Zero__Native_USB_Port_\Debug\libraries\Wire\Wire.cpp.o
                0x000032d4                arduino::TwoWire::TwoWire(SERCOM*, unsigned char, unsigned char)
                0x000032d4                arduino::TwoWire::TwoWire(SERCOM*, unsigned char, unsigned char)
 .text._ZN7arduino7TwoWire5beginEhb
                0x00003338       0x38 D:\SourceTree\Maduino_Zero_SIM800C\Maduino_Zero_SIM800C_HTTP_POST\Output\Arduino_Zero__Native_USB_Port_\Debug\libraries\Wire\Wire.cpp.o
                0x00003338                arduino::TwoWire::begin(unsigned char, bool)
 .text._ZN7arduino7TwoWire5beginEh
                0x00003370        0xa D:\SourceTree\Maduino_Zero_SIM800C\Maduino_Zero_SIM800C_HTTP_POST\Output\Arduino_Zero__Native_USB_Port_\Debug\libraries\Wire\Wire.cpp.o
                0x00003370                arduino::TwoWire::begin(unsigned char)
 .text._ZN7arduino11RingBufferNILi256EE10store_charEh
                0x0000337a       0x24 D:\SourceTree\Maduino_Zero_SIM800C\Maduino_Zero_SIM800C_HTTP_POST\Output\Arduino_Zero__Native_USB_Port_\Debug\libraries\Wire\Wire.cpp.o
                0x0000337a                arduino::RingBufferN<256>::store_char(unsigned char)
 .text._ZN7arduino7TwoWire11requestFromEhjb
                0x0000339e       0x90 D:\SourceTree\Maduino_Zero_SIM800C\Maduino_Zero_SIM800C_HTTP_POST\Output\Arduino_Zero__Native_USB_Port_\Debug\libraries\Wire\Wire.cpp.o
                0x0000339e                arduino::TwoWire::requestFrom(unsigned char, unsigned int, bool)
 .text._ZN7arduino7TwoWire5writeEh
                0x0000342e       0x28 D:\SourceTree\Maduino_Zero_SIM800C\Maduino_Zero_SIM800C_HTTP_POST\Output\Arduino_Zero__Native_USB_Port_\Debug\libraries\Wire\Wire.cpp.o
                0x0000342e                arduino::TwoWire::write(unsigned char)
 .text._ZN7arduino11RingBufferNILi256EE9read_charEv
                0x00003456       0x24 D:\SourceTree\Maduino_Zero_SIM800C\Maduino_Zero_SIM800C_HTTP_POST\Output\Arduino_Zero__Native_USB_Port_\Debug\libraries\Wire\Wire.cpp.o
                0x00003456                arduino::RingBufferN<256>::read_char()
 .text._ZN7arduino7TwoWire15endTransmissionEb
                0x0000347a       0x66 D:\SourceTree\Maduino_Zero_SIM800C\Maduino_Zero_SIM800C_HTTP_POST\Output\Arduino_Zero__Native_USB_Port_\Debug\libraries\Wire\Wire.cpp.o
                0x0000347a                arduino::TwoWire::endTransmission(bool)
 .text._ZN7arduino7TwoWire4readEv
                0x000034e0        0xa D:\SourceTree\Maduino_Zero_SIM800C\Maduino_Zero_SIM800C_HTTP_POST\Output\Arduino_Zero__Native_USB_Port_\Debug\libraries\Wire\Wire.cpp.o
                0x000034e0                arduino::TwoWire::read()
 .text._ZN7arduino7TwoWire9onServiceEv
                0x000034ea      0x114 D:\SourceTree\Maduino_Zero_SIM800C\Maduino_Zero_SIM800C_HTTP_POST\Output\Arduino_Zero__Native_USB_Port_\Debug\libraries\Wire\Wire.cpp.o
                0x000034ea                arduino::TwoWire::onService()
 *fill*         0x000035fe        0x2 
 .text.SERCOM3_Handler
                0x00003600       0x10 D:\SourceTree\Maduino_Zero_SIM800C\Maduino_Zero_SIM800C_HTTP_POST\Output\Arduino_Zero__Native_USB_Port_\Debug\libraries\Wire\Wire.cpp.o
                0x00003600                SERCOM3_Handler
 .text.startup._GLOBAL__sub_I__ZN7arduino7TwoWireC2EP6SERCOMhh
                0x00003610       0x18 D:\SourceTree\Maduino_Zero_SIM800C\Maduino_Zero_SIM800C_HTTP_POST\Output\Arduino_Zero__Native_USB_Port_\Debug\libraries\Wire\Wire.cpp.o
 .text.SERCOM0_Handler
                0x00003628       0x10 D:\SourceTree\Maduino_Zero_SIM800C\Maduino_Zero_SIM800C_HTTP_POST\Output\Arduino_Zero__Native_USB_Port_\Debug\core\variant.cpp.o
                0x00003628                SERCOM0_Handler
 .text.SERCOM5_Handler
                0x00003638       0x10 D:\SourceTree\Maduino_Zero_SIM800C\Maduino_Zero_SIM800C_HTTP_POST\Output\Arduino_Zero__Native_USB_Port_\Debug\core\variant.cpp.o
                0x00003638                SERCOM5_Handler
 .text.startup._GLOBAL__sub_I_g_APinDescription
                0x00003648       0x94 D:\SourceTree\Maduino_Zero_SIM800C\Maduino_Zero_SIM800C_HTTP_POST\Output\Arduino_Zero__Native_USB_Port_\Debug\core\variant.cpp.o
 .text.Dummy_Handler
                0x000036dc        0x2 D:\SourceTree\Maduino_Zero_SIM800C\Maduino_Zero_SIM800C_HTTP_POST\Output\Arduino_Zero__Native_USB_Port_\Debug/core\core.a(cortex_handlers.c.o)
                0x000036dc                DMAC_Handler
                0x000036dc                HardFault_Handler
                0x000036dc                AC_Handler
                0x000036dc                PendSV_Handler
                0x000036dc                NMI_Handler
                0x000036dc                TC7_Handler
                0x000036dc                SERCOM1_Handler
                0x000036dc                ADC_Handler
                0x000036dc                TCC1_Handler
                0x000036dc                SERCOM2_Handler
                0x000036dc                TCC0_Handler
                0x000036dc                EIC_Handler
                0x000036dc                TC6_Handler
                0x000036dc                WDT_Handler
                0x000036dc                TC4_Handler
                0x000036dc                TC3_Handler
                0x000036dc                Dummy_Handler
                0x000036dc                PM_Handler
                0x000036dc                SVC_Handler
                0x000036dc                TCC2_Handler
                0x000036dc                EVSYS_Handler
                0x000036dc                SERCOM4_Handler
                0x000036dc                I2S_Handler
                0x000036dc                NVMCTRL_Handler
                0x000036dc                DAC_Handler
                0x000036dc                PTC_Handler
                0x000036dc                SYSCTRL_Handler
 *fill*         0x000036de        0x2 
 .text.USB_Handler
                0x000036e0       0x14 D:\SourceTree\Maduino_Zero_SIM800C\Maduino_Zero_SIM800C_HTTP_POST\Output\Arduino_Zero__Native_USB_Port_\Debug/core\core.a(cortex_handlers.c.o)
                0x000036e0                USB_Handler
 .text.Reset_Handler
                0x000036f4       0x54 D:\SourceTree\Maduino_Zero_SIM800C\Maduino_Zero_SIM800C_HTTP_POST\Output\Arduino_Zero__Native_USB_Port_\Debug/core\core.a(cortex_handlers.c.o)
                0x000036f4                Reset_Handler
 .text.SysTick_Handler
                0x00003748       0x10 D:\SourceTree\Maduino_Zero_SIM800C\Maduino_Zero_SIM800C_HTTP_POST\Output\Arduino_Zero__Native_USB_Port_\Debug/core\core.a(cortex_handlers.c.o)
                0x00003748                SysTick_Handler
 .text.USB_SetHandler
                0x00003758        0xc D:\SourceTree\Maduino_Zero_SIM800C\Maduino_Zero_SIM800C_HTTP_POST\Output\Arduino_Zero__Native_USB_Port_\Debug/core\core.a(cortex_handlers.c.o)
                0x00003758                USB_SetHandler
 .text.millis   0x00003764        0xc D:\SourceTree\Maduino_Zero_SIM800C\Maduino_Zero_SIM800C_HTTP_POST\Output\Arduino_Zero__Native_USB_Port_\Debug/core\core.a(delay.c.o)
                0x00003764                millis
 .text.micros   0x00003770       0x60 D:\SourceTree\Maduino_Zero_SIM800C\Maduino_Zero_SIM800C_HTTP_POST\Output\Arduino_Zero__Native_USB_Port_\Debug/core\core.a(delay.c.o)
                0x00003770                micros
 .text.delay    0x000037d0       0x30 D:\SourceTree\Maduino_Zero_SIM800C\Maduino_Zero_SIM800C_HTTP_POST\Output\Arduino_Zero__Native_USB_Port_\Debug/core\core.a(delay.c.o)
                0x000037d0                delay
 .text.resetExternalChip
                0x00003800        0x2 D:\SourceTree\Maduino_Zero_SIM800C\Maduino_Zero_SIM800C_HTTP_POST\Output\Arduino_Zero__Native_USB_Port_\Debug/core\core.a(delay.c.o)
                0x00003800                resetExternalChip
 *fill*         0x00003802        0x2 
 .text.SysTick_DefaultHandler
                0x00003804       0x14 D:\SourceTree\Maduino_Zero_SIM800C\Maduino_Zero_SIM800C_HTTP_POST\Output\Arduino_Zero__Native_USB_Port_\Debug/core\core.a(delay.c.o)
                0x00003804                SysTick_DefaultHandler
 .text.__empty  0x00003818        0x2 D:\SourceTree\Maduino_Zero_SIM800C\Maduino_Zero_SIM800C_HTTP_POST\Output\Arduino_Zero__Native_USB_Port_\Debug/core\core.a(hooks.c.o)
                0x00003818                yield
 .text.__false  0x0000381a        0x4 D:\SourceTree\Maduino_Zero_SIM800C\Maduino_Zero_SIM800C_HTTP_POST\Output\Arduino_Zero__Native_USB_Port_\Debug/core\core.a(hooks.c.o)
                0x0000381a                sysTickHook
 *fill*         0x0000381e        0x2 
 .text.SystemInit
                0x00003820      0x160 D:\SourceTree\Maduino_Zero_SIM800C\Maduino_Zero_SIM800C_HTTP_POST\Output\Arduino_Zero__Native_USB_Port_\Debug/core\core.a(startup.c.o)
                0x00003820                SystemInit
 .text.init     0x00003980       0xf0 D:\SourceTree\Maduino_Zero_SIM800C\Maduino_Zero_SIM800C_HTTP_POST\Output\Arduino_Zero__Native_USB_Port_\Debug/core\core.a(wiring.c.o)
                0x00003980                init
 .text.mapResolution
                0x00003a70       0x12 D:\SourceTree\Maduino_Zero_SIM800C\Maduino_Zero_SIM800C_HTTP_POST\Output\Arduino_Zero__Native_USB_Port_\Debug/core\core.a(wiring_analog.c.o)
 *fill*         0x00003a82        0x2 
 .text.analogReference
                0x00003a84       0x64 D:\SourceTree\Maduino_Zero_SIM800C\Maduino_Zero_SIM800C_HTTP_POST\Output\Arduino_Zero__Native_USB_Port_\Debug/core\core.a(wiring_analog.c.o)
                0x00003a84                analogReference
 .text.analogRead
                0x00003ae8       0xdc D:\SourceTree\Maduino_Zero_SIM800C\Maduino_Zero_SIM800C_HTTP_POST\Output\Arduino_Zero__Native_USB_Port_\Debug/core\core.a(wiring_analog.c.o)
                0x00003ae8                analogRead
 .text.pinMode  0x00003bc4       0x98 D:\SourceTree\Maduino_Zero_SIM800C\Maduino_Zero_SIM800C_HTTP_POST\Output\Arduino_Zero__Native_USB_Port_\Debug/core\core.a(wiring_digital.c.o)
                0x00003bc4                pinMode
 .text.digitalWrite
                0x00003c5c       0x58 D:\SourceTree\Maduino_Zero_SIM800C\Maduino_Zero_SIM800C_HTTP_POST\Output\Arduino_Zero__Native_USB_Port_\Debug/core\core.a(wiring_digital.c.o)
                0x00003c5c                digitalWrite
 .text.pinPeripheral
                0x00003cb4       0xc0 D:\SourceTree\Maduino_Zero_SIM800C\Maduino_Zero_SIM800C_HTTP_POST\Output\Arduino_Zero__Native_USB_Port_\Debug/core\core.a(wiring_private.c.o)
                0x00003cb4                pinPeripheral
 .text.initiateReset
                0x00003d74       0x14 D:\SourceTree\Maduino_Zero_SIM800C\Maduino_Zero_SIM800C_HTTP_POST\Output\Arduino_Zero__Native_USB_Port_\Debug/core\core.a(Reset.cpp.o)
                0x00003d74                initiateReset
 .text.cancelReset
                0x00003d88       0x10 D:\SourceTree\Maduino_Zero_SIM800C\Maduino_Zero_SIM800C_HTTP_POST\Output\Arduino_Zero__Native_USB_Port_\Debug/core\core.a(Reset.cpp.o)
                0x00003d88                cancelReset
 .text.tickReset
                0x00003d98       0x78 D:\SourceTree\Maduino_Zero_SIM800C\Maduino_Zero_SIM800C_HTTP_POST\Output\Arduino_Zero__Native_USB_Port_\Debug/core\core.a(Reset.cpp.o)
                0x00003d98                tickReset
 .text._ZN6SERCOMC2EP6Sercom
                0x00003e10        0x4 D:\SourceTree\Maduino_Zero_SIM800C\Maduino_Zero_SIM800C_HTTP_POST\Output\Arduino_Zero__Native_USB_Port_\Debug/core\core.a(SERCOM.cpp.o)
                0x00003e10                SERCOM::SERCOM(Sercom*)
                0x00003e10                SERCOM::SERCOM(Sercom*)
 .text._ZN6SERCOM9initFrameE18SercomUartCharSize15SercomDataOrder16SercomParityMode19SercomNumberStopBit
                0x00003e14       0x3a D:\SourceTree\Maduino_Zero_SIM800C\Maduino_Zero_SIM800C_HTTP_POST\Output\Arduino_Zero__Native_USB_Port_\Debug/core\core.a(SERCOM.cpp.o)
                0x00003e14                SERCOM::initFrame(SercomUartCharSize, SercomDataOrder, SercomParityMode, SercomNumberStopBit)
 .text._ZN6SERCOM8initPadsE15SercomUartTXPad11SercomRXPad
                0x00003e4e       0x26 D:\SourceTree\Maduino_Zero_SIM800C\Maduino_Zero_SIM800C_HTTP_POST\Output\Arduino_Zero__Native_USB_Port_\Debug/core\core.a(SERCOM.cpp.o)
                0x00003e4e                SERCOM::initPads(SercomUartTXPad, SercomRXPad)
 .text._ZN6SERCOM9resetUARTEv
                0x00003e74       0x1a D:\SourceTree\Maduino_Zero_SIM800C\Maduino_Zero_SIM800C_HTTP_POST\Output\Arduino_Zero__Native_USB_Port_\Debug/core\core.a(SERCOM.cpp.o)
                0x00003e74                SERCOM::resetUART()
 .text._ZN6SERCOM10enableUARTEv
                0x00003e8e       0x14 D:\SourceTree\Maduino_Zero_SIM800C\Maduino_Zero_SIM800C_HTTP_POST\Output\Arduino_Zero__Native_USB_Port_\Debug/core\core.a(SERCOM.cpp.o)
                0x00003e8e                SERCOM::enableUART()
 .text._ZN6SERCOM9flushUARTEv
                0x00003ea2        0xa D:\SourceTree\Maduino_Zero_SIM800C\Maduino_Zero_SIM800C_HTTP_POST\Output\Arduino_Zero__Native_USB_Port_\Debug/core\core.a(SERCOM.cpp.o)
                0x00003ea2                SERCOM::flushUART()
 .text._ZN6SERCOM15clearStatusUARTEv
                0x00003eac        0x8 D:\SourceTree\Maduino_Zero_SIM800C\Maduino_Zero_SIM800C_HTTP_POST\Output\Arduino_Zero__Native_USB_Port_\Debug/core\core.a(SERCOM.cpp.o)
                0x00003eac                SERCOM::clearStatusUART()
 .text._ZN6SERCOM17availableDataUARTEv
                0x00003eb4        0xa D:\SourceTree\Maduino_Zero_SIM800C\Maduino_Zero_SIM800C_HTTP_POST\Output\Arduino_Zero__Native_USB_Port_\Debug/core\core.a(SERCOM.cpp.o)
                0x00003eb4                SERCOM::availableDataUART()
 .text._ZN6SERCOM11isUARTErrorEv
                0x00003ebe        0x8 D:\SourceTree\Maduino_Zero_SIM800C\Maduino_Zero_SIM800C_HTTP_POST\Output\Arduino_Zero__Native_USB_Port_\Debug/core\core.a(SERCOM.cpp.o)
                0x00003ebe                SERCOM::isUARTError()
 .text._ZN6SERCOM20acknowledgeUARTErrorEv
                0x00003ec6        0xe D:\SourceTree\Maduino_Zero_SIM800C\Maduino_Zero_SIM800C_HTTP_POST\Output\Arduino_Zero__Native_USB_Port_\Debug/core\core.a(SERCOM.cpp.o)
                0x00003ec6                SERCOM::acknowledgeUARTError()
 .text._ZN6SERCOM16isFrameErrorUARTEv
                0x00003ed4        0xa D:\SourceTree\Maduino_Zero_SIM800C\Maduino_Zero_SIM800C_HTTP_POST\Output\Arduino_Zero__Native_USB_Port_\Debug/core\core.a(SERCOM.cpp.o)
                0x00003ed4                SERCOM::isFrameErrorUART()
 .text._ZN6SERCOM19clearFrameErrorUARTEv
                0x00003ede        0xc D:\SourceTree\Maduino_Zero_SIM800C\Maduino_Zero_SIM800C_HTTP_POST\Output\Arduino_Zero__Native_USB_Port_\Debug/core\core.a(SERCOM.cpp.o)
                0x00003ede                SERCOM::clearFrameErrorUART()
 .text._ZN6SERCOM23isDataRegisterEmptyUARTEv
                0x00003eea        0xa D:\SourceTree\Maduino_Zero_SIM800C\Maduino_Zero_SIM800C_HTTP_POST\Output\Arduino_Zero__Native_USB_Port_\Debug/core\core.a(SERCOM.cpp.o)
                0x00003eea                SERCOM::isDataRegisterEmptyUART()
 .text._ZN6SERCOM12readDataUARTEv
                0x00003ef4        0x8 D:\SourceTree\Maduino_Zero_SIM800C\Maduino_Zero_SIM800C_HTTP_POST\Output\Arduino_Zero__Native_USB_Port_\Debug/core\core.a(SERCOM.cpp.o)
                0x00003ef4                SERCOM::readDataUART()
 .text._ZN6SERCOM13writeDataUARTEh
                0x00003efc       0x10 D:\SourceTree\Maduino_Zero_SIM800C\Maduino_Zero_SIM800C_HTTP_POST\Output\Arduino_Zero__Native_USB_Port_\Debug/core\core.a(SERCOM.cpp.o)
                0x00003efc                SERCOM::writeDataUART(unsigned char)
 .text._ZN6SERCOM36enableDataRegisterEmptyInterruptUARTEv
                0x00003f0c        0x8 D:\SourceTree\Maduino_Zero_SIM800C\Maduino_Zero_SIM800C_HTTP_POST\Output\Arduino_Zero__Native_USB_Port_\Debug/core\core.a(SERCOM.cpp.o)
                0x00003f0c                SERCOM::enableDataRegisterEmptyInterruptUART()
 .text._ZN6SERCOM37disableDataRegisterEmptyInterruptUARTEv
                0x00003f14        0x8 D:\SourceTree\Maduino_Zero_SIM800C\Maduino_Zero_SIM800C_HTTP_POST\Output\Arduino_Zero__Native_USB_Port_\Debug/core\core.a(SERCOM.cpp.o)
                0x00003f14                SERCOM::disableDataRegisterEmptyInterruptUART()
 .text._ZN6SERCOM9resetWIREEv
                0x00003f1c       0x1a D:\SourceTree\Maduino_Zero_SIM800C\Maduino_Zero_SIM800C_HTTP_POST\Output\Arduino_Zero__Native_USB_Port_\Debug/core\core.a(SERCOM.cpp.o)
                0x00003f1c                SERCOM::resetWIRE()
 .text._ZN6SERCOM10enableWIREEv
                0x00003f36       0x2a D:\SourceTree\Maduino_Zero_SIM800C\Maduino_Zero_SIM800C_HTTP_POST\Output\Arduino_Zero__Native_USB_Port_\Debug/core\core.a(SERCOM.cpp.o)
                0x00003f36                SERCOM::enableWIRE()
 .text._ZN6SERCOM11disableWIREEv
                0x00003f60       0x14 D:\SourceTree\Maduino_Zero_SIM800C\Maduino_Zero_SIM800C_HTTP_POST\Output\Arduino_Zero__Native_USB_Port_\Debug/core\core.a(SERCOM.cpp.o)
                0x00003f60                SERCOM::disableWIRE()
 .text._ZN6SERCOM18prepareNackBitWIREEv
                0x00003f74       0x10 D:\SourceTree\Maduino_Zero_SIM800C\Maduino_Zero_SIM800C_HTTP_POST\Output\Arduino_Zero__Native_USB_Port_\Debug/core\core.a(SERCOM.cpp.o)
                0x00003f74                SERCOM::prepareNackBitWIRE()
 .text._ZN6SERCOM17prepareAckBitWIREEv
                0x00003f84       0x14 D:\SourceTree\Maduino_Zero_SIM800C\Maduino_Zero_SIM800C_HTTP_POST\Output\Arduino_Zero__Native_USB_Port_\Debug/core\core.a(SERCOM.cpp.o)
                0x00003f84                SERCOM::prepareAckBitWIRE()
 .text._ZN6SERCOM22prepareCommandBitsWireEh
                0x00003f98       0x2c D:\SourceTree\Maduino_Zero_SIM800C\Maduino_Zero_SIM800C_HTTP_POST\Output\Arduino_Zero__Native_USB_Port_\Debug/core\core.a(SERCOM.cpp.o)
                0x00003f98                SERCOM::prepareCommandBitsWire(unsigned char)
 .text._ZN6SERCOM21startTransmissionWIREEh23SercomWireReadWriteFlag
                0x00003fc4       0x84 D:\SourceTree\Maduino_Zero_SIM800C\Maduino_Zero_SIM800C_HTTP_POST\Output\Arduino_Zero__Native_USB_Port_\Debug/core\core.a(SERCOM.cpp.o)
                0x00003fc4                SERCOM::startTransmissionWIRE(unsigned char, SercomWireReadWriteFlag)
 .text._ZN6SERCOM18sendDataMasterWIREEh
                0x00004048       0x24 D:\SourceTree\Maduino_Zero_SIM800C\Maduino_Zero_SIM800C_HTTP_POST\Output\Arduino_Zero__Native_USB_Port_\Debug/core\core.a(SERCOM.cpp.o)
                0x00004048                SERCOM::sendDataMasterWIRE(unsigned char)
 .text._ZN6SERCOM17sendDataSlaveWIREEh
                0x0000406c       0x1c D:\SourceTree\Maduino_Zero_SIM800C\Maduino_Zero_SIM800C_HTTP_POST\Output\Arduino_Zero__Native_USB_Port_\Debug/core\core.a(SERCOM.cpp.o)
                0x0000406c                SERCOM::sendDataSlaveWIRE(unsigned char)
 .text._ZN6SERCOM11isSlaveWIREEv
                0x00004088       0x12 D:\SourceTree\Maduino_Zero_SIM800C\Maduino_Zero_SIM800C_HTTP_POST\Output\Arduino_Zero__Native_USB_Port_\Debug/core\core.a(SERCOM.cpp.o)
                0x00004088                SERCOM::isSlaveWIRE()
 .text._ZN6SERCOM14isBusOwnerWIREEv
                0x0000409a       0x12 D:\SourceTree\Maduino_Zero_SIM800C\Maduino_Zero_SIM800C_HTTP_POST\Output\Arduino_Zero__Native_USB_Port_\Debug/core\core.a(SERCOM.cpp.o)
                0x0000409a                SERCOM::isBusOwnerWIRE()
 .text._ZN6SERCOM15isDataReadyWIREEv
                0x000040ac        0xa D:\SourceTree\Maduino_Zero_SIM800C\Maduino_Zero_SIM800C_HTTP_POST\Output\Arduino_Zero__Native_USB_Port_\Debug/core\core.a(SERCOM.cpp.o)
                0x000040ac                SERCOM::isDataReadyWIRE()
 .text._ZN6SERCOM18isStopDetectedWIREEv
                0x000040b6        0xa D:\SourceTree\Maduino_Zero_SIM800C\Maduino_Zero_SIM800C_HTTP_POST\Output\Arduino_Zero__Native_USB_Port_\Debug/core\core.a(SERCOM.cpp.o)
                0x000040b6                SERCOM::isStopDetectedWIRE()
 .text._ZN6SERCOM21isRestartDetectedWIREEv
                0x000040c0        0xa D:\SourceTree\Maduino_Zero_SIM800C\Maduino_Zero_SIM800C_HTTP_POST\Output\Arduino_Zero__Native_USB_Port_\Debug/core\core.a(SERCOM.cpp.o)
                0x000040c0                SERCOM::isRestartDetectedWIRE()
 .text._ZN6SERCOM14isAddressMatchEv
                0x000040ca        0xa D:\SourceTree\Maduino_Zero_SIM800C\Maduino_Zero_SIM800C_HTTP_POST\Output\Arduino_Zero__Native_USB_Port_\Debug/core\core.a(SERCOM.cpp.o)
                0x000040ca                SERCOM::isAddressMatch()
 .text._ZN6SERCOM25isMasterReadOperationWIREEv
                0x000040d4        0xa D:\SourceTree\Maduino_Zero_SIM800C\Maduino_Zero_SIM800C_HTTP_POST\Output\Arduino_Zero__Native_USB_Port_\Debug/core\core.a(SERCOM.cpp.o)
                0x000040d4                SERCOM::isMasterReadOperationWIRE()
 .text._ZN6SERCOM12readDataWIREEv
                0x000040de       0x20 D:\SourceTree\Maduino_Zero_SIM800C\Maduino_Zero_SIM800C_HTTP_POST\Output\Arduino_Zero__Native_USB_Port_\Debug/core\core.a(SERCOM.cpp.o)
                0x000040de                SERCOM::readDataWIRE()
 *fill*         0x000040fe        0x2 
 .text._ZN6SERCOM13initClockNVICEv
                0x00004100       0xa8 D:\SourceTree\Maduino_Zero_SIM800C\Maduino_Zero_SIM800C_HTTP_POST\Output\Arduino_Zero__Native_USB_Port_\Debug/core\core.a(SERCOM.cpp.o)
                0x00004100                SERCOM::initClockNVIC()
 .text._ZN6SERCOM8initUARTE14SercomUartMode20SercomUartSampleRatem
                0x000041a8       0x6c D:\SourceTree\Maduino_Zero_SIM800C\Maduino_Zero_SIM800C_HTTP_POST\Output\Arduino_Zero__Native_USB_Port_\Debug/core\core.a(SERCOM.cpp.o)
                0x000041a8                SERCOM::initUART(SercomUartMode, SercomUartSampleRate, unsigned long)
 .text._ZN6SERCOM13initSlaveWIREEhb
                0x00004214       0x4a D:\SourceTree\Maduino_Zero_SIM800C\Maduino_Zero_SIM800C_HTTP_POST\Output\Arduino_Zero__Native_USB_Port_\Debug/core\core.a(SERCOM.cpp.o)
                0x00004214                SERCOM::initSlaveWIRE(unsigned char, bool)
 *fill*         0x0000425e        0x2 
 .text._ZN6SERCOM14initMasterWIREEm
                0x00004260       0x54 D:\SourceTree\Maduino_Zero_SIM800C\Maduino_Zero_SIM800C_HTTP_POST\Output\Arduino_Zero__Native_USB_Port_\Debug/core\core.a(SERCOM.cpp.o)
                0x00004260                SERCOM::initMasterWIRE(unsigned long)
 .text._ZN7Serial_13getDescriptorERN7arduino8USBSetupE
                0x000042b4        0x4 D:\SourceTree\Maduino_Zero_SIM800C\Maduino_Zero_SIM800C_HTTP_POST\Output\Arduino_Zero__Native_USB_Port_\Debug/core\core.a(CDC.cpp.o)
                0x000042b4                Serial_::getDescriptor(arduino::USBSetup&)
 .text._ZL5utox8mPc
                0x000042b8       0x24 D:\SourceTree\Maduino_Zero_SIM800C\Maduino_Zero_SIM800C_HTTP_POST\Output\Arduino_Zero__Native_USB_Port_\Debug/core\core.a(CDC.cpp.o)
 .text._ZN7Serial_12getShortNameEPc
                0x000042dc       0x44 D:\SourceTree\Maduino_Zero_SIM800C\Maduino_Zero_SIM800C_HTTP_POST\Output\Arduino_Zero__Native_USB_Port_\Debug/core\core.a(CDC.cpp.o)
                0x000042dc                Serial_::getShortName(char*)
 .text._ZThn16_N7Serial_12getShortNameEPc
                0x00004320       0x10 D:\SourceTree\Maduino_Zero_SIM800C\Maduino_Zero_SIM800C_HTTP_POST\Output\Arduino_Zero__Native_USB_Port_\Debug/core\core.a(CDC.cpp.o)
                0x00004320                non-virtual thunk to Serial_::getShortName(char*)
 .text._ZN7Serial_17availableForWriteEv
                0x00004330        0x4 D:\SourceTree\Maduino_Zero_SIM800C\Maduino_Zero_SIM800C_HTTP_POST\Output\Arduino_Zero__Native_USB_Port_\Debug/core\core.a(CDC.cpp.o)
                0x00004330                Serial_::availableForWrite()
 .text._ZN7Serial_5writeEh
                0x00004334       0x14 D:\SourceTree\Maduino_Zero_SIM800C\Maduino_Zero_SIM800C_HTTP_POST\Output\Arduino_Zero__Native_USB_Port_\Debug/core\core.a(CDC.cpp.o)
                0x00004334                Serial_::write(unsigned char)
 .text._ZN7Serial_12getInterfaceEPh
                0x00004348      0x11c D:\SourceTree\Maduino_Zero_SIM800C\Maduino_Zero_SIM800C_HTTP_POST\Output\Arduino_Zero__Native_USB_Port_\Debug/core\core.a(CDC.cpp.o)
                0x00004348                Serial_::getInterface(unsigned char*)
 .text._ZThn16_N7Serial_12getInterfaceEPh
                0x00004464       0x10 D:\SourceTree\Maduino_Zero_SIM800C\Maduino_Zero_SIM800C_HTTP_POST\Output\Arduino_Zero__Native_USB_Port_\Debug/core\core.a(CDC.cpp.o)
                0x00004464                non-virtual thunk to Serial_::getInterface(unsigned char*)
 .text._ZN7Serial_5setupERN7arduino8USBSetupE
                0x00004474       0x98 D:\SourceTree\Maduino_Zero_SIM800C\Maduino_Zero_SIM800C_HTTP_POST\Output\Arduino_Zero__Native_USB_Port_\Debug/core\core.a(CDC.cpp.o)
                0x00004474                Serial_::setup(arduino::USBSetup&)
 .text._ZThn16_N7Serial_5setupERN7arduino8USBSetupE
                0x0000450c       0x10 D:\SourceTree\Maduino_Zero_SIM800C\Maduino_Zero_SIM800C_HTTP_POST\Output\Arduino_Zero__Native_USB_Port_\Debug/core\core.a(CDC.cpp.o)
                0x0000450c                non-virtual thunk to Serial_::setup(arduino::USBSetup&)
 .text._ZN7Serial_9availableEv
                0x0000451c       0x20 D:\SourceTree\Maduino_Zero_SIM800C\Maduino_Zero_SIM800C_HTTP_POST\Output\Arduino_Zero__Native_USB_Port_\Debug/core\core.a(CDC.cpp.o)
                0x0000451c                Serial_::available()
 .text._ZN7Serial_5flushEv
                0x0000453c        0xe D:\SourceTree\Maduino_Zero_SIM800C\Maduino_Zero_SIM800C_HTTP_POST\Output\Arduino_Zero__Native_USB_Port_\Debug/core\core.a(CDC.cpp.o)
                0x0000453c                Serial_::flush()
 .text._ZN7Serial_5clearEv
                0x0000454a        0xe D:\SourceTree\Maduino_Zero_SIM800C\Maduino_Zero_SIM800C_HTTP_POST\Output\Arduino_Zero__Native_USB_Port_\Debug/core\core.a(CDC.cpp.o)
                0x0000454a                Serial_::clear()
 .text._ZN7Serial_5writeEPKhj
                0x00004558       0x1e D:\SourceTree\Maduino_Zero_SIM800C\Maduino_Zero_SIM800C_HTTP_POST\Output\Arduino_Zero__Native_USB_Port_\Debug/core\core.a(CDC.cpp.o)
                0x00004558                Serial_::write(unsigned char const*, unsigned int)
 *fill*         0x00004576        0x2 
 .text._ZN7Serial_4peekEv
                0x00004578       0x1c D:\SourceTree\Maduino_Zero_SIM800C\Maduino_Zero_SIM800C_HTTP_POST\Output\Arduino_Zero__Native_USB_Port_\Debug/core\core.a(CDC.cpp.o)
                0x00004578                Serial_::peek()
 .text._ZN7Serial_4readEv
                0x00004594       0x24 D:\SourceTree\Maduino_Zero_SIM800C\Maduino_Zero_SIM800C_HTTP_POST\Output\Arduino_Zero__Native_USB_Port_\Debug/core\core.a(CDC.cpp.o)
                0x00004594                Serial_::read()
 .text._ZThn16_N7Serial_13getDescriptorERN7arduino8USBSetupE
                0x000045b8        0x4 D:\SourceTree\Maduino_Zero_SIM800C\Maduino_Zero_SIM800C_HTTP_POST\Output\Arduino_Zero__Native_USB_Port_\Debug/core\core.a(CDC.cpp.o)
                0x000045b8                non-virtual thunk to Serial_::getDescriptor(arduino::USBSetup&)
 .text._ZN7Serial_14handleEndpointEi
                0x000045bc        0x2 D:\SourceTree\Maduino_Zero_SIM800C\Maduino_Zero_SIM800C_HTTP_POST\Output\Arduino_Zero__Native_USB_Port_\Debug/core\core.a(CDC.cpp.o)
                0x000045bc                Serial_::handleEndpoint(int)
 *fill*         0x000045be        0x2 
 .text._ZN7Serial_C2ER14USBDeviceClass
                0x000045c0       0x50 D:\SourceTree\Maduino_Zero_SIM800C\Maduino_Zero_SIM800C_HTTP_POST\Output\Arduino_Zero__Native_USB_Port_\Debug/core\core.a(CDC.cpp.o)
                0x000045c0                Serial_::Serial_(USBDeviceClass&)
                0x000045c0                Serial_::Serial_(USBDeviceClass&)
 .text._ZN7Serial_15enableInterruptEv
                0x00004610       0x30 D:\SourceTree\Maduino_Zero_SIM800C\Maduino_Zero_SIM800C_HTTP_POST\Output\Arduino_Zero__Native_USB_Port_\Debug/core\core.a(CDC.cpp.o)
                0x00004610                Serial_::enableInterrupt()
 .text._ZN7Serial_5beginEm
                0x00004640        0x2 D:\SourceTree\Maduino_Zero_SIM800C\Maduino_Zero_SIM800C_HTTP_POST\Output\Arduino_Zero__Native_USB_Port_\Debug/core\core.a(CDC.cpp.o)
                0x00004640                Serial_::begin(unsigned long)
 *fill*         0x00004642        0x2 
 .text._ZN7Serial_cvbEv
                0x00004644       0x28 D:\SourceTree\Maduino_Zero_SIM800C\Maduino_Zero_SIM800C_HTTP_POST\Output\Arduino_Zero__Native_USB_Port_\Debug/core\core.a(CDC.cpp.o)
                0x00004644                Serial_::operator bool()
 .text.startup._GLOBAL__sub_I__ZN7Serial_12getInterfaceEPh
                0x0000466c       0x14 D:\SourceTree\Maduino_Zero_SIM800C\Maduino_Zero_SIM800C_HTTP_POST\Output\Arduino_Zero__Native_USB_Port_\Debug/core\core.a(CDC.cpp.o)
 .text._ZN26DoubleBufferedEPOutHandlerD2Ev
                0x00004680        0x2 D:\SourceTree\Maduino_Zero_SIM800C\Maduino_Zero_SIM800C_HTTP_POST\Output\Arduino_Zero__Native_USB_Port_\Debug/core\core.a(USBCore.cpp.o)
                0x00004680                DoubleBufferedEPOutHandler::~DoubleBufferedEPOutHandler()
                0x00004680                DoubleBufferedEPOutHandler::~DoubleBufferedEPOutHandler()
 .text._ZN26DoubleBufferedEPOutHandlerD0Ev
                0x00004682        0xc D:\SourceTree\Maduino_Zero_SIM800C\Maduino_Zero_SIM800C_HTTP_POST\Output\Arduino_Zero__Native_USB_Port_\Debug/core\core.a(USBCore.cpp.o)
                0x00004682                DoubleBufferedEPOutHandler::~DoubleBufferedEPOutHandler()
 *fill*         0x0000468e        0x2 
 .text._ZN14USBDeviceClass6initEPEmm.part.7
                0x00004690       0xc4 D:\SourceTree\Maduino_Zero_SIM800C\Maduino_Zero_SIM800C_HTTP_POST\Output\Arduino_Zero__Native_USB_Port_\Debug/core\core.a(USBCore.cpp.o)
 .text._ZN7__GuardC2Ev
                0x00004754        0xe D:\SourceTree\Maduino_Zero_SIM800C\Maduino_Zero_SIM800C_HTTP_POST\Output\Arduino_Zero__Native_USB_Port_\Debug/core\core.a(USBCore.cpp.o)
                0x00004754                __Guard::__Guard()
                0x00004754                __Guard::__Guard()
 .text._ZN7__GuardD2Ev
                0x00004762        0xe D:\SourceTree\Maduino_Zero_SIM800C\Maduino_Zero_SIM800C_HTTP_POST\Output\Arduino_Zero__Native_USB_Port_\Debug/core\core.a(USBCore.cpp.o)
                0x00004762                __Guard::~__Guard()
                0x00004762                __Guard::~__Guard()
 .text._ZNK26DoubleBufferedEPOutHandler10_availableEv
                0x00004770       0x70 D:\SourceTree\Maduino_Zero_SIM800C\Maduino_Zero_SIM800C_HTTP_POST\Output\Arduino_Zero__Native_USB_Port_\Debug/core\core.a(USBCore.cpp.o)
                0x00004770                DoubleBufferedEPOutHandler::_available() const
 .text._ZN26DoubleBufferedEPOutHandler7releaseEv
                0x000047e0       0x38 D:\SourceTree\Maduino_Zero_SIM800C\Maduino_Zero_SIM800C_HTTP_POST\Output\Arduino_Zero__Native_USB_Port_\Debug/core\core.a(USBCore.cpp.o)
                0x000047e0                DoubleBufferedEPOutHandler::release()
 .text._ZN26DoubleBufferedEPOutHandler14handleEndpointEv
                0x00004818       0xe2 D:\SourceTree\Maduino_Zero_SIM800C\Maduino_Zero_SIM800C_HTTP_POST\Output\Arduino_Zero__Native_USB_Port_\Debug/core\core.a(USBCore.cpp.o)
                0x00004818                DoubleBufferedEPOutHandler::handleEndpoint()
 .text._ZN14USBDeviceClass14SendInterfacesEPm
                0x000048fa       0x20 D:\SourceTree\Maduino_Zero_SIM800C\Maduino_Zero_SIM800C_HTTP_POST\Output\Arduino_Zero__Native_USB_Port_\Debug/core\core.a(USBCore.cpp.o)
                0x000048fa                USBDeviceClass::SendInterfaces(unsigned long*)
 *fill*         0x0000491a        0x2 
 .text._ZN14USBDeviceClass4initEv
                0x0000491c      0x18c D:\SourceTree\Maduino_Zero_SIM800C\Maduino_Zero_SIM800C_HTTP_POST\Output\Arduino_Zero__Native_USB_Port_\Debug/core\core.a(USBCore.cpp.o)
                0x0000491c                USBDeviceClass::init()
 .text._ZN14USBDeviceClass6attachEv
                0x00004aa8       0x34 D:\SourceTree\Maduino_Zero_SIM800C\Maduino_Zero_SIM800C_HTTP_POST\Output\Arduino_Zero__Native_USB_Port_\Debug/core\core.a(USBCore.cpp.o)
                0x00004aa8                USBDeviceClass::attach()
 .text._ZN14USBDeviceClass10setAddressEm
                0x00004adc       0x48 D:\SourceTree\Maduino_Zero_SIM800C\Maduino_Zero_SIM800C_HTTP_POST\Output\Arduino_Zero__Native_USB_Port_\Debug/core\core.a(USBCore.cpp.o)
                0x00004adc                USBDeviceClass::setAddress(unsigned long)
 .text._ZN14USBDeviceClass25handleClassInterfaceSetupERN7arduino8USBSetupE
                0x00004b24       0x24 D:\SourceTree\Maduino_Zero_SIM800C\Maduino_Zero_SIM800C_HTTP_POST\Output\Arduino_Zero__Native_USB_Port_\Debug/core\core.a(USBCore.cpp.o)
                0x00004b24                USBDeviceClass::handleClassInterfaceSetup(arduino::USBSetup&)
 .text._ZN14USBDeviceClass6initEPEmm
                0x00004b48      0x10c D:\SourceTree\Maduino_Zero_SIM800C\Maduino_Zero_SIM800C_HTTP_POST\Output\Arduino_Zero__Native_USB_Port_\Debug/core\core.a(USBCore.cpp.o)
                0x00004b48                USBDeviceClass::initEP(unsigned long, unsigned long)
 .text._ZN14USBDeviceClass13initEndpointsEv
                0x00004c54       0x24 D:\SourceTree\Maduino_Zero_SIM800C\Maduino_Zero_SIM800C_HTTP_POST\Output\Arduino_Zero__Native_USB_Port_\Debug/core\core.a(USBCore.cpp.o)
                0x00004c54                USBDeviceClass::initEndpoints()
 .text._ZN14USBDeviceClass5clearEm
                0x00004c78       0x38 D:\SourceTree\Maduino_Zero_SIM800C\Maduino_Zero_SIM800C_HTTP_POST\Output\Arduino_Zero__Native_USB_Port_\Debug/core\core.a(USBCore.cpp.o)
                0x00004c78                USBDeviceClass::clear(unsigned long)
 .text._ZN14USBDeviceClass9availableEm
                0x00004cb0       0x2c D:\SourceTree\Maduino_Zero_SIM800C\Maduino_Zero_SIM800C_HTTP_POST\Output\Arduino_Zero__Native_USB_Port_\Debug/core\core.a(USBCore.cpp.o)
                0x00004cb0                USBDeviceClass::available(unsigned long)
 .text._ZN14USBDeviceClass5flushEm
                0x00004cdc       0x2c D:\SourceTree\Maduino_Zero_SIM800C\Maduino_Zero_SIM800C_HTTP_POST\Output\Arduino_Zero__Native_USB_Port_\Debug/core\core.a(USBCore.cpp.o)
                0x00004cdc                USBDeviceClass::flush(unsigned long)
 .text._ZN14USBDeviceClass4recvEmPvm
                0x00004d08       0xdc D:\SourceTree\Maduino_Zero_SIM800C\Maduino_Zero_SIM800C_HTTP_POST\Output\Arduino_Zero__Native_USB_Port_\Debug/core\core.a(USBCore.cpp.o)
                0x00004d08                USBDeviceClass::recv(unsigned long, void*, unsigned long)
 .text._ZN14USBDeviceClass4recvEm
                0x00004de4       0x1c D:\SourceTree\Maduino_Zero_SIM800C\Maduino_Zero_SIM800C_HTTP_POST\Output\Arduino_Zero__Native_USB_Port_\Debug/core\core.a(USBCore.cpp.o)
                0x00004de4                USBDeviceClass::recv(unsigned long)
 .text._ZN14USBDeviceClass14armRecvCtrlOUTEm
                0x00004e00       0x5c D:\SourceTree\Maduino_Zero_SIM800C\Maduino_Zero_SIM800C_HTTP_POST\Output\Arduino_Zero__Native_USB_Port_\Debug/core\core.a(USBCore.cpp.o)
                0x00004e00                USBDeviceClass::armRecvCtrlOUT(unsigned long)
 .text._ZN14USBDeviceClass11recvControlEPvm
                0x00004e5c       0x28 D:\SourceTree\Maduino_Zero_SIM800C\Maduino_Zero_SIM800C_HTTP_POST\Output\Arduino_Zero__Native_USB_Port_\Debug/core\core.a(USBCore.cpp.o)
                0x00004e5c                USBDeviceClass::recvControl(void*, unsigned long)
 .text._ZN14USBDeviceClass4sendEmPKvm
                0x00004e84      0x124 D:\SourceTree\Maduino_Zero_SIM800C\Maduino_Zero_SIM800C_HTTP_POST\Output\Arduino_Zero__Native_USB_Port_\Debug/core\core.a(USBCore.cpp.o)
                0x00004e84                USBDeviceClass::send(unsigned long, void const*, unsigned long)
 .text._ZN14USBDeviceClass7armSendEmPKvm
                0x00004fa8       0x48 D:\SourceTree\Maduino_Zero_SIM800C\Maduino_Zero_SIM800C_HTTP_POST\Output\Arduino_Zero__Native_USB_Port_\Debug/core\core.a(USBCore.cpp.o)
                0x00004fa8                USBDeviceClass::armSend(unsigned long, void const*, unsigned long)
 .text._ZN14USBDeviceClass11sendControlEPKvm
                0x00004ff0       0x54 D:\SourceTree\Maduino_Zero_SIM800C\Maduino_Zero_SIM800C_HTTP_POST\Output\Arduino_Zero__Native_USB_Port_\Debug/core\core.a(USBCore.cpp.o)
                0x00004ff0                USBDeviceClass::sendControl(void const*, unsigned long)
 .text._ZN14USBDeviceClass20sendStringDescriptorEPKhm
                0x00005044       0x64 D:\SourceTree\Maduino_Zero_SIM800C\Maduino_Zero_SIM800C_HTTP_POST\Output\Arduino_Zero__Native_USB_Port_\Debug/core\core.a(USBCore.cpp.o)
                0x00005044                USBDeviceClass::sendStringDescriptor(unsigned char const*, unsigned long)
 .text._ZN14USBDeviceClass17sendConfigurationEm
                0x000050a8       0x80 D:\SourceTree\Maduino_Zero_SIM800C\Maduino_Zero_SIM800C_HTTP_POST\Output\Arduino_Zero__Native_USB_Port_\Debug/core\core.a(USBCore.cpp.o)
                0x000050a8                USBDeviceClass::sendConfiguration(unsigned long)
 .text._ZN14USBDeviceClass14sendDescriptorERN7arduino8USBSetupE
                0x00005128       0xd8 D:\SourceTree\Maduino_Zero_SIM800C\Maduino_Zero_SIM800C_HTTP_POST\Output\Arduino_Zero__Native_USB_Port_\Debug/core\core.a(USBCore.cpp.o)
                0x00005128                USBDeviceClass::sendDescriptor(arduino::USBSetup&)
 .text._ZN14USBDeviceClass7sendZlpEm
                0x00005200       0x18 D:\SourceTree\Maduino_Zero_SIM800C\Maduino_Zero_SIM800C_HTTP_POST\Output\Arduino_Zero__Native_USB_Port_\Debug/core\core.a(USBCore.cpp.o)
                0x00005200                USBDeviceClass::sendZlp(unsigned long)
 .text._ZN14USBDeviceClass19handleStandardSetupERN7arduino8USBSetupE
                0x00005218       0xf0 D:\SourceTree\Maduino_Zero_SIM800C\Maduino_Zero_SIM800C_HTTP_POST\Output\Arduino_Zero__Native_USB_Port_\Debug/core\core.a(USBCore.cpp.o)
                0x00005218                USBDeviceClass::handleStandardSetup(arduino::USBSetup&)
 .text._ZN14USBDeviceClass10ISRHandlerEv
                0x00005308      0x150 D:\SourceTree\Maduino_Zero_SIM800C\Maduino_Zero_SIM800C_HTTP_POST\Output\Arduino_Zero__Native_USB_Port_\Debug/core\core.a(USBCore.cpp.o)
                0x00005308                USBDeviceClass::ISRHandler()
 .text.UDD_Handler
                0x00005458       0x10 D:\SourceTree\Maduino_Zero_SIM800C\Maduino_Zero_SIM800C_HTTP_POST\Output\Arduino_Zero__Native_USB_Port_\Debug/core\core.a(USBCore.cpp.o)
                0x00005458                UDD_Handler
 .text._ZN7arduino13PluggableUSB_C2Ev
                0x00005468       0x10 D:\SourceTree\Maduino_Zero_SIM800C\Maduino_Zero_SIM800C_HTTP_POST\Output\Arduino_Zero__Native_USB_Port_\Debug/core\core.a(USBCore.cpp.o)
                0x00005468                arduino::PluggableUSB_::PluggableUSB_()
                0x00005468                arduino::PluggableUSB_::PluggableUSB_()
 .text._Z8epBufferj
                0x00005478        0xc D:\SourceTree\Maduino_Zero_SIM800C\Maduino_Zero_SIM800C_HTTP_POST\Output\Arduino_Zero__Native_USB_Port_\Debug/core\core.a(USBCore.cpp.o)
                0x00005478                epBuffer(unsigned int)
 .text._ZN7arduino11RingBufferNILi64EE10store_charEh
                0x00005484       0x1c D:\SourceTree\Maduino_Zero_SIM800C\Maduino_Zero_SIM800C_HTTP_POST\Output\Arduino_Zero__Native_USB_Port_\Debug/core\core.a(USBCore.cpp.o)
                0x00005484                arduino::RingBufferN<64>::store_char(unsigned char)
 .text._ZN26DoubleBufferedEPOutHandler5_recvEv
                0x000054a0      0x15e D:\SourceTree\Maduino_Zero_SIM800C\Maduino_Zero_SIM800C_HTTP_POST\Output\Arduino_Zero__Native_USB_Port_\Debug/core\core.a(USBCore.cpp.o)
                0x000054a0                DoubleBufferedEPOutHandler::_recv()
 .text._ZN26DoubleBufferedEPOutHandler9availableEv
                0x000055fe        0xc D:\SourceTree\Maduino_Zero_SIM800C\Maduino_Zero_SIM800C_HTTP_POST\Output\Arduino_Zero__Native_USB_Port_\Debug/core\core.a(USBCore.cpp.o)
                0x000055fe                DoubleBufferedEPOutHandler::available()
 .text._ZN26DoubleBufferedEPOutHandler4peekEv
                0x0000560a       0x1c D:\SourceTree\Maduino_Zero_SIM800C\Maduino_Zero_SIM800C_HTTP_POST\Output\Arduino_Zero__Native_USB_Port_\Debug/core\core.a(USBCore.cpp.o)
                0x0000560a                DoubleBufferedEPOutHandler::peek()
 .text._ZN26DoubleBufferedEPOutHandler4recvEPvm
                0x00005626       0x60 D:\SourceTree\Maduino_Zero_SIM800C\Maduino_Zero_SIM800C_HTTP_POST\Output\Arduino_Zero__Native_USB_Port_\Debug/core\core.a(USBCore.cpp.o)
                0x00005626                DoubleBufferedEPOutHandler::recv(void*, unsigned long)
 *fill*         0x00005686        0x2 
 .text.startup._GLOBAL__sub_I_usbd
                0x00005688       0x10 D:\SourceTree\Maduino_Zero_SIM800C\Maduino_Zero_SIM800C_HTTP_POST\Output\Arduino_Zero__Native_USB_Port_\Debug/core\core.a(USBCore.cpp.o)
 .text._ZN4UartcvbEv
                0x00005698        0x4 D:\SourceTree\Maduino_Zero_SIM800C\Maduino_Zero_SIM800C_HTTP_POST\Output\Arduino_Zero__Native_USB_Port_\Debug/core\core.a(Uart.cpp.o)
                0x00005698                Uart::operator bool()
 .text._ZN4Uart5beginEm
                0x0000569c       0x10 D:\SourceTree\Maduino_Zero_SIM800C\Maduino_Zero_SIM800C_HTTP_POST\Output\Arduino_Zero__Native_USB_Port_\Debug/core\core.a(Uart.cpp.o)
                0x0000569c                Uart::begin(unsigned long)
 .text._ZN4Uart9availableEv
                0x000056ac        0x4 D:\SourceTree\Maduino_Zero_SIM800C\Maduino_Zero_SIM800C_HTTP_POST\Output\Arduino_Zero__Native_USB_Port_\Debug/core\core.a(Uart.cpp.o)
                0x000056ac                Uart::available()
 .text._ZN4Uart17availableForWriteEv
                0x000056b0        0xa D:\SourceTree\Maduino_Zero_SIM800C\Maduino_Zero_SIM800C_HTTP_POST\Output\Arduino_Zero__Native_USB_Port_\Debug/core\core.a(Uart.cpp.o)
                0x000056b0                Uart::availableForWrite()
 .text._ZN4Uart4peekEv
                0x000056ba       0x14 D:\SourceTree\Maduino_Zero_SIM800C\Maduino_Zero_SIM800C_HTTP_POST\Output\Arduino_Zero__Native_USB_Port_\Debug/core\core.a(Uart.cpp.o)
                0x000056ba                Uart::peek()
 .text._ZN4Uart3endEv
                0x000056ce       0x20 D:\SourceTree\Maduino_Zero_SIM800C\Maduino_Zero_SIM800C_HTTP_POST\Output\Arduino_Zero__Native_USB_Port_\Debug/core\core.a(Uart.cpp.o)
                0x000056ce                Uart::end()
 .text._ZN4Uart5flushEv
                0x000056ee       0x14 D:\SourceTree\Maduino_Zero_SIM800C\Maduino_Zero_SIM800C_HTTP_POST\Output\Arduino_Zero__Native_USB_Port_\Debug/core\core.a(Uart.cpp.o)
                0x000056ee                Uart::flush()
 .text._ZN4Uart16extractNbStopBitEt
                0x00005702        0xc D:\SourceTree\Maduino_Zero_SIM800C\Maduino_Zero_SIM800C_HTTP_POST\Output\Arduino_Zero__Native_USB_Port_\Debug/core\core.a(Uart.cpp.o)
                0x00005702                Uart::extractNbStopBit(unsigned short)
 .text._ZN4Uart15extractCharSizeEt
                0x0000570e       0x28 D:\SourceTree\Maduino_Zero_SIM800C\Maduino_Zero_SIM800C_HTTP_POST\Output\Arduino_Zero__Native_USB_Port_\Debug/core\core.a(Uart.cpp.o)
                0x0000570e                Uart::extractCharSize(unsigned short)
 .text._ZN4Uart13extractParityEt
                0x00005736       0x14 D:\SourceTree\Maduino_Zero_SIM800C\Maduino_Zero_SIM800C_HTTP_POST\Output\Arduino_Zero__Native_USB_Port_\Debug/core\core.a(Uart.cpp.o)
                0x00005736                Uart::extractParity(unsigned short)
 *fill*         0x0000574a        0x2 
 .text._ZN4Uart5beginEmt
                0x0000574c       0xf0 D:\SourceTree\Maduino_Zero_SIM800C\Maduino_Zero_SIM800C_HTTP_POST\Output\Arduino_Zero__Native_USB_Port_\Debug/core\core.a(Uart.cpp.o)
                0x0000574c                Uart::begin(unsigned long, unsigned short)
 .text._ZN7arduino11RingBufferNILi64EEC2Ev
                0x0000583c       0x18 D:\SourceTree\Maduino_Zero_SIM800C\Maduino_Zero_SIM800C_HTTP_POST\Output\Arduino_Zero__Native_USB_Port_\Debug/core\core.a(Uart.cpp.o)
                0x0000583c                arduino::RingBufferN<64>::RingBufferN()
                0x0000583c                arduino::RingBufferN<64>::RingBufferN()
 .text._ZN4UartC2EP6SERCOMhh11SercomRXPad15SercomUartTXPad
                0x00005854       0x5c D:\SourceTree\Maduino_Zero_SIM800C\Maduino_Zero_SIM800C_HTTP_POST\Output\Arduino_Zero__Native_USB_Port_\Debug/core\core.a(Uart.cpp.o)
                0x00005854                Uart::Uart(SERCOM*, unsigned char, unsigned char, SercomRXPad, SercomUartTXPad)
                0x00005854                Uart::Uart(SERCOM*, unsigned char, unsigned char, SercomRXPad, SercomUartTXPad)
 .text._ZN7arduino15SafeRingBufferNILi64EE10store_charEh
                0x000058b0       0x42 D:\SourceTree\Maduino_Zero_SIM800C\Maduino_Zero_SIM800C_HTTP_POST\Output\Arduino_Zero__Native_USB_Port_\Debug/core\core.a(Uart.cpp.o)
                0x000058b0                arduino::SafeRingBufferN<64>::store_char(unsigned char)
 .text._ZN7arduino15SafeRingBufferNILi64EE9read_charEv
                0x000058f2       0x4a D:\SourceTree\Maduino_Zero_SIM800C\Maduino_Zero_SIM800C_HTTP_POST\Output\Arduino_Zero__Native_USB_Port_\Debug/core\core.a(Uart.cpp.o)
                0x000058f2                arduino::SafeRingBufferN<64>::read_char()
 .text._ZN4Uart10IrqHandlerEv
                0x0000593c       0x9a D:\SourceTree\Maduino_Zero_SIM800C\Maduino_Zero_SIM800C_HTTP_POST\Output\Arduino_Zero__Native_USB_Port_\Debug/core\core.a(Uart.cpp.o)
                0x0000593c                Uart::IrqHandler()
 *fill*         0x000059d6        0x2 
 .text._ZN4Uart5writeEh
                0x000059d8       0x94 D:\SourceTree\Maduino_Zero_SIM800C\Maduino_Zero_SIM800C_HTTP_POST\Output\Arduino_Zero__Native_USB_Port_\Debug/core\core.a(Uart.cpp.o)
                0x000059d8                Uart::write(unsigned char)
 .text._ZN4Uart4readEv
                0x00005a6c       0x2c D:\SourceTree\Maduino_Zero_SIM800C\Maduino_Zero_SIM800C_HTTP_POST\Output\Arduino_Zero__Native_USB_Port_\Debug/core\core.a(Uart.cpp.o)
                0x00005a6c                Uart::read()
 .text._Z10randomSeedm
                0x00005a98        0xc D:\SourceTree\Maduino_Zero_SIM800C\Maduino_Zero_SIM800C_HTTP_POST\Output\Arduino_Zero__Native_USB_Port_\Debug/core\core.a(WMath.cpp.o)
                0x00005a98                randomSeed(unsigned long)
 .text._Z6randoml
                0x00005aa4       0x16 D:\SourceTree\Maduino_Zero_SIM800C\Maduino_Zero_SIM800C_HTTP_POST\Output\Arduino_Zero__Native_USB_Port_\Debug/core\core.a(WMath.cpp.o)
                0x00005aa4                random(long)
 .text._Z6randomll
                0x00005aba       0x14 D:\SourceTree\Maduino_Zero_SIM800C\Maduino_Zero_SIM800C_HTTP_POST\Output\Arduino_Zero__Native_USB_Port_\Debug/core\core.a(WMath.cpp.o)
                0x00005aba                random(long, long)
 .text._ZN7arduino13PluggableUSB_12getInterfaceEPh
                0x00005ace       0x28 D:\SourceTree\Maduino_Zero_SIM800C\Maduino_Zero_SIM800C_HTTP_POST\Output\Arduino_Zero__Native_USB_Port_\Debug/core\core.a(PluggableUSB.cpp.o)
                0x00005ace                arduino::PluggableUSB_::getInterface(unsigned char*)
 .text._ZN7arduino13PluggableUSB_13getDescriptorERNS_8USBSetupE
                0x00005af6       0x20 D:\SourceTree\Maduino_Zero_SIM800C\Maduino_Zero_SIM800C_HTTP_POST\Output\Arduino_Zero__Native_USB_Port_\Debug/core\core.a(PluggableUSB.cpp.o)
                0x00005af6                arduino::PluggableUSB_::getDescriptor(arduino::USBSetup&)
 .text._ZN7arduino13PluggableUSB_12getShortNameEPc
                0x00005b16       0x1e D:\SourceTree\Maduino_Zero_SIM800C\Maduino_Zero_SIM800C_HTTP_POST\Output\Arduino_Zero__Native_USB_Port_\Debug/core\core.a(PluggableUSB.cpp.o)
                0x00005b16                arduino::PluggableUSB_::getShortName(char*)
 .text._ZN7arduino13PluggableUSB_5setupERNS_8USBSetupE
                0x00005b34       0x20 D:\SourceTree\Maduino_Zero_SIM800C\Maduino_Zero_SIM800C_HTTP_POST\Output\Arduino_Zero__Native_USB_Port_\Debug/core\core.a(PluggableUSB.cpp.o)
                0x00005b34                arduino::PluggableUSB_::setup(arduino::USBSetup&)
 .text._ZN7arduino13PluggableUSB_4plugEPNS_18PluggableUSBModuleE
                0x00005b54       0x5c D:\SourceTree\Maduino_Zero_SIM800C\Maduino_Zero_SIM800C_HTTP_POST\Output\Arduino_Zero__Native_USB_Port_\Debug/core\core.a(PluggableUSB.cpp.o)
                0x00005b54                arduino::PluggableUSB_::plug(arduino::PluggableUSBModule*)
 .text._Z12PluggableUSBv
                0x00005bb0       0x24 D:\SourceTree\Maduino_Zero_SIM800C\Maduino_Zero_SIM800C_HTTP_POST\Output\Arduino_Zero__Native_USB_Port_\Debug/core\core.a(PluggableUSB.cpp.o)
                0x00005bb0                PluggableUSB()
 .text._ZN7arduino5Print5writeEPKhj
                0x00005bd4       0x28 D:\SourceTree\Maduino_Zero_SIM800C\Maduino_Zero_SIM800C_HTTP_POST\Output\Arduino_Zero__Native_USB_Port_\Debug/core\core.a(Print.cpp.o)
                0x00005bd4                arduino::Print::write(unsigned char const*, unsigned int)
 .text._ZN7arduino5Print5writeEPKc.part.2
                0x00005bfc       0x1a D:\SourceTree\Maduino_Zero_SIM800C\Maduino_Zero_SIM800C_HTTP_POST\Output\Arduino_Zero__Native_USB_Port_\Debug/core\core.a(Print.cpp.o)
 .text._ZN7arduino5Print5writeEPKc
                0x00005c16       0x10 D:\SourceTree\Maduino_Zero_SIM800C\Maduino_Zero_SIM800C_HTTP_POST\Output\Arduino_Zero__Native_USB_Port_\Debug/core\core.a(Print.cpp.o)
                0x00005c16                arduino::Print::write(char const*)
 .text._ZN7arduino5Print5printERKNS_6StringE
                0x00005c26        0xe D:\SourceTree\Maduino_Zero_SIM800C\Maduino_Zero_SIM800C_HTTP_POST\Output\Arduino_Zero__Native_USB_Port_\Debug/core\core.a(Print.cpp.o)
                0x00005c26                arduino::Print::print(arduino::String const&)
 .text._ZN7arduino5Print5printEPKc
                0x00005c34        0x8 D:\SourceTree\Maduino_Zero_SIM800C\Maduino_Zero_SIM800C_HTTP_POST\Output\Arduino_Zero__Native_USB_Port_\Debug/core\core.a(Print.cpp.o)
                0x00005c34                arduino::Print::print(char const*)
 .text._ZN7arduino5Print5printEc
                0x00005c3c        0xa D:\SourceTree\Maduino_Zero_SIM800C\Maduino_Zero_SIM800C_HTTP_POST\Output\Arduino_Zero__Native_USB_Port_\Debug/core\core.a(Print.cpp.o)
                0x00005c3c                arduino::Print::print(char)
 *fill*         0x00005c46        0x2 
 .text._ZN7arduino5Print7printlnEv
                0x00005c48       0x10 D:\SourceTree\Maduino_Zero_SIM800C\Maduino_Zero_SIM800C_HTTP_POST\Output\Arduino_Zero__Native_USB_Port_\Debug/core\core.a(Print.cpp.o)
                0x00005c48                arduino::Print::println()
 .text._ZN7arduino5Print7printlnERKNS_6StringE
                0x00005c58       0x14 D:\SourceTree\Maduino_Zero_SIM800C\Maduino_Zero_SIM800C_HTTP_POST\Output\Arduino_Zero__Native_USB_Port_\Debug/core\core.a(Print.cpp.o)
                0x00005c58                arduino::Print::println(arduino::String const&)
 .text._ZN7arduino5Print7printlnEPKc
                0x00005c6c       0x14 D:\SourceTree\Maduino_Zero_SIM800C\Maduino_Zero_SIM800C_HTTP_POST\Output\Arduino_Zero__Native_USB_Port_\Debug/core\core.a(Print.cpp.o)
                0x00005c6c                arduino::Print::println(char const*)
 .text._ZN7arduino5Print11printNumberEmh
                0x00005c80       0x48 D:\SourceTree\Maduino_Zero_SIM800C\Maduino_Zero_SIM800C_HTTP_POST\Output\Arduino_Zero__Native_USB_Port_\Debug/core\core.a(Print.cpp.o)
                0x00005c80                arduino::Print::printNumber(unsigned long, unsigned char)
 .text._ZN7arduino5Print10printFloatEdi
                0x00005cc8      0x170 D:\SourceTree\Maduino_Zero_SIM800C\Maduino_Zero_SIM800C_HTTP_POST\Output\Arduino_Zero__Native_USB_Port_\Debug/core\core.a(Print.cpp.o)
                0x00005cc8                arduino::Print::printFloat(double, int)
 .text._ZN7arduino5Print7printlnEdi
                0x00005e38       0x18 D:\SourceTree\Maduino_Zero_SIM800C\Maduino_Zero_SIM800C_HTTP_POST\Output\Arduino_Zero__Native_USB_Port_\Debug/core\core.a(Print.cpp.o)
                0x00005e38                arduino::Print::println(double, int)
 .text._ZN7arduino6Stream9timedReadEv
                0x00005e50       0x2a D:\SourceTree\Maduino_Zero_SIM800C\Maduino_Zero_SIM800C_HTTP_POST\Output\Arduino_Zero__Native_USB_Port_\Debug/core\core.a(Stream.cpp.o)
                0x00005e50                arduino::Stream::timedRead()
 *fill*         0x00005e7a        0x2 
 .text._ZN7arduino6Stream10readStringEv
                0x00005e7c       0x28 D:\SourceTree\Maduino_Zero_SIM800C\Maduino_Zero_SIM800C_HTTP_POST\Output\Arduino_Zero__Native_USB_Port_\Debug/core\core.a(Stream.cpp.o)
                0x00005e7c                arduino::Stream::readString()
 .text._ZN7arduino6Stream9findMultiEPNS0_11MultiTargetEi
                0x00005ea4       0xb0 D:\SourceTree\Maduino_Zero_SIM800C\Maduino_Zero_SIM800C_HTTP_POST\Output\Arduino_Zero__Native_USB_Port_\Debug/core\core.a(Stream.cpp.o)
                0x00005ea4                arduino::Stream::findMulti(arduino::Stream::MultiTarget*, int)
 .text._ZN7arduino6Stream4findEPKc
                0x00005f54       0x2a D:\SourceTree\Maduino_Zero_SIM800C\Maduino_Zero_SIM800C_HTTP_POST\Output\Arduino_Zero__Native_USB_Port_\Debug/core\core.a(Stream.cpp.o)
                0x00005f54                arduino::Stream::find(char const*)
 .text._ZN7arduino6StringD2Ev
                0x00005f7e       0x12 D:\SourceTree\Maduino_Zero_SIM800C\Maduino_Zero_SIM800C_HTTP_POST\Output\Arduino_Zero__Native_USB_Port_\Debug/core\core.a(String.cpp.o)
                0x00005f7e                arduino::String::~String()
                0x00005f7e                arduino::String::~String()
 .text._ZN7arduino6String10invalidateEv
                0x00005f90       0x18 D:\SourceTree\Maduino_Zero_SIM800C\Maduino_Zero_SIM800C_HTTP_POST\Output\Arduino_Zero__Native_USB_Port_\Debug/core\core.a(String.cpp.o)
                0x00005f90                arduino::String::invalidate()
 .text._ZN7arduino6String12changeBufferEj
                0x00005fa8       0x18 D:\SourceTree\Maduino_Zero_SIM800C\Maduino_Zero_SIM800C_HTTP_POST\Output\Arduino_Zero__Native_USB_Port_\Debug/core\core.a(String.cpp.o)
                0x00005fa8                arduino::String::changeBuffer(unsigned int)
 .text._ZN7arduino6String7reserveEj
                0x00005fc0       0x2a D:\SourceTree\Maduino_Zero_SIM800C\Maduino_Zero_SIM800C_HTTP_POST\Output\Arduino_Zero__Native_USB_Port_\Debug/core\core.a(String.cpp.o)
                0x00005fc0                arduino::String::reserve(unsigned int)
 .text._ZN7arduino6String4copyEPKcj
                0x00005fea       0x28 D:\SourceTree\Maduino_Zero_SIM800C\Maduino_Zero_SIM800C_HTTP_POST\Output\Arduino_Zero__Native_USB_Port_\Debug/core\core.a(String.cpp.o)
                0x00005fea                arduino::String::copy(char const*, unsigned int)
 .text._ZN7arduino6StringC2EPKc
                0x00006012       0x26 D:\SourceTree\Maduino_Zero_SIM800C\Maduino_Zero_SIM800C_HTTP_POST\Output\Arduino_Zero__Native_USB_Port_\Debug/core\core.a(String.cpp.o)
                0x00006012                arduino::String::String(char const*)
                0x00006012                arduino::String::String(char const*)
 .text._ZN7arduino6StringaSEPKc.part.3
                0x00006038       0x18 D:\SourceTree\Maduino_Zero_SIM800C\Maduino_Zero_SIM800C_HTTP_POST\Output\Arduino_Zero__Native_USB_Port_\Debug/core\core.a(String.cpp.o)
 .text._ZN7arduino6StringC2Emh
                0x00006050       0x24 D:\SourceTree\Maduino_Zero_SIM800C\Maduino_Zero_SIM800C_HTTP_POST\Output\Arduino_Zero__Native_USB_Port_\Debug/core\core.a(String.cpp.o)
                0x00006050                arduino::String::String(unsigned long, unsigned char)
                0x00006050                arduino::String::String(unsigned long, unsigned char)
 .text._ZN7arduino6StringaSERKS0_
                0x00006074       0x20 D:\SourceTree\Maduino_Zero_SIM800C\Maduino_Zero_SIM800C_HTTP_POST\Output\Arduino_Zero__Native_USB_Port_\Debug/core\core.a(String.cpp.o)
                0x00006074                arduino::String::operator=(arduino::String const&)
 .text._ZN7arduino6StringC2ERKS0_
                0x00006094       0x14 D:\SourceTree\Maduino_Zero_SIM800C\Maduino_Zero_SIM800C_HTTP_POST\Output\Arduino_Zero__Native_USB_Port_\Debug/core\core.a(String.cpp.o)
                0x00006094                arduino::String::String(arduino::String const&)
                0x00006094                arduino::String::String(arduino::String const&)
 .text._ZN7arduino6StringaSEPKc
                0x000060a8       0x16 D:\SourceTree\Maduino_Zero_SIM800C\Maduino_Zero_SIM800C_HTTP_POST\Output\Arduino_Zero__Native_USB_Port_\Debug/core\core.a(String.cpp.o)
                0x000060a8                arduino::String::operator=(char const*)
 .text._ZN7arduino6StringC2Efh
                0x000060be       0x3c D:\SourceTree\Maduino_Zero_SIM800C\Maduino_Zero_SIM800C_HTTP_POST\Output\Arduino_Zero__Native_USB_Port_\Debug/core\core.a(String.cpp.o)
                0x000060be                arduino::String::String(float, unsigned char)
                0x000060be                arduino::String::String(float, unsigned char)
 .text._ZN7arduino6String6concatEPKcj
                0x000060fa       0x32 D:\SourceTree\Maduino_Zero_SIM800C\Maduino_Zero_SIM800C_HTTP_POST\Output\Arduino_Zero__Native_USB_Port_\Debug/core\core.a(String.cpp.o)
                0x000060fa                arduino::String::concat(char const*, unsigned int)
 .text._ZN7arduino6String6concatERKS0_
                0x0000612c        0xc D:\SourceTree\Maduino_Zero_SIM800C\Maduino_Zero_SIM800C_HTTP_POST\Output\Arduino_Zero__Native_USB_Port_\Debug/core\core.a(String.cpp.o)
                0x0000612c                arduino::String::concat(arduino::String const&)
 .text._ZN7arduino6String6concatEPKc
                0x00006138       0x1e D:\SourceTree\Maduino_Zero_SIM800C\Maduino_Zero_SIM800C_HTTP_POST\Output\Arduino_Zero__Native_USB_Port_\Debug/core\core.a(String.cpp.o)
                0x00006138                arduino::String::concat(char const*)
 .text._ZN7arduino6String6concatEc
                0x00006156       0x14 D:\SourceTree\Maduino_Zero_SIM800C\Maduino_Zero_SIM800C_HTTP_POST\Output\Arduino_Zero__Native_USB_Port_\Debug/core\core.a(String.cpp.o)
                0x00006156                arduino::String::concat(char)
 .text._ZN7arduinoplERKNS_15StringSumHelperERKNS_6StringE
                0x0000616a       0x1a D:\SourceTree\Maduino_Zero_SIM800C\Maduino_Zero_SIM800C_HTTP_POST\Output\Arduino_Zero__Native_USB_Port_\Debug/core\core.a(String.cpp.o)
                0x0000616a                arduino::operator+(arduino::StringSumHelper const&, arduino::String const&)
 .text._ZN7arduinoplERKNS_15StringSumHelperEPKc
                0x00006184       0x28 D:\SourceTree\Maduino_Zero_SIM800C\Maduino_Zero_SIM800C_HTTP_POST\Output\Arduino_Zero__Native_USB_Port_\Debug/core\core.a(String.cpp.o)
                0x00006184                arduino::operator+(arduino::StringSumHelper const&, char const*)
 .text._ZNK7arduino6String6equalsEPKc
                0x000061ac       0x28 D:\SourceTree\Maduino_Zero_SIM800C\Maduino_Zero_SIM800C_HTTP_POST\Output\Arduino_Zero__Native_USB_Port_\Debug/core\core.a(String.cpp.o)
                0x000061ac                arduino::String::equals(char const*) const
 .text._ZNK7arduino6String7indexOfERKS0_j
                0x000061d4       0x20 D:\SourceTree\Maduino_Zero_SIM800C\Maduino_Zero_SIM800C_HTTP_POST\Output\Arduino_Zero__Native_USB_Port_\Debug/core\core.a(String.cpp.o)
                0x000061d4                arduino::String::indexOf(arduino::String const&, unsigned int) const
 .text._ZNK7arduino6String7indexOfERKS0_
                0x000061f4        0xa D:\SourceTree\Maduino_Zero_SIM800C\Maduino_Zero_SIM800C_HTTP_POST\Output\Arduino_Zero__Native_USB_Port_\Debug/core\core.a(String.cpp.o)
                0x000061f4                arduino::String::indexOf(arduino::String const&) const
 .text._ZNK7arduino6String11lastIndexOfERKS0_j
                0x000061fe       0x4c D:\SourceTree\Maduino_Zero_SIM800C\Maduino_Zero_SIM800C_HTTP_POST\Output\Arduino_Zero__Native_USB_Port_\Debug/core\core.a(String.cpp.o)
                0x000061fe                arduino::String::lastIndexOf(arduino::String const&, unsigned int) const
 .text._ZN7arduino6String7replaceERKS0_S2_
                0x0000624a      0x128 D:\SourceTree\Maduino_Zero_SIM800C\Maduino_Zero_SIM800C_HTTP_POST\Output\Arduino_Zero__Native_USB_Port_\Debug/core\core.a(String.cpp.o)
                0x0000624a                arduino::String::replace(arduino::String const&, arduino::String const&)
 .text.initVariant
                0x00006372        0x2 D:\SourceTree\Maduino_Zero_SIM800C\Maduino_Zero_SIM800C_HTTP_POST\Output\Arduino_Zero__Native_USB_Port_\Debug/core\core.a(main.cpp.o)
                0x00006372                initVariant
 .text.startup.main
                0x00006374       0x40 D:\SourceTree\Maduino_Zero_SIM800C\Maduino_Zero_SIM800C_HTTP_POST\Output\Arduino_Zero__Native_USB_Port_\Debug/core\core.a(main.cpp.o)
                0x00006374                main
 .text._Znwj    0x000063b4        0x8 D:\SourceTree\Maduino_Zero_SIM800C\Maduino_Zero_SIM800C_HTTP_POST\Output\Arduino_Zero__Native_USB_Port_\Debug/core\core.a(new.cpp.o)
                0x000063b4                operator new(unsigned int)
 .text._Znaj    0x000063bc        0x8 D:\SourceTree\Maduino_Zero_SIM800C\Maduino_Zero_SIM800C_HTTP_POST\Output\Arduino_Zero__Native_USB_Port_\Debug/core\core.a(new.cpp.o)
                0x000063bc                operator new[](unsigned int)
 .text._ZdlPv   0x000063c4        0x8 D:\SourceTree\Maduino_Zero_SIM800C\Maduino_Zero_SIM800C_HTTP_POST\Output\Arduino_Zero__Native_USB_Port_\Debug/core\core.a(new.cpp.o)
                0x000063c4                operator delete(void*)
 .text.dtostrf  0x000063cc       0x28 D:\SourceTree\Maduino_Zero_SIM800C\Maduino_Zero_SIM800C_HTTP_POST\Output\Arduino_Zero__Native_USB_Port_\Debug/core\core.a(dtostrf.c.o)
                0x000063cc                dtostrf
 .text.ultoa    0x000063f4       0x56 D:\SourceTree\Maduino_Zero_SIM800C\Maduino_Zero_SIM800C_HTTP_POST\Output\Arduino_Zero__Native_USB_Port_\Debug/core\core.a(itoa.c.o)
                0x000063f4                ultoa
 .text.__aeabi_atexit
                0x0000644a        0xe c:/users/adam/appdata/local/arduino15/packages/arduino/tools/arm-none-eabi-gcc/7-2017q4/bin/../lib/gcc/arm-none-eabi/7.2.1/../../../../arm-none-eabi/lib/thumb/v6-m\libstdc++_nano.a(atexit_arm.o)
                0x0000644a                __aeabi_atexit
 .text          0x00006458       0x14 c:/users/adam/appdata/local/arduino15/packages/arduino/tools/arm-none-eabi-gcc/7-2017q4/bin/../lib/gcc/arm-none-eabi/7.2.1/thumb/v6-m\libgcc.a(_thumb1_case_uqi.o)
                0x00006458                __gnu_thumb1_case_uqi
 .text          0x0000646c      0x114 c:/users/adam/appdata/local/arduino15/packages/arduino/tools/arm-none-eabi-gcc/7-2017q4/bin/../lib/gcc/arm-none-eabi/7.2.1/thumb/v6-m\libgcc.a(_udivsi3.o)
                0x0000646c                __aeabi_uidiv
                0x0000646c                __udivsi3
                0x00006578                __aeabi_uidivmod
 .text          0x00006580      0x1d4 c:/users/adam/appdata/local/arduino15/packages/arduino/tools/arm-none-eabi-gcc/7-2017q4/bin/../lib/gcc/arm-none-eabi/7.2.1/thumb/v6-m\libgcc.a(_divsi3.o)
                0x00006580                __divsi3
                0x00006580                __aeabi_idiv
                0x0000674c                __aeabi_idivmod
 .text          0x00006754        0x4 c:/users/adam/appdata/local/arduino15/packages/arduino/tools/arm-none-eabi-gcc/7-2017q4/bin/../lib/gcc/arm-none-eabi/7.2.1/thumb/v6-m\libgcc.a(_dvmd_tls.o)
                0x00006754                __aeabi_idiv0
                0x00006754                __aeabi_ldiv0
 .text          0x00006758       0x7c c:/users/adam/appdata/local/arduino15/packages/arduino/tools/arm-none-eabi-gcc/7-2017q4/bin/../lib/gcc/arm-none-eabi/7.2.1/thumb/v6-m\libgcc.a(_arm_cmpdf2.o)
                0x00006758                __aeabi_cdrcmple
                0x00006768                __aeabi_cdcmple
                0x00006768                __aeabi_cdcmpeq
                0x00006778                __aeabi_dcmpeq
                0x00006784                __aeabi_dcmplt
                0x00006798                __aeabi_dcmple
                0x000067ac                __aeabi_dcmpgt
                0x000067c0                __aeabi_dcmpge
 .text          0x000067d4       0x3c c:/users/adam/appdata/local/arduino15/packages/arduino/tools/arm-none-eabi-gcc/7-2017q4/bin/../lib/gcc/arm-none-eabi/7.2.1/thumb/v6-m\libgcc.a(_fixunsdfsi.o)
                0x000067d4                __aeabi_d2uiz
                0x000067d4                __fixunsdfsi
 .text          0x00006810       0x94 c:/users/adam/appdata/local/arduino15/packages/arduino/tools/arm-none-eabi-gcc/7-2017q4/bin/../lib/gcc/arm-none-eabi/7.2.1/thumb/v6-m\libgcc.a(floatsisf.o)
                0x00006810                __aeabi_i2f
 .text          0x000068a4      0x638 c:/users/adam/appdata/local/arduino15/packages/arduino/tools/arm-none-eabi-gcc/7-2017q4/bin/../lib/gcc/arm-none-eabi/7.2.1/thumb/v6-m\libgcc.a(adddf3.o)
                0x000068a4                __aeabi_dadd
 .text          0x00006edc      0x604 c:/users/adam/appdata/local/arduino15/packages/arduino/tools/arm-none-eabi-gcc/7-2017q4/bin/../lib/gcc/arm-none-eabi/7.2.1/thumb/v6-m\libgcc.a(divdf3.o)
                0x00006edc                __aeabi_ddiv
 .text          0x000074e0       0x78 c:/users/adam/appdata/local/arduino15/packages/arduino/tools/arm-none-eabi-gcc/7-2017q4/bin/../lib/gcc/arm-none-eabi/7.2.1/thumb/v6-m\libgcc.a(eqdf2.o)
                0x000074e0                __nedf2
                0x000074e0                __eqdf2
 .text          0x00007558       0xc8 c:/users/adam/appdata/local/arduino15/packages/arduino/tools/arm-none-eabi-gcc/7-2017q4/bin/../lib/gcc/arm-none-eabi/7.2.1/thumb/v6-m\libgcc.a(gedf2.o)
                0x00007558                __gedf2
                0x00007558                __gtdf2
 .text          0x00007620       0xd0 c:/users/adam/appdata/local/arduino15/packages/arduino/tools/arm-none-eabi-gcc/7-2017q4/bin/../lib/gcc/arm-none-eabi/7.2.1/thumb/v6-m\libgcc.a(ledf2.o)
                0x00007620                __ledf2
                0x00007620                __ltdf2
 .text          0x000076f0      0x4e4 c:/users/adam/appdata/local/arduino15/packages/arduino/tools/arm-none-eabi-gcc/7-2017q4/bin/../lib/gcc/arm-none-eabi/7.2.1/thumb/v6-m\libgcc.a(muldf3.o)
                0x000076f0                __aeabi_dmul
 .text          0x00007bd4      0x690 c:/users/adam/appdata/local/arduino15/packages/arduino/tools/arm-none-eabi-gcc/7-2017q4/bin/../lib/gcc/arm-none-eabi/7.2.1/thumb/v6-m\libgcc.a(subdf3.o)
                0x00007bd4                __aeabi_dsub
 .text          0x00008264       0x38 c:/users/adam/appdata/local/arduino15/packages/arduino/tools/arm-none-eabi-gcc/7-2017q4/bin/../lib/gcc/arm-none-eabi/7.2.1/thumb/v6-m\libgcc.a(unorddf2.o)
                0x00008264                __aeabi_dcmpun
 .text          0x0000829c       0x6c c:/users/adam/appdata/local/arduino15/packages/arduino/tools/arm-none-eabi-gcc/7-2017q4/bin/../lib/gcc/arm-none-eabi/7.2.1/thumb/v6-m\libgcc.a(fixdfsi.o)
                0x0000829c                __aeabi_d2iz
 .text          0x00008308       0x64 c:/users/adam/appdata/local/arduino15/packages/arduino/tools/arm-none-eabi-gcc/7-2017q4/bin/../lib/gcc/arm-none-eabi/7.2.1/thumb/v6-m\libgcc.a(floatunsidf.o)
                0x00008308                __aeabi_ui2d
 .text          0x0000836c       0xa4 c:/users/adam/appdata/local/arduino15/packages/arduino/tools/arm-none-eabi-gcc/7-2017q4/bin/../lib/gcc/arm-none-eabi/7.2.1/thumb/v6-m\libgcc.a(extendsfdf2.o)
                0x0000836c                __aeabi_f2d
 .text          0x00008410       0x3c c:/users/adam/appdata/local/arduino15/packages/arduino/tools/arm-none-eabi-gcc/7-2017q4/bin/../lib/gcc/arm-none-eabi/7.2.1/thumb/v6-m\libgcc.a(_clzsi2.o)
                0x00008410                __clzsi2
 .text.__cxa_atexit
                0x0000844c       0x1c c:/users/adam/appdata/local/arduino15/packages/arduino/tools/arm-none-eabi-gcc/7-2017q4/bin/../lib/gcc/arm-none-eabi/7.2.1/../../../../arm-none-eabi/lib/thumb/v6-m\libc_nano.a(lib_a-cxa_atexit.o)
                0x0000844c                __cxa_atexit
 .text.__libc_init_array
                0x00008468       0x48 c:/users/adam/appdata/local/arduino15/packages/arduino/tools/arm-none-eabi-gcc/7-2017q4/bin/../lib/gcc/arm-none-eabi/7.2.1/../../../../arm-none-eabi/lib/thumb/v6-m\libc_nano.a(lib_a-init.o)
                0x00008468                __libc_init_array
 .text.malloc   0x000084b0       0x14 c:/users/adam/appdata/local/arduino15/packages/arduino/tools/arm-none-eabi-gcc/7-2017q4/bin/../lib/gcc/arm-none-eabi/7.2.1/../../../../arm-none-eabi/lib/thumb/v6-m\libc_nano.a(lib_a-malloc.o)
                0x000084b0                malloc
 .text.free     0x000084c4       0x14 c:/users/adam/appdata/local/arduino15/packages/arduino/tools/arm-none-eabi-gcc/7-2017q4/bin/../lib/gcc/arm-none-eabi/7.2.1/../../../../arm-none-eabi/lib/thumb/v6-m\libc_nano.a(lib_a-malloc.o)
                0x000084c4                free
 .text.__ascii_mbtowc
                0x000084d8       0x24 c:/users/adam/appdata/local/arduino15/packages/arduino/tools/arm-none-eabi-gcc/7-2017q4/bin/../lib/gcc/arm-none-eabi/7.2.1/../../../../arm-none-eabi/lib/thumb/v6-m\libc_nano.a(lib_a-mbtowc_r.o)
                0x000084d8                __ascii_mbtowc
 .text.memcpy   0x000084fc       0x12 c:/users/adam/appdata/local/arduino15/packages/arduino/tools/arm-none-eabi-gcc/7-2017q4/bin/../lib/gcc/arm-none-eabi/7.2.1/../../../../arm-none-eabi/lib/thumb/v6-m\libc_nano.a(lib_a-memcpy-stub.o)
                0x000084fc                memcpy
 .text.memmove  0x0000850e       0x26 c:/users/adam/appdata/local/arduino15/packages/arduino/tools/arm-none-eabi-gcc/7-2017q4/bin/../lib/gcc/arm-none-eabi/7.2.1/../../../../arm-none-eabi/lib/thumb/v6-m\libc_nano.a(lib_a-memmove.o)
                0x0000850e                memmove
 .text.memset   0x00008534       0x10 c:/users/adam/appdata/local/arduino15/packages/arduino/tools/arm-none-eabi-gcc/7-2017q4/bin/../lib/gcc/arm-none-eabi/7.2.1/../../../../arm-none-eabi/lib/thumb/v6-m\libc_nano.a(lib_a-memset.o)
                0x00008534                memset
 .text._free_r  0x00008544       0x94 c:/users/adam/appdata/local/arduino15/packages/arduino/tools/arm-none-eabi-gcc/7-2017q4/bin/../lib/gcc/arm-none-eabi/7.2.1/../../../../arm-none-eabi/lib/thumb/v6-m\libc_nano.a(lib_a-nano-freer.o)
                0x00008544                _free_r
 .text._malloc_r
                0x000085d8       0xbc c:/users/adam/appdata/local/arduino15/packages/arduino/tools/arm-none-eabi-gcc/7-2017q4/bin/../lib/gcc/arm-none-eabi/7.2.1/../../../../arm-none-eabi/lib/thumb/v6-m\libc_nano.a(lib_a-nano-mallocr.o)
                0x000085d8                _malloc_r
 .text.__cvt    0x00008694       0xc8 c:/users/adam/appdata/local/arduino15/packages/arduino/tools/arm-none-eabi-gcc/7-2017q4/bin/../lib/gcc/arm-none-eabi/7.2.1/../../../../arm-none-eabi/lib/thumb/v6-m\libc_nano.a(lib_a-nano-vfprintf_float.o)
                0x00008694                __cvt
 .text.__exponent
                0x0000875c       0x70 c:/users/adam/appdata/local/arduino15/packages/arduino/tools/arm-none-eabi-gcc/7-2017q4/bin/../lib/gcc/arm-none-eabi/7.2.1/../../../../arm-none-eabi/lib/thumb/v6-m\libc_nano.a(lib_a-nano-vfprintf_float.o)
                0x0000875c                __exponent
 .text._printf_float
                0x000087cc      0x498 c:/users/adam/appdata/local/arduino15/packages/arduino/tools/arm-none-eabi-gcc/7-2017q4/bin/../lib/gcc/arm-none-eabi/7.2.1/../../../../arm-none-eabi/lib/thumb/v6-m\libc_nano.a(lib_a-nano-vfprintf_float.o)
                0x000087cc                _printf_float
 .text._printf_common
                0x00008c64       0xda c:/users/adam/appdata/local/arduino15/packages/arduino/tools/arm-none-eabi-gcc/7-2017q4/bin/../lib/gcc/arm-none-eabi/7.2.1/../../../../arm-none-eabi/lib/thumb/v6-m\libc_nano.a(lib_a-nano-vfprintf_i.o)
                0x00008c64                _printf_common
 *fill*         0x00008d3e        0x2 
 .text._printf_i
                0x00008d40      0x210 c:/users/adam/appdata/local/arduino15/packages/arduino/tools/arm-none-eabi-gcc/7-2017q4/bin/../lib/gcc/arm-none-eabi/7.2.1/../../../../arm-none-eabi/lib/thumb/v6-m\libc_nano.a(lib_a-nano-vfprintf_i.o)
                0x00008d40                _printf_i
 .text.srand    0x00008f50       0x48 c:/users/adam/appdata/local/arduino15/packages/arduino/tools/arm-none-eabi-gcc/7-2017q4/bin/../lib/gcc/arm-none-eabi/7.2.1/../../../../arm-none-eabi/lib/thumb/v6-m\libc_nano.a(lib_a-rand.o)
                0x00008f50                srand
 .text.rand     0x00008f98       0x64 c:/users/adam/appdata/local/arduino15/packages/arduino/tools/arm-none-eabi-gcc/7-2017q4/bin/../lib/gcc/arm-none-eabi/7.2.1/../../../../arm-none-eabi/lib/thumb/v6-m\libc_nano.a(lib_a-rand.o)
                0x00008f98                rand
 .text.realloc  0x00008ffc       0x14 c:/users/adam/appdata/local/arduino15/packages/arduino/tools/arm-none-eabi-gcc/7-2017q4/bin/../lib/gcc/arm-none-eabi/7.2.1/../../../../arm-none-eabi/lib/thumb/v6-m\libc_nano.a(lib_a-realloc.o)
                0x00008ffc                realloc
 .text._sbrk_r  0x00009010       0x24 c:/users/adam/appdata/local/arduino15/packages/arduino/tools/arm-none-eabi-gcc/7-2017q4/bin/../lib/gcc/arm-none-eabi/7.2.1/../../../../arm-none-eabi/lib/thumb/v6-m\libc_nano.a(lib_a-sbrkr.o)
                0x00009010                _sbrk_r
 .text.sprintf  0x00009034       0x40 c:/users/adam/appdata/local/arduino15/packages/arduino/tools/arm-none-eabi-gcc/7-2017q4/bin/../lib/gcc/arm-none-eabi/7.2.1/../../../../arm-none-eabi/lib/thumb/v6-m\libc_nano.a(lib_a-sprintf.o)
                0x00009034                siprintf
                0x00009034                sprintf
 .text          0x00009074       0x14 c:/users/adam/appdata/local/arduino15/packages/arduino/tools/arm-none-eabi-gcc/7-2017q4/bin/../lib/gcc/arm-none-eabi/7.2.1/../../../../arm-none-eabi/lib/thumb/v6-m\libc_nano.a(lib_a-strcmp.o)
                0x00009074                strcmp
 .text.strcpy   0x00009088       0x10 c:/users/adam/appdata/local/arduino15/packages/arduino/tools/arm-none-eabi-gcc/7-2017q4/bin/../lib/gcc/arm-none-eabi/7.2.1/../../../../arm-none-eabi/lib/thumb/v6-m\libc_nano.a(lib_a-strcpy.o)
                0x00009088                strcpy
 .text          0x00009098        0xe c:/users/adam/appdata/local/arduino15/packages/arduino/tools/arm-none-eabi-gcc/7-2017q4/bin/../lib/gcc/arm-none-eabi/7.2.1/../../../../arm-none-eabi/lib/thumb/v6-m\libc_nano.a(lib_a-strlen.o)
                0x00009098                strlen
 .text.strstr   0x000090a6       0x32 c:/users/adam/appdata/local/arduino15/packages/arduino/tools/arm-none-eabi-gcc/7-2017q4/bin/../lib/gcc/arm-none-eabi/7.2.1/../../../../arm-none-eabi/lib/thumb/v6-m\libc_nano.a(lib_a-strstr.o)
                0x000090a6                strstr
 .text.strtok   0x000090d8       0x50 c:/users/adam/appdata/local/arduino15/packages/arduino/tools/arm-none-eabi-gcc/7-2017q4/bin/../lib/gcc/arm-none-eabi/7.2.1/../../../../arm-none-eabi/lib/thumb/v6-m\libc_nano.a(lib_a-strtok.o)
                0x000090d8                strtok
 .text.__strtok_r
                0x00009128       0x5a c:/users/adam/appdata/local/arduino15/packages/arduino/tools/arm-none-eabi-gcc/7-2017q4/bin/../lib/gcc/arm-none-eabi/7.2.1/../../../../arm-none-eabi/lib/thumb/v6-m\libc_nano.a(lib_a-strtok_r.o)
                0x00009128                __strtok_r
 .text.__ascii_wctomb
                0x00009182       0x18 c:/users/adam/appdata/local/arduino15/packages/arduino/tools/arm-none-eabi-gcc/7-2017q4/bin/../lib/gcc/arm-none-eabi/7.2.1/../../../../arm-none-eabi/lib/thumb/v6-m\libc_nano.a(lib_a-wctomb_r.o)
                0x00009182                __ascii_wctomb
 .text.quorem   0x0000919a      0x10c c:/users/adam/appdata/local/arduino15/packages/arduino/tools/arm-none-eabi-gcc/7-2017q4/bin/../lib/gcc/arm-none-eabi/7.2.1/../../../../arm-none-eabi/lib/thumb/v6-m\libc_nano.a(lib_a-dtoa.o)
 *fill*         0x000092a6        0x2 
 .text._dtoa_r  0x000092a8      0xbc0 c:/users/adam/appdata/local/arduino15/packages/arduino/tools/arm-none-eabi-gcc/7-2017q4/bin/../lib/gcc/arm-none-eabi/7.2.1/../../../../arm-none-eabi/lib/thumb/v6-m\libc_nano.a(lib_a-dtoa.o)
                0x000092a8                _dtoa_r
 .text._localeconv_r
                0x00009e68       0x18 c:/users/adam/appdata/local/arduino15/packages/arduino/tools/arm-none-eabi-gcc/7-2017q4/bin/../lib/gcc/arm-none-eabi/7.2.1/../../../../arm-none-eabi/lib/thumb/v6-m\libc_nano.a(lib_a-localeconv.o)
                0x00009e68                _localeconv_r
 .text.memchr   0x00009e80       0x16 c:/users/adam/appdata/local/arduino15/packages/arduino/tools/arm-none-eabi-gcc/7-2017q4/bin/../lib/gcc/arm-none-eabi/7.2.1/../../../../arm-none-eabi/lib/thumb/v6-m\libc_nano.a(lib_a-memchr-stub.o)
                0x00009e80                memchr
 .text.__malloc_lock
                0x00009e96        0x2 c:/users/adam/appdata/local/arduino15/packages/arduino/tools/arm-none-eabi-gcc/7-2017q4/bin/../lib/gcc/arm-none-eabi/7.2.1/../../../../arm-none-eabi/lib/thumb/v6-m\libc_nano.a(lib_a-mlock.o)
                0x00009e96                __malloc_lock
 .text.__malloc_unlock
                0x00009e98        0x2 c:/users/adam/appdata/local/arduino15/packages/arduino/tools/arm-none-eabi-gcc/7-2017q4/bin/../lib/gcc/arm-none-eabi/7.2.1/../../../../arm-none-eabi/lib/thumb/v6-m\libc_nano.a(lib_a-mlock.o)
                0x00009e98                __malloc_unlock